*** Using Compiler 'V5.06 update 7 (build 960)', folder: 'C:\Keil_v5\ARM\ARMCC\Bin'
Rebuild target 'Target 1'
assembling startup_stm32f0xx.s...
compiling EEPROM.c...
compiling system_stm32f0xx.c...
compiling DataDeal.c...
compiling stm32f0xx_it.c...
compiling Fault.c...
compiling ChargerLoadFunc.c...
compiling main.c...
Code\Source\main.c(95): warning:  #188-D: enumerated type mixed with another type
  		GPIO_WriteBit(GPIO_RES_EN, PIN_RES_EN, 1);
Code\Source\main.c(101): warning:  #188-D: enumerated type mixed with another type
  		GPIO_WriteBit(GPIO_RES_EN, PIN_RES_EN, 0);
Code\Source\main.c: 2 warnings, 0 errors
compiling Cell_balance.c...
Code\Source\Cell_balance.c(26): warning:  #1-D: last line of file ends without a newline
  }
Code\Source\Cell_balance.c: 1 warning, 0 errors
compiling Heat_Cool.c...
Code\Source\Heat_Cool.c(107): warning:  #1182-D: a declaration cannot have a label
  		static uint8_t cnt_30s = 0;
Code\Source\Heat_Cool.c(117): warning:  #1182-D: a declaration cannot have a label
  		static uint16_t cnt_1h = 0;
Code\Source\Heat_Cool.c(12): warning:  #177-D: variable "heat_Count"  was declared but never referenced
  	static uint16_t heat_Count = 0;
Code\Source\Heat_Cool.c(13): warning:  #177-D: variable "closeChgMosCount"  was declared but never referenced
  	static UINT16 closeChgMosCount = 0;
Code\Source\Heat_Cool.c: 4 warnings, 0 errors
compiling Flash.c...
compiling ADC.c...
compiling LogRecord.c...
compiling ProductionID.c...
compiling I2C_AFE1.c...
compiling PubFunc.c...
compiling RTC.c...
compiling modbus_rtu_parser.c...
compiling modbus_service.c...
compiling Sci_Upper.c...
Code\Source\Sci_Upper.c(353): warning:  #177-D: variable "u16SciTemp"  was declared but never referenced
  	UINT16 u16SciTemp;
Code\Source\Sci_Upper.c(354): warning:  #177-D: variable "j"  was declared but never referenced
  	UINT16 i, j;
Code\Source\Sci_Upper.c(355): warning:  #177-D: variable "k"  was declared but never referenced
  	INT8 k, x;
Code\Source\Sci_Upper.c(355): warning:  #177-D: variable "x"  was declared but never referenced
  	INT8 k, x;
Code\Source\Sci_Upper.c(69): warning:  #177-D: function "Sci_FillDisplaySummary"  was declared but never referenced
  static UINT16 Sci_FillDisplaySummary(UINT8 *dst, UINT16 idx)
Code\Source\Sci_Upper.c: 5 warnings, 0 errors
compiling bms_comm_data_adapter.c...
compiling Comm.c...
Code\Source\Comm.c(491): warning:  #188-D: enumerated type mixed with another type
          TRANS_EN_485();
Code\Source\Comm.c(499): warning:  #188-D: enumerated type mixed with another type
          RECV_EN_485();
Code\Source\Comm.c: 2 warnings, 0 errors
compiling ascii_slave.c...
Code\Source\ascii_slave.c(468): warning:  #111-D: statement is unreachable
          break;
Code\Source\ascii_slave.c(193): warning:  #177-D: function "Ascii_BuildBaseInfo"  was declared but never referenced
  static uint16_t Ascii_BuildBaseInfo(uint8_t *tx_buf)
Code\Source\ascii_slave.c: 2 warnings, 0 errors
compiling SH367309_DataDeal.c...
Code\Source\SH367309_DataDeal.c(230): warning:  #940-D: missing return statement at end of non-void function "Sci_WrRegs_0x10_AFE_Parameters" 
  }
Code\Source\SH367309_DataDeal.c: 1 warning, 0 errors
compiling SH367309_Func.c...
compiling IO_Control.c...
Code\Source\IO_Control.c(251): warning:  #188-D: enumerated type mixed with another type
  		GPIO_WriteBit(GPIOF, GPIO_Pin_7, 1);
Code\Source\IO_Control.c(253): warning:  #188-D: enumerated type mixed with another type
  		GPIO_WriteBit(GPIOF, GPIO_Pin_7, 0);
Code\Source\IO_Control.c(341): warning:  #1-D: last line of file ends without a newline
  }
Code\Source\IO_Control.c: 3 warnings, 0 errors
compiling System_Init.c...
Code\Source\System_Init.c(52): warning:  #188-D: enumerated type mixed with another type
  		GPIO_WriteBit(GPIO_M_STB, PIN_M_STB, 1);
Code\Source\System_Init.c(53): warning:  #188-D: enumerated type mixed with another type
  		GPIO_WriteBit(GPIO_AD_EN, PIN_AD_EN, 0);
Code\Source\System_Init.c(54): warning:  #188-D: enumerated type mixed with another type
  		GPIO_WriteBit(GPIO_CMNT_EN, PIN_CMNT_EN, 1);
Code\Source\System_Init.c(82): warning:  #188-D: enumerated type mixed with another type
  	RECV_EN_485();
Code\Source\System_Init.c(122): warning:  #188-D: enumerated type mixed with another type
  	GPIO_WriteBit(GPIOF, GPIO_Pin_7, 0);
Code\Source\System_Init.c(134): warning:  #1-D: last line of file ends without a newline
  }
Code\Source\System_Init.c(5): warning:  #177-D: variable "fac_us"  was declared but never referenced
  static INT8 fac_us = 0;	 // us
Code\Source\System_Init.c(6): warning:  #177-D: variable "fac_ms"  was declared but never referenced
  static INT16 fac_ms = 0; // ms
Code\Source\System_Init.c: 8 warnings, 0 errors
compiling SOC.c...
compiling SocEnhance.c...
Code\Source\SocEnhance.c(634): warning:  #177-D: variable "temp"  was declared but never referenced
  	UINT16 temp = 0;
Code\Source\SocEnhance.c: 1 warning, 0 errors
compiling System_Monitor.c...
compiling SleepDeal.c...
Code\Source\SleepDeal.c(177): warning:  #177-D: variable "GPIO_InitStructure"  was declared but never referenced
  	GPIO_InitTypeDef GPIO_InitStructure;
Code\Source\SleepDeal.c(1068): warning:  #223-D: function "LogEvent_Record" declared implicitly
  		LogEvent_Record(LogRecord_Flag.bits.Log_Sleep, BMS_SLEEP, &su32_Interval_S_Tcnt);
Code\Source\SleepDeal.c: 2 warnings, 0 errors
compiling IODrivers.c...
Code\Source\IODrivers.c(1686): warning:  #188-D: enumerated type mixed with another type
  			Driver_Element.MosRelay_Status.bits.b1Status_MOS_DSG = FORCE_KEEP_MODE;
Code\Source\IODrivers.c: 1 warning, 0 errors
compiling stm32f0xx_adc.c...
compiling ShortFunc.c...
compiling stm32f0xx_cec.c...
compiling stm32f0xx_crc.c...
compiling stm32f0xx_comp.c...
compiling stm32f0xx_can.c...
compiling stm32f0xx_crs.c...
compiling stm32f0xx_dac.c...
compiling stm32f0xx_dbgmcu.c...
compiling stm32f0xx_dma.c...
compiling stm32f0xx_exti.c...
compiling stm32f0xx_gpio.c...
compiling stm32f0xx_flash.c...
compiling stm32f0xx_i2c.c...
compiling stm32f0xx_misc.c...
compiling stm32f0xx_iwdg.c...
compiling stm32f0xx_pwr.c...
compiling stm32f0xx_spi.c...
compiling stm32f0xx_syscfg.c...
compiling stm32f0xx_rcc.c...
compiling stm32f0xx_wwdg.c...
compiling stm32f0xx_rtc.c...
compiling stm32f0xx_tim.c...
compiling stm32f0xx_usart.c...
compiling conf.c...
Code\Source\conf\conf.c(5): warning:  #1-D: last line of file ends without a newline
  Time_T  sys_time;
Code\Source\conf\conf.c: 1 warning, 0 errors
compiling Time_Triggered.c...
compiling LedBar.c...
Code\Source\NewFunc\LedBar.c(130): warning:  #186-D: pointless comparison of unsigned integer with zero
      MCUO_SOC_20 = (g_stCellInfoReport.SocElement.u16Soc >= 0 ? 1 : 0) && (su8_temp & 0x01); // 这里的三目运算符为>=，而不是>，因为这个灯一定要亮
Code\Source\NewFunc\LedBar.c: 1 warning, 0 errors
compiling bsp.c...
compiling bsp_timer.c...
Code\Source\BSP\bsp_timer.c(80): warning:  #177-D: variable "s_TIM_CallBack1"  was declared but never referenced
  static void (*s_TIM_CallBack1)(void);
Code\Source\BSP\bsp_timer.c(81): warning:  #177-D: variable "s_TIM_CallBack2"  was declared but never referenced
  static void (*s_TIM_CallBack2)(void);
Code\Source\BSP\bsp_timer.c(82): warning:  #177-D: variable "s_TIM_CallBack3"  was declared but never referenced
  static void (*s_TIM_CallBack3)(void);
Code\Source\BSP\bsp_timer.c(83): warning:  #177-D: variable "s_TIM_CallBack4"  was declared but never referenced
  static void (*s_TIM_CallBack4)(void);
Code\Source\BSP\bsp_timer.c: 4 warnings, 0 errors
linking...
Program Size: Code=44132 RO-data=3552 RW-data=1196 ZI-data=5636  
After Build - User command #1: fromelf.exe --bin -o "D:\smb sync\work\mot\030-309-template\Objects\CommomSH367309_16series_030C8T6_C.bin" "D:\smb sync\work\mot\030-309-template\Objects\CommomSH367309_16series_030C8T6_C.axf"
".\Objects\CommomSH367309_16series_030C8T6_C.axf" - 0 Error(s), 38 Warning(s).
Build Time Elapsed:  00:00:04
