Component: ARM Compiler 5.06 update 7 (build 960) Tool: armlink [4d3601]

==============================================================================

Section Cross References

    startup_stm32f0xx.o(RESET) refers to startup_stm32f0xx.o(STACK) for __initial_sp
    startup_stm32f0xx.o(RESET) refers to startup_stm32f0xx.o(.text) for Reset_Handler
    startup_stm32f0xx.o(RESET) refers to stm32f0xx_it.o(i.NMI_Handler) for NMI_Handler
    startup_stm32f0xx.o(RESET) refers to stm32f0xx_it.o(i.HardFault_Handler) for HardFault_Handler
    startup_stm32f0xx.o(RESET) refers to stm32f0xx_it.o(i.SVC_Handler) for SVC_Handler
    startup_stm32f0xx.o(RESET) refers to stm32f0xx_it.o(i.PendSV_Handler) for PendSV_Handler
    startup_stm32f0xx.o(RESET) refers to stm32f0xx_it.o(i.SysTick_Handler) for SysTick_Handler
    startup_stm32f0xx.o(RESET) refers to rtc.o(i.RTC_IRQHandler) for RTC_IRQHandler
    startup_stm32f0xx.o(RESET) refers to stm32f0xx_it.o(i.EXTI0_1_IRQHandler) for EXTI0_1_IRQHandler
    startup_stm32f0xx.o(RESET) refers to stm32f0xx_it.o(i.EXTI4_15_IRQHandler) for EXTI4_15_IRQHandler
    startup_stm32f0xx.o(RESET) refers to system_init.o(i.TIM17_IRQHandler) for TIM17_IRQHandler
    startup_stm32f0xx.o(RESET) refers to stm32f0xx_it.o(i.USART1_IRQHandler) for USART1_IRQHandler
    startup_stm32f0xx.o(RESET) refers to stm32f0xx_it.o(i.USART2_IRQHandler) for USART2_IRQHandler
    startup_stm32f0xx.o(.text) refers to system_stm32f0xx.o(i.SystemInit) for SystemInit
    startup_stm32f0xx.o(.text) refers to entry.o(.ARM.Collect$$$$00000000) for __main
    stm32f0xx_it.o(i.EXTI0_1_IRQHandler) refers to stm32f0xx_exti.o(i.EXTI_GetITStatus) for EXTI_GetITStatus
    stm32f0xx_it.o(i.EXTI0_1_IRQHandler) refers to stm32f0xx_exti.o(i.EXTI_ClearITPendingBit) for EXTI_ClearITPendingBit
    stm32f0xx_it.o(i.EXTI0_1_IRQHandler) refers to conf.o(.bss) for sys_time
    stm32f0xx_it.o(i.EXTI0_1_IRQHandler) refers to chargerloadfunc.o(.data) for ChargerLoad_Func
    stm32f0xx_it.o(i.EXTI4_15_IRQHandler) refers to stm32f0xx_exti.o(i.EXTI_GetITStatus) for EXTI_GetITStatus
    stm32f0xx_it.o(i.EXTI4_15_IRQHandler) refers to stm32f0xx_exti.o(i.EXTI_ClearITPendingBit) for EXTI_ClearITPendingBit
    stm32f0xx_it.o(i.USART1_IRQHandler) refers to stm32f0xx_usart.o(i.USART_GetITStatus) for USART_GetITStatus
    stm32f0xx_it.o(i.USART1_IRQHandler) refers to sleepdeal.o(.data) for RTC_ExtComCnt
    stm32f0xx_it.o(i.USART1_IRQHandler) refers to sci_upper.o(.data) for RTC_ExtComCnt1
    stm32f0xx_it.o(i.USART2_IRQHandler) refers to stm32f0xx_usart.o(i.USART_GetITStatus) for USART_GetITStatus
    stm32f0xx_it.o(i.USART2_IRQHandler) refers to sci_upper.o(i.Sci2_CommonUpper_FaultChk) for Sci2_CommonUpper_FaultChk
    stm32f0xx_it.o(i.USART2_IRQHandler) refers to sci_upper.o(i.Sci2_CommonUpper_Rx_Deal) for Sci2_CommonUpper_Rx_Deal
    stm32f0xx_it.o(i.USART2_IRQHandler) refers to sleepdeal.o(.data) for RTC_ExtComCnt
    stm32f0xx_it.o(i.USART2_IRQHandler) refers to sci_upper.o(.bss) for g_stCurrentMsgPtr_SCI2
    system_stm32f0xx.o(i.SetSysClock) refers to system_stm32f0xx.o(.data) for SystemCoreClock
    system_stm32f0xx.o(i.SystemCoreClockUpdate) refers to uidiv.o(.text) for __aeabi_uidivmod
    system_stm32f0xx.o(i.SystemCoreClockUpdate) refers to system_stm32f0xx.o(.data) for SystemCoreClock
    system_stm32f0xx.o(i.SystemInit) refers to system_stm32f0xx.o(i.SetSysClock) for SetSysClock
    adc.o(i.ADC_TTC) refers to pubfunc.o(i.GetEndValue) for GetEndValue
    adc.o(i.ADC_TTC) refers to adc.o(.data) for g_u16ADCValFilter
    adc.o(i.ADC_TTC) refers to adc.o(.constdata) for iSheldTemp_10K
    adc.o(i.ADC_TTC) refers to adc.o(.bss) for g_u32ADCValFilter2
    adc.o(i.App_AnlogCal) refers to system_monitor.o(i.System_FUNC_StartUp) for System_FUNC_StartUp
    adc.o(i.App_AnlogCal) refers to adc.o(i.ADC_TTC) for ADC_TTC
    adc.o(i.App_AnlogCal) refers to system_init.o(.data) for g_st_SysTimeFlag
    adc.o(i.InitADC) refers to adc.o(i.InitADC_GPIO) for InitADC_GPIO
    adc.o(i.InitADC) refers to adc.o(i.InitADC_TIMER) for InitADC_TIMER
    adc.o(i.InitADC) refers to adc.o(i.InitADC_DMA) for InitADC_DMA
    adc.o(i.InitADC) refers to adc.o(i.InitADC_ADC1) for InitADC_ADC1
    adc.o(i.InitADC) refers to adc.o(.data) for g_u16ADCValFilter
    adc.o(i.InitADC) refers to adc.o(.bss) for g_i32ADCResult
    adc.o(i.InitADC_ADC1) refers to stm32f0xx_rcc.o(i.RCC_APB2PeriphClockCmd) for RCC_APB2PeriphClockCmd
    adc.o(i.InitADC_ADC1) refers to stm32f0xx_adc.o(i.ADC_DeInit) for ADC_DeInit
    adc.o(i.InitADC_ADC1) refers to stm32f0xx_adc.o(i.ADC_StructInit) for ADC_StructInit
    adc.o(i.InitADC_ADC1) refers to stm32f0xx_adc.o(i.ADC_Init) for ADC_Init
    adc.o(i.InitADC_ADC1) refers to stm32f0xx_adc.o(i.ADC_ChannelConfig) for ADC_ChannelConfig
    adc.o(i.InitADC_ADC1) refers to stm32f0xx_adc.o(i.ADC_OverrunModeCmd) for ADC_OverrunModeCmd
[...]
    DMA_StructInit                           0x08004c7d   Thumb Code    26  stm32f0xx_dma.o(i.DMA_StructInit)
    DataLoad_CellVolt                        0x08004c99   Thumb Code   150  datadeal.o(i.DataLoad_CellVolt)
    DataLoad_CellVoltMaxMinFind              0x08004d49   Thumb Code   128  datadeal.o(i.DataLoad_CellVoltMaxMinFind)
    DataLoad_Current                         0x08004ddd   Thumb Code   328  datadeal.o(i.DataLoad_Current)
    DataLoad_CurrentCali                     0x08004f49   Thumb Code   154  datadeal.o(i.DataLoad_CurrentCali)
    DataLoad_CurrentCali_startup             0x08004ff9   Thumb Code   174  eeprom.o(i.DataLoad_CurrentCali_startup)
    DataLoad_Temperature                     0x080050c5   Thumb Code   278  datadeal.o(i.DataLoad_Temperature)
    DataLoad_TemperatureMaxMinFind           0x080051ed   Thumb Code    60  datadeal.o(i.DataLoad_TemperatureMaxMinFind)
    Delay1ms                                 0x08005231   Thumb Code    30  pubfunc.o(i.Delay1ms)
    Delay4us                                 0x0800524f   Thumb Code    10  i2c_afe1.o(i.Delay4us)
    DriverMos_Ctrl                           0x08005259   Thumb Code    60  io_control.o(i.DriverMos_Ctrl)
    DriversOnOFF                             0x08005295   Thumb Code   204  iodrivers.o(i.DriversOnOFF)
    Drivers_Ctrl                             0x08005369   Thumb Code    26  iodrivers.o(i.Drivers_Ctrl)
    Drivers_External_Ctrl                    0x08005385   Thumb Code   310  io_control.o(i.Drivers_External_Ctrl)
    EEPROM_ResetData_AFE_ParametersToDefault 0x080054d9   Thumb Code    52  sh367309_datadeal.o(i.EEPROM_ResetData_AFE_ParametersToDefault)
    EEPROM_ResetData_EventRecord_ToDefault   0x08005515   Thumb Code   132  logrecord_flash.o(i.EEPROM_ResetData_EventRecord_ToDefault)
    EXTI0_1_IRQHandler                       0x080055a5   Thumb Code    56  stm32f0xx_it.o(i.EXTI0_1_IRQHandler)
    EXTI4_15_IRQHandler                      0x080055e5   Thumb Code   136  stm32f0xx_it.o(i.EXTI4_15_IRQHandler)
    EXTI_ClearITPendingBit                   0x0800566d   Thumb Code     6  stm32f0xx_exti.o(i.EXTI_ClearITPendingBit)
    EXTI_GetITStatus                         0x08005679   Thumb Code    22  stm32f0xx_exti.o(i.EXTI_GetITStatus)
    EXTI_Init                                0x08005695   Thumb Code   132  stm32f0xx_exti.o(i.EXTI_Init)
    FLASH_ClearFlag                          0x0800571d   Thumb Code     6  stm32f0xx_flash.o(i.FLASH_ClearFlag)
    FLASH_ErasePage                          0x08005729   Thumb Code    72  stm32f0xx_flash.o(i.FLASH_ErasePage)
    FLASH_GetStatus                          0x08005775   Thumb Code    54  stm32f0xx_flash.o(i.FLASH_GetStatus)
    FLASH_Lock                               0x080057b1   Thumb Code    14  stm32f0xx_flash.o(i.FLASH_Lock)
    FLASH_ProgramHalfWord                    0x080057c5   Thumb Code    62  stm32f0xx_flash.o(i.FLASH_ProgramHalfWord)
    FLASH_ProgramWord                        0x08005809   Thumb Code   104  stm32f0xx_flash.o(i.FLASH_ProgramWord)
    FLASH_Unlock                             0x08005875   Thumb Code    24  stm32f0xx_flash.o(i.FLASH_Unlock)
    FLASH_WaitForLastOperation               0x08005899   Thumb Code    40  stm32f0xx_flash.o(i.FLASH_WaitForLastOperation)
    FaultWarnRecord                          0x080058c1   Thumb Code     2  fault.o(i.FaultWarnRecord)
    FaultWarnRecord2                         0x080058c5   Thumb Code   118  fault.o(i.FaultWarnRecord2)
    Fault_ChangeToMCU                        0x08005955   Thumb Code   500  sh367309_func.o(i.Fault_ChangeToMCU)
    FlashReadOneHalfWord                     0x08005b6d   Thumb Code     6  flash.o(i.FlashReadOneHalfWord)
    FlashReadOneWord                         0x08005b73   Thumb Code     6  flash.o(i.FlashReadOneWord)
    FlashWriteOneHalfWord                    0x08005b79   Thumb Code    46  flash.o(i.FlashWriteOneHalfWord)
    GPIO_Init                                0x08005ba7   Thumb Code   144  stm32f0xx_gpio.o(i.GPIO_Init)
    GPIO_PinAFConfig                         0x08005c37   Thumb Code    68  stm32f0xx_gpio.o(i.GPIO_PinAFConfig)
    GPIO_ReadInputDataBit                    0x08005c7b   Thumb Code    20  stm32f0xx_gpio.o(i.GPIO_ReadInputDataBit)
    GPIO_ReadOutputDataBit                   0x08005c8f   Thumb Code    20  stm32f0xx_gpio.o(i.GPIO_ReadOutputDataBit)
    GPIO_ResetBits                           0x08005ca3   Thumb Code     4  stm32f0xx_gpio.o(i.GPIO_ResetBits)
    GPIO_SetBits                             0x08005ca7   Thumb Code     4  stm32f0xx_gpio.o(i.GPIO_SetBits)
    GPIO_WriteBit                            0x08005cab   Thumb Code    12  stm32f0xx_gpio.o(i.GPIO_WriteBit)
    GetData_Drivers                          0x08005cb7   Thumb Code     2  io_control.o(i.GetData_Drivers)
    GetEndValue                              0x08005cb9   Thumb Code   366  pubfunc.o(i.GetEndValue)
    HardFault_Handler                        0x08005e27   Thumb Code     4  stm32f0xx_it.o(i.HardFault_Handler)
    IORecover_DeepMode                       0x08005e2b   Thumb Code     4  sleepdeal.o(i.IORecover_DeepMode)
    IORecover_RTCMode                        0x08005e2f   Thumb Code     4  sleepdeal.o(i.IORecover_RTCMode)
    IOstatus_Base                            0x08005e35   Thumb Code    84  sleepdeal.o(i.IOstatus_Base)
    IOstatus_DeepMode                        0x08005e99   Thumb Code    14  sleepdeal.o(i.IOstatus_DeepMode)
    IOstatus_NormalMode                      0x08005ea7   Thumb Code     8  sleepdeal.o(i.IOstatus_NormalMode)
    IOstatus_RTCMode                         0x08005eaf   Thumb Code     8  sleepdeal.o(i.IOstatus_RTCMode)
    IWDG_ReloadCounter                       0x08005eb9   Thumb Code     8  stm32f0xx_iwdg.o(i.IWDG_ReloadCounter)
    InitADC                                  0x08005ec9   Thumb Code    52  adc.o(i.InitADC)
    InitADC_ADC1                             0x08005f09   Thumb Code   130  adc.o(i.InitADC_ADC1)
    InitADC_DMA                              0x08005f95   Thumb Code    88  adc.o(i.InitADC_DMA)
    InitADC_GPIO                             0x08005ff9   Thumb Code    58  adc.o(i.InitADC_GPIO)
    InitADC_TIMER                            0x08006039   Thumb Code    64  adc.o(i.InitADC_TIMER)
    InitAFE1                                 0x08006085   Thumb Code   112  i2c_afe1.o(i.InitAFE1)
    InitAFE1_Sleep                           0x080060f9   Thumb Code    54  i2c_afe1.o(i.InitAFE1_Sleep)
    InitData_Drivers                         0x08006135   Thumb Code    28  io_control.o(i.InitData_Drivers)
    InitData_SOC                             0x08006159   Thumb Code   102  soc.o(i.InitData_SOC)
    InitDelay                                0x080061d5   Thumb Code   118  system_init.o(i.InitDelay)
    InitDevice                               0x08006269   Thumb Code   110  main.o(i.InitDevice)
    InitIO                                   0x080062e5   Thumb Code   354  system_init.o(i.InitIO)
    InitMosRelay_DOx                         0x08006459   Thumb Code     8  io_control.o(i.InitMosRelay_DOx)
    InitSCI2_CommonUpper                     0x08006461   Thumb Code   166  sci_upper.o(i.InitSCI2_CommonUpper)
    InitShortCur                             0x08006515   Thumb Code   212  shortfunc.o(i.InitShortCur)
    InitSystemMonitorData_EEPROM             0x080065fd   Thumb Code   472  system_monitor.o(i.InitSystemMonitorData_EEPROM)
    InitSystemWakeUp                         0x080067e5   Thumb Code    28  main.o(i.InitSystemWakeUp)
    InitTimer                                0x08006801   Thumb Code    86  system_init.o(i.InitTimer)
    InitUSART_CommonUpper                    0x08006865   Thumb Code     8  sci_upper.o(i.InitUSART_CommonUpper)
    InitVar                                  0x0800686d   Thumb Code    64  main.o(i.InitVar)
    InitWakeUp_Base                          0x080068c1   Thumb Code   244  sleepdeal.o(i.InitWakeUp_Base)
    InitWakeUp_DeepMode                      0x080069b9   Thumb Code     8  sleepdeal.o(i.InitWakeUp_DeepMode)
    InitWakeUp_NormalMode                    0x080069c1   Thumb Code   100  sleepdeal.o(i.InitWakeUp_NormalMode)
    InitWakeUp_RTCMode                       0x08006a29   Thumb Code    16  sleepdeal.o(i.InitWakeUp_RTCMode)
    Init_IAPAPP                              0x08006a39   Thumb Code    44  flash.o(i.Init_IAPAPP)
    Init_RTC                                 0x08006a6d   Thumb Code    28  rtc.o(i.Init_RTC)
    Init_RTC_HaltWakeUp                      0x08006a8d   Thumb Code    16  rtc.o(i.Init_RTC_HaltWakeUp)
    Init_Registers                           0x08006a9d   Thumb Code    44  datadeal.o(i.Init_Registers)
    IsSleepStartUp                           0x08006acd   Thumb Code   166  sleepdeal.o(i.IsSleepStartUp)
    LedBar_Show_CHG                          0x08006bc1   Thumb Code   102  led_soc.o(i.LedBar_Show_CHG)
    LedBar_Show_DSG                          0x08006c39   Thumb Code    76  led_soc.o(i.LedBar_Show_DSG)
    LedBar_Show_Normal                       0x08006c95   Thumb Code   182  led_soc.o(i.LedBar_Show_Normal)
    LedBar_StartUp                           0x08006d65   Thumb Code   176  led_soc.o(i.LedBar_StartUp)
    LoadParam                                0x08006e31   Thumb Code   266  param.o(i.LoadParam)
    LogEvent_EEPROM                          0x08006f71   Thumb Code   176  logrecord_flash.o(i.LogEvent_EEPROM)
    LogEvent_Record                          0x0800702d   Thumb Code   170  logrecord_flash.o(i.LogEvent_Record)
    LogTime_Map                              0x080070e9   Thumb Code    72  logrecord_flash.o(i.LogTime_Map)
    MCU_GetResetType                         0x08007135   Thumb Code   140  pubfunc.o(i.MCU_GetResetType)
    MTPRead                                  0x080071c5   Thumb Code    60  i2c_afe1.o(i.MTPRead)
    MTPWrite                                 0x08007201   Thumb Code    96  i2c_afe1.o(i.MTPWrite)
    MTPWriteROM                              0x08007261   Thumb Code    96  i2c_afe1.o(i.MTPWriteROM)
    MonitorAFE                               0x080072c1   Thumb Code   484  datadeal.o(i.MonitorAFE)
    Monitor_TempBreak                        0x080074cd   Thumb Code   128  pubfunc.o(i.Monitor_TempBreak)
    MosCtrl_SameDoor_NoPreChg                0x08007559   Thumb Code  1100  iodrivers.o(i.MosCtrl_SameDoor_NoPreChg)
    NMI_Handler                              0x080079a5   Thumb Code     2  stm32f0xx_it.o(i.NMI_Handler)
    NVIC_Init                                0x080079a9   Thumb Code   106  stm32f0xx_misc.o(i.NVIC_Init)
    PWR_BackupAccessCmd                      0x08007a35   Thumb Code    36  stm32f0xx_pwr.o(i.PWR_BackupAccessCmd)
    PWR_EnterSTOPMode                        0x08007a5d   Thumb Code    90  stm32f0xx_pwr.o(i.PWR_EnterSTOPMode)
    PendSV_Handler                           0x08007ac1   Thumb Code     2  stm32f0xx_it.o(i.PendSV_Handler)
    RCC_AHBPeriphClockCmd                    0x08007ac5   Thumb Code    28  stm32f0xx_rcc.o(i.RCC_AHBPeriphClockCmd)
    RCC_APB1PeriphClockCmd                   0x08007ae5   Thumb Code    28  stm32f0xx_rcc.o(i.RCC_APB1PeriphClockCmd)
    RCC_APB2PeriphClockCmd                   0x08007b05   Thumb Code    28  stm32f0xx_rcc.o(i.RCC_APB2PeriphClockCmd)
    RCC_APB2PeriphResetCmd                   0x08007b25   Thumb Code    28  stm32f0xx_rcc.o(i.RCC_APB2PeriphResetCmd)
    RCC_GetClocksFreq                        0x08007b45   Thumb Code   554  stm32f0xx_rcc.o(i.RCC_GetClocksFreq)
    RCC_GetFlagStatus                        0x08007d8d   Thumb Code    68  stm32f0xx_rcc.o(i.RCC_GetFlagStatus)
    RCC_LSEConfig                            0x08007dd5   Thumb Code    34  stm32f0xx_rcc.o(i.RCC_LSEConfig)
    RCC_LSICmd                               0x08007dfd   Thumb Code    32  stm32f0xx_rcc.o(i.RCC_LSICmd)
    RCC_RTCCLKCmd                            0x08007e21   Thumb Code    36  stm32f0xx_rcc.o(i.RCC_RTCCLKCmd)
    RCC_RTCCLKConfig                         0x08007e49   Thumb Code    12  stm32f0xx_rcc.o(i.RCC_RTCCLKConfig)
    RTC_AlarmCmd                             0x08007e59   Thumb Code   106  stm32f0xx_rtc.o(i.RTC_AlarmCmd)
    RTC_AlarmConfig                          0x08007ec9   Thumb Code   198  rtc.o(i.RTC_AlarmConfig)
    RTC_ClearITPendingBit                    0x08007fd5   Thumb Code    30  stm32f0xx_rtc.o(i.RTC_ClearITPendingBit)
    RTC_ClockConfig                          0x08007ff9   Thumb Code   208  rtc.o(i.RTC_ClockConfig)
    RTC_EnterInitMode                        0x080080d1   Thumb Code    82  stm32f0xx_rtc.o(i.RTC_EnterInitMode)
    RTC_ExitInitMode                         0x08008129   Thumb Code    14  stm32f0xx_rtc.o(i.RTC_ExitInitMode)
    RTC_GetITStatus                          0x0800813d   Thumb Code    72  stm32f0xx_rtc.o(i.RTC_GetITStatus)
    RTC_IRQHandler                           0x08008189   Thumb Code    32  rtc.o(i.RTC_IRQHandler)
    RTC_ITConfig                             0x080081a9   Thumb Code    94  stm32f0xx_rtc.o(i.RTC_ITConfig)
    RTC_Init                                 0x0800820d   Thumb Code    84  stm32f0xx_rtc.o(i.RTC_Init)
    RTC_SetAlarm                             0x08008265   Thumb Code   210  stm32f0xx_rtc.o(i.RTC_SetAlarm)
    RTC_SetDate                              0x0800833d   Thumb Code   198  stm32f0xx_rtc.o(i.RTC_SetDate)
    RTC_SetTime                              0x0800840d   Thumb Code   208  stm32f0xx_rtc.o(i.RTC_SetTime)
    RTC_TimeConfig                           0x080084e5   Thumb Code    76  rtc.o(i.RTC_TimeConfig)
    RTC_WaitForSynchro                       0x0800853d   Thumb Code   104  stm32f0xx_rtc.o(i.RTC_WaitForSynchro)
    ReadEEPROM_EventRecord_Parameters        0x080085a9   Thumb Code    68  logrecord_flash.o(i.ReadEEPROM_EventRecord_Parameters)
    RefreshData_Drivers                      0x080085f9   Thumb Code   436  io_control.o(i.RefreshData_Drivers)
    Refresh_Parameters                       0x080087c1   Thumb Code   342  sh367309_datadeal.o(i.Refresh_Parameters)
    SH367309_DriverMos_Ctrl                  0x08008931   Thumb Code   104  sh367309_func.o(i.SH367309_DriverMos_Ctrl)
    SH367309_Enable_AFE_Wdt_Cadc_Drivers     0x0800899d   Thumb Code    28  sh367309_func.o(i.SH367309_Enable_AFE_Wdt_Cadc_Drivers)
    SH367309_SC_DelayT_Set                   0x080089bd   Thumb Code   100  sh367309_func.o(i.SH367309_SC_DelayT_Set)
    SH367309_UpdataAfeConfig                 0x08008a29   Thumb Code   120  sh367309_datadeal.o(i.SH367309_UpdataAfeConfig)
    SOC_LED_Init                             0x08008aa9   Thumb Code    96  led_soc.o(i.SOC_LED_Init)
    SVC_Handler                              0x08008b35   Thumb Code     2  stm32f0xx_it.o(i.SVC_Handler)
    SYSCFG_EXTILineConfig                    0x08008b39   Thumb Code    60  stm32f0xx_syscfg.o(i.SYSCFG_EXTILineConfig)
    SYSCFG_MemoryRemapConfig                 0x08008b79   Thumb Code    24  stm32f0xx_syscfg.o(i.SYSCFG_MemoryRemapConfig)
    SaveParam                                0x08008b95   Thumb Code    16  param.o(i.SaveParam)
    Sci2_CommonUpper_FaultChk                0x08008bad   Thumb Code   124  sci_upper.o(i.Sci2_CommonUpper_FaultChk)
    Sci2_CommonUpper_Rx_Deal                 0x08008c31   Thumb Code   282  sci_upper.o(i.Sci2_CommonUpper_Rx_Deal)
    Sci2_CommonUpper_Tx_Deal                 0x08008d51   Thumb Code   196  sci_upper.o(i.Sci2_CommonUpper_Tx_Deal)
    Sci_ACK_0x03                             0x08008e35   Thumb Code   294  sci_upper.o(i.Sci_ACK_0x03)
    Sci_ACK_0x03_RW_AFE_Parameters           0x08008f61   Thumb Code    42  sh367309_datadeal.o(i.Sci_ACK_0x03_RW_AFE_Parameters)
    Sci_ACK_0x03_RW_Data_Cali                0x08008f91   Thumb Code    72  sci_upper.o(i.Sci_ACK_0x03_RW_Data_Cali)
    Sci_ACK_0x03_RW_Data_Other               0x08008fdd   Thumb Code   202  sci_upper.o(i.Sci_ACK_0x03_RW_Data_Other)
    Sci_ACK_0x03_RW_Data_OtherCanAdd         0x080090c1   Thumb Code    82  sci_upper.o(i.Sci_ACK_0x03_RW_Data_OtherCanAdd)
    Sci_ACK_0x03_RW_Data_Pro                 0x08009119   Thumb Code    44  sci_upper.o(i.Sci_ACK_0x03_RW_Data_Pro)
    Sci_ACK_0x03_ReadRegs_Data               0x08009149   Thumb Code   848  sci_upper.o(i.Sci_ACK_0x03_ReadRegs_Data)
    Sci_ACK_0x03_ReadRegs_EventRecord        0x080094c5   Thumb Code    70  logrecord_flash.o(i.Sci_ACK_0x03_ReadRegs_EventRecord)
    Sci_ACK_0x03_ReadRegs_LCD                0x08009515   Thumb Code   764  sci_upper.o(i.Sci_ACK_0x03_ReadRegs_LCD)
    Sci_ACK_0x06_0x10                        0x08009835   Thumb Code    94  sci_upper.o(i.Sci_ACK_0x06_0x10)
    Sci_CRC16RTU                             0x08009895   Thumb Code    52  pubfunc.o(i.Sci_CRC16RTU)
    Sci_DataInit                             0x080098d1   Thumb Code    56  sci_upper.o(i.Sci_DataInit)
    Sci_Deal_ReadRegs_0x03                   0x0800990d   Thumb Code   162  sci_upper.o(i.Sci_Deal_ReadRegs_0x03)
    Sci_Deal_WrReg_0x06                      0x080099b5   Thumb Code   178  sci_upper.o(i.Sci_Deal_WrReg_0x06)
    Sci_Deal_WrRegs_0x10                     0x08009a71   Thumb Code   588  sci_upper.o(i.Sci_Deal_WrRegs_0x10)
    Sci_WrReg_0x06_BMS_FunctionOFF           0x08009ccd   Thumb Code    80  sci_upper.o(i.Sci_WrReg_0x06_BMS_FunctionOFF)
    Sci_WrReg_0x06_BMS_FunctionON            0x08009d25   Thumb Code   340  sci_upper.o(i.Sci_WrReg_0x06_BMS_FunctionON)
    Sci_WrReg_0x06_Reset_AFE_Parameters      0x08009e8d   Thumb Code    40  sh367309_datadeal.o(i.Sci_WrReg_0x06_Reset_AFE_Parameters)
    Sci_WrReg_0x06_Reset_CalibCoef           0x08009eb9   Thumb Code   420  sci_upper.o(i.Sci_WrReg_0x06_Reset_CalibCoef)
    Sci_WrReg_0x06_Reset_EventRecord         0x0800a065   Thumb Code    66  logrecord_flash.o(i.Sci_WrReg_0x06_Reset_EventRecord)
    Sci_WrReg_0x06_Reset_HeatCool            0x0800a0b5   Thumb Code    74  sci_upper.o(i.Sci_WrReg_0x06_Reset_HeatCool)
    Sci_WrReg_0x06_Reset_OtherCanAdd         0x0800a111   Thumb Code   122  sci_upper.o(i.Sci_WrReg_0x06_Reset_OtherCanAdd)
    Sci_WrReg_0x06_Reset_ProtectElement      0x0800a1a9   Thumb Code    90  sci_upper.o(i.Sci_WrReg_0x06_Reset_ProtectElement)
    Sci_WrReg_0x06_Reset_ProtectRecord       0x0800a21d   Thumb Code    88  sci_upper.o(i.Sci_WrReg_0x06_Reset_ProtectRecord)
    Sci_WrReg_0x06_SetSocOnce                0x0800a299   Thumb Code    34  sci_upper.o(i.Sci_WrReg_0x06_SetSocOnce)
    Sci_WrReg_0x06_SwitchOFF                 0x0800a2c1   Thumb Code     2  sci_upper.o(i.Sci_WrReg_0x06_SwitchOFF)
    Sci_WrReg_0x06_SwitchON                  0x0800a2c3   Thumb Code     2  sci_upper.o(i.Sci_WrReg_0x06_SwitchON)
    Sci_WrRegs_0x10_AFE_Parameters           0x0800a2c5   Thumb Code   152  sh367309_datadeal.o(i.Sci_WrRegs_0x10_AFE_Parameters)
    Sci_WrRegs_0x10_Balance                  0x0800a36d   Thumb Code   164  sci_upper.o(i.Sci_WrRegs_0x10_Balance)
    Sci_WrRegs_0x10_CalibCoef                0x0800a419   Thumb Code   162  sci_upper.o(i.Sci_WrRegs_0x10_CalibCoef)
    Sci_WrRegs_0x10_CopperLoss               0x0800a4cd   Thumb Code     2  sci_upper.o(i.Sci_WrRegs_0x10_CopperLoss)
    Sci_WrRegs_0x10_FlashConnect             0x0800a4d1   Thumb Code    58  sci_upper.o(i.Sci_WrRegs_0x10_FlashConnect)
    Sci_WrRegs_0x10_HeatCoolElement          0x0800a515   Thumb Code    80  sci_upper.o(i.Sci_WrRegs_0x10_HeatCoolElement)
    Sci_WrRegs_0x10_Protect                  0x0800a571   Thumb Code   142  sci_upper.o(i.Sci_WrRegs_0x10_Protect)
    Sci_WrRegs_0x10_RTC                      0x0800a615   Thumb Code     2  sci_upper.o(i.Sci_WrRegs_0x10_RTC)
    Sci_WrRegs_0x10_SN_Version               0x0800a619   Thumb Code   204  sci_upper.o(i.Sci_WrRegs_0x10_SN_Version)
    Sci_WrRegs_0x10_SleepElement             0x0800a6ed   Thumb Code   180  sci_upper.o(i.Sci_WrRegs_0x10_SleepElement)
    Sci_WrRegs_0x10_SocElement               0x0800a7a9   Thumb Code   136  sci_upper.o(i.Sci_WrRegs_0x10_SocElement)
    Sci_WrRegs_0x10_SocTable                 0x0800a83d   Thumb Code     2  sci_upper.o(i.Sci_WrRegs_0x10_SocTable)
    Sci_WrRegs_0x10_SysOther                 0x0800a841   Thumb Code   146  sci_upper.o(i.Sci_WrRegs_0x10_SysOther)
    Sci_WrRegs_0x10_SystemElement            0x0800a8dd   Thumb Code   166  sci_upper.o(i.Sci_WrRegs_0x10_SystemElement)
    SleepDeal_CBC                            0x0800aa25   Thumb Code   102  sleepdeal.o(i.SleepDeal_CBC)
    SleepDeal_Continue                       0x0800aaa1   Thumb Code   348  sleepdeal.o(i.SleepDeal_Continue)
    SleepDeal_Forced                         0x0800ac0d   Thumb Code   128  sleepdeal.o(i.SleepDeal_Forced)
    SleepDeal_Normal_L1                      0x0800aca1   Thumb Code   358  sleepdeal.o(i.SleepDeal_Normal_L1)
    SleepDeal_Normal_L2                      0x0800ae31   Thumb Code   362  sleepdeal.o(i.SleepDeal_Normal_L2)
    SleepDeal_Normal_L3                      0x0800afc5   Thumb Code   302  sleepdeal.o(i.SleepDeal_Normal_L3)
    SleepDeal_Normal_Select                  0x0800b115   Thumb Code   172  sleepdeal.o(i.SleepDeal_Normal_Select)
    SleepDeal_OverCurrent                    0x0800b1d5   Thumb Code   102  sleepdeal.o(i.SleepDeal_OverCurrent)
    SleepDeal_Shift                          0x0800b251   Thumb Code   188  sleepdeal.o(i.SleepDeal_Shift)
    SleepDeal_Test                           0x0800b315   Thumb Code    48  sleepdeal.o(i.SleepDeal_Test)
    SleepDeal_VcellOVP                       0x0800b351   Thumb Code     2  sleepdeal.o(i.SleepDeal_VcellOVP)
    SleepDeal_VcellUVP                       0x0800b355   Thumb Code   102  sleepdeal.o(i.SleepDeal_VcellUVP)
    SleepDeal_Vdelta                         0x0800b3d1   Thumb Code     2  sleepdeal.o(i.SleepDeal_Vdelta)
    SysTick_Handler                          0x0800b3d3   Thumb Code     2  stm32f0xx_it.o(i.SysTick_Handler)
    Sys_FindProtectFilterMax                 0x0800b3d5   Thumb Code    72  system_monitor.o(i.Sys_FindProtectFilterMax)
    Sys_StopMode                             0x0800b425   Thumb Code    12  sleepdeal.o(i.Sys_StopMode)
    SystemInit                               0x0800b431   Thumb Code   110  system_stm32f0xx.o(i.SystemInit)
    System_ERROR_UserCallback                0x0800b4ad   Thumb Code   778  system_monitor.o(i.System_ERROR_UserCallback)
    System_FUNC_StartUp                      0x0800b7bd   Thumb Code   580  system_monitor.o(i.System_FUNC_StartUp)
    TIM17_IRQHandler                         0x0800ba1d   Thumb Code   120  system_init.o(i.TIM17_IRQHandler)
    TIM_ClearITPendingBit                    0x0800baad   Thumb Code     6  stm32f0xx_tim.o(i.TIM_ClearITPendingBit)
    TIM_Cmd                                  0x0800bab5   Thumb Code    24  stm32f0xx_tim.o(i.TIM_Cmd)
    TIM_GetITStatus                          0x0800bad1   Thumb Code    38  stm32f0xx_tim.o(i.TIM_GetITStatus)
    TIM_ITConfig                             0x0800baf7   Thumb Code    20  stm32f0xx_tim.o(i.TIM_ITConfig)
    TIM_SelectOutputTrigger                  0x0800bb0d   Thumb Code    16  stm32f0xx_tim.o(i.TIM_SelectOutputTrigger)
    TIM_SetCompare1                          0x0800bb21   Thumb Code     4  stm32f0xx_tim.o(i.TIM_SetCompare1)
    TIM_SetCompare2                          0x0800bb25   Thumb Code     4  stm32f0xx_tim.o(i.TIM_SetCompare2)
    TIM_TimeBaseInit                         0x0800bb29   Thumb Code    90  stm32f0xx_tim.o(i.TIM_TimeBaseInit)
    TwiChkClkRelease                         0x0800bba5   Thumb Code   134  i2c_afe1.o(i.TwiChkClkRelease)
    TwiGetData                               0x0800bc31   Thumb Code   230  i2c_afe1.o(i.TwiGetData)
    TwiReStart                               0x0800bd1d   Thumb Code    72  i2c_afe1.o(i.TwiReStart)
    TwiRead                                  0x0800bd69   Thumb Code   208  i2c_afe1.o(i.TwiRead)
    TwiSendData                              0x0800be39   Thumb Code   376  i2c_afe1.o(i.TwiSendData)
    TwiStart                                 0x0800bfb5   Thumb Code   120  i2c_afe1.o(i.TwiStart)
    TwiStop                                  0x0800c031   Thumb Code   168  i2c_afe1.o(i.TwiStop)
    TwiWrite                                 0x0800c0dd   Thumb Code   142  i2c_afe1.o(i.TwiWrite)
    U16_SwapEndian                           0x0800c16b   Thumb Code    18  pubfunc.o(i.U16_SwapEndian)
    USART1_IRQHandler                        0x0800c17d   Thumb Code    36  stm32f0xx_it.o(i.USART1_IRQHandler)
    USART2_IRQHandler                        0x0800c1b1   Thumb Code    36  stm32f0xx_it.o(i.USART2_IRQHandler)
    USART_Cmd                                0x0800c1e5   Thumb Code    24  stm32f0xx_usart.o(i.USART_Cmd)
    USART_GetITStatus                        0x0800c1fd   Thumb Code    78  stm32f0xx_usart.o(i.USART_GetITStatus)
    USART_ITConfig                           0x0800c24b   Thumb Code    66  stm32f0xx_usart.o(i.USART_ITConfig)
    USART_Init                               0x0800c28d   Thumb Code   226  stm32f0xx_usart.o(i.USART_Init)
    UpdateVoltageFromBqMaximo                0x0800c385   Thumb Code   304  i2c_afe1.o(i.UpdateVoltageFromBqMaximo)
    UpdateVoltageFromBqMaximo_Partition      0x0800c4d1   Thumb Code   424  i2c_afe1.o(i.UpdateVoltageFromBqMaximo_Partition)
    WakeUp                                   0x0800c68d   Thumb Code    10  sleepdeal.o(i.WakeUp)
    WriteEEPROM_Word_NoZone                  0x0800c697   Thumb Code     4  eeprom.o(i.WriteEEPROM_Word_NoZone)
    WriteEEPROM_Word_WithZone                0x0800c69b   Thumb Code    68  eeprom.o(i.WriteEEPROM_Word_WithZone)
    Write_Parameters                         0x0800c6e1   Thumb Code    72  sh367309_datadeal.o(i.Write_Parameters)
    __ARM_common_switch8                     0x0800c72d   Thumb Code    28  cell_balance.o(i.__ARM_common_switch8)
    __delay_ms                               0x0800c749   Thumb Code    80  system_init.o(i.__delay_ms)
    __delay_us                               0x0800c7a1   Thumb Code    74  system_init.o(i.__delay_us)
    __scatterload_copy                       0x0800c7f5   Thumb Code    14  handlers.o(i.__scatterload_copy)
    __scatterload_null                       0x0800c803   Thumb Code     2  handlers.o(i.__scatterload_null)
    __scatterload_zeroinit                   0x0800c805   Thumb Code    14  handlers.o(i.__scatterload_zeroinit)
    apply_led                                0x0800c813   Thumb Code    34  led_soc.o(i.apply_led)
    bsp_ReadCpuFlash                         0x0800c835   Thumb Code    40  bsp_cpu_flash.o(i.bsp_ReadCpuFlash)
    bsp_WriteCpuFlash                        0x0800c85d   Thumb Code    62  bsp_cpu_flash.o(i.bsp_WriteCpuFlash)
    close_chg                                0x0800c89d   Thumb Code    22  io_control.o(i.close_chg)
    close_dsg                                0x0800c8b9   Thumb Code    12  io_control.o(i.close_dsg)
    entersleep                               0x0800c8c5   Thumb Code    68  sleepdeal.o(i.entersleep)
    initAFE1_IIC                             0x0800c90d   Thumb Code    68  i2c_afe1.o(i.initAFE1_IIC)
    isCHGsig                                 0x0800c955   Thumb Code    52  io_control.o(i.isCHGsig)
    main                                     0x0800cae1   Thumb Code    60  main.o(i.main)
    open_chg                                 0x0800cb1d   Thumb Code    22  io_control.o(i.open_chg)
    open_dsg                                 0x0800cb39   Thumb Code    12  io_control.o(i.open_dsg)
    iSheldTemp_10K                           0x0800cb70   Data         112  adc.o(.constdata)
    iSheldTemp_10K_AFE                       0x0800cbe0   Data         112  i2c_afe1.o(.constdata)
    CRC8Table                                0x0800cc50   Data         256  i2c_afe1.o(.constdata)
    SeriesSelect_AFE1                        0x0800cd50   Data         256  main.o(.constdata)
    AFE_OCD1V_OCCV                           0x0800cf44   Data          32  sh367309_datadeal.o(.constdata)
    AFE_SCV                                  0x0800cf64   Data          32  sh367309_datadeal.o(.constdata)
    AFE_OVT_UVT                              0x0800cf84   Data          32  sh367309_datadeal.o(.constdata)
    AFE_SCT                                  0x0800cfa4   Data          32  sh367309_datadeal.o(.constdata)
    AFE_OCD1T                                0x0800cfc4   Data          32  sh367309_datadeal.o(.constdata)
    AFE_OCCT_OCD2T                           0x0800cfe4   Data          32  sh367309_datadeal.o(.constdata)
    SOC_Table_LiFePO                         0x0800d004   Data          84  socenhance.o(.constdata)
    SocTable_TernaryLi                       0x0800d058   Data          84  socenhance.o(.constdata)
    SocTable_LiFePO2                         0x0800d0ac   Data          84  socenhance.o(.constdata)
    Region$$Table$$Base                      0x0800d2f0   Number         0  anon$$obj.o(Region$$Table)
    Region$$Table$$Limit                     0x0800d310   Number         0  anon$$obj.o(Region$$Table)
    VectorTable                              0x20000000   Data         192  flash.o(.ARM.__AT_0x20000000)
    SystemCoreClock                          0x200000c0   Data           4  system_stm32f0xx.o(.data)
    AHBPrescTable                            0x200000c4   Data          16  system_stm32f0xx.o(.data)
    g_u16ADCValFilter                        0x200000d4   Data           6  adc.o(.data)
    g_u16IoutOffsetAD                        0x200000da   Data           2  adc.o(.data)
    g_u16Q7BusCurr_CHG                       0x200000dc   Data           2  adc.o(.data)
    g_u16Q7BusCurr_DSG                       0x200000de   Data           2  adc.o(.data)
    ChargerLoad_Func                         0x200000e0   Data           2  chargerloadfunc.o(.data)
    u8IICFaultcnt1                           0x200000e8   Data           1  datadeal.o(.data)
    u8WakeCnt1                               0x200000e9   Data           1  datadeal.o(.data)
    u8IICFaultcnt2                           0x200000ea   Data           1  datadeal.o(.data)
    u8WakeCnt2                               0x200000eb   Data           1  datadeal.o(.data)
    g_u32CS_Res_AFE                          0x200000ec   Data           4  datadeal.o(.data)
    u32_ChgCur_mA                            0x200000f0   Data           4  datadeal.o(.data)
    u32_DsgCur_mA                            0x200000f4   Data           4  datadeal.o(.data)
    sEETimeout                               0x20000104   Data           4  eeprom.o(.data)
    u32E2P_Pro_VolCur_WriteFlag              0x20000108   Data           4  eeprom.o(.data)
    u32E2P_Pro_Temp_WriteFlag                0x2000010c   Data           4  eeprom.o(.data)
    u32E2P_Pro_Other_WriteFlag               0x20000110   Data           4  eeprom.o(.data)
    u32E2P_RTC_Element_WriteFlag             0x20000114   Data           4  eeprom.o(.data)
    u32E2P_OtherElement1_WriteFlag           0x20000118   Data           4  eeprom.o(.data)
    u32E2P_HeatCool_WriteFlag                0x2000011c   Data           4  eeprom.o(.data)
    u8E2P_SocTable_WriteFlag                 0x20000120   Data           1  eeprom.o(.data)
    u8E2P_CopperLoss_WriteFlag               0x20000121   Data           1  eeprom.o(.data)
    u8E2P_KB_WriteFlag                       0x20000122   Data           1  eeprom.o(.data)
    u8E2P_KB_WritePos                        0x20000123   Data           1  eeprom.o(.data)
    curr_offset                              0x20000124   Data           2  eeprom.o(.data)
    OffsetValue_CHG                          0x20000126   Data           2  eeprom.o(.data)
    OffsetValue_DSG                          0x20000128   Data           2  eeprom.o(.data)
    Fault_Flag_Fisrt                         0x20000138   Data           2  fault.o(.data)
    Fault_Flag_Second                        0x2000013a   Data           2  fault.o(.data)
    Fault_Flag_Third                         0x2000013c   Data           2  fault.o(.data)
    FaultPoint_First                         0x2000013e   Data           1  fault.o(.data)
    FaultPoint_Second                        0x2000013f   Data           1  fault.o(.data)
    FaultPoint_Third                         0x20000140   Data           1  fault.o(.data)
    FaultPoint_First2                        0x20000141   Data           1  fault.o(.data)
    FaultPoint_Second2                       0x20000142   Data           1  fault.o(.data)
    FaultPoint_Third2                        0x20000143   Data           1  fault.o(.data)
    FaultCnt_StartUp_First                   0x20000144   Data           2  fault.o(.data)
    FaultCnt_StartUp_Second                  0x20000146   Data           2  fault.o(.data)
    FaultCnt_StartUp_Third                   0x20000148   Data           2  fault.o(.data)
    SeriesNum                                0x2000017e   Data           1  main.o(.data)
    DACx_OC_REF                              0x20000184   Data           4  pwm.o(.data)
    u16PeriodCH1                             0x20000188   Data           2  pwm.o(.data)
    u16PeriodCH2                             0x2000018a   Data           2  pwm.o(.data)
    u16PeriodCH3                             0x2000018c   Data           2  pwm.o(.data)
    u16PeriodCH4                             0x2000018e   Data           2  pwm.o(.data)
    RTC_TimeStructure                        0x20000190   Data           4  rtc.o(.data)
    RTC_DateStructure                        0x20000194   Data           4  rtc.o(.data)
    gu16_CommuErrCnt_SCI1                    0x2000019c   Data           2  sci_upper.o(.data)
    gu8_TxEnable_SCI1                        0x2000019e   Data           1  sci_upper.o(.data)
    gu8_TxFinishFlag_SCI1                    0x2000019f   Data           1  sci_upper.o(.data)
    gu16_CommuErrCnt_SCI2                    0x200001a0   Data           2  sci_upper.o(.data)
    gu8_TxEnable_SCI2                        0x200001a2   Data           1  sci_upper.o(.data)
    gu8_TxFinishFlag_SCI2                    0x200001a3   Data           1  sci_upper.o(.data)
    u8FlashUpdateFlag                        0x200001a4   Data           1  sci_upper.o(.data)
    u8FlashUpdateE2PROM                      0x200001a5   Data           1  sci_upper.o(.data)
    BlueToothFlag                            0x200001a6   Data           1  sci_upper.o(.data)
    RTC_ExtComCnt1                           0x200001a7   Data           1  sci_upper.o(.data)
    SuspendFlag1                             0x200001a8   Data           2  sci_upper.o(.data)
    SuspendFlag2                             0x200001aa   Data           2  sci_upper.o(.data)
    AFE_PARAM_WRITE_Flag                     0x200001b0   Data           4  sh367309_datadeal.o(.data)
    AFE_ResetFlag                            0x200001b4   Data           4  sh367309_datadeal.o(.data)
    AFE_Parameters_RS485_Struction           0x200001b8   Data         192  sh367309_datadeal.o(.data)
    gu8_DriverStartUpFlag                    0x20000288   Data           1  sh367309_func.o(.data)
    iSheldTemp_10K_NTC                       0x2000028a   Data         282  sh367309_func.o(.data)
    ucMTPBuffer                              0x200003a4   Data          26  sh367309_func.o(.data)
    ucMTPBuffer_MCUDrivers                   0x200003be   Data           8  sh367309_func.o(.data)
    aaaaaa1                                  0x200003c6   Data           2  sh367309_func.o(.data)
    aaaaaa2                                  0x200003c8   Data           2  sh367309_func.o(.data)
    aaaaaa3                                  0x200003ca   Data           2  sh367309_func.o(.data)
    aaaaaa4                                  0x200003cc   Data           2  sh367309_func.o(.data)
    aaa11                                    0x200003ce   Data           1  sh367309_func.o(.data)
    mcu_chg_status                           0x200003cf   Data           1  sh367309_func.o(.data)
    Sleep_Mode                               0x200003dc   Data           2  sleepdeal.o(.data)
    Sleep_Status                             0x200003de   Data           1  sleepdeal.o(.data)
    gu8_SleepStatus                          0x200003df   Data           1  sleepdeal.o(.data)
    RTC_ExtComCnt                            0x200003e0   Data           1  sleepdeal.o(.data)
    g_st_SysTimeFlag                         0x2000043a   Data           2  system_init.o(.data)
    CBC_Element                              0x2000043c   Data           4  system_init.o(.data)
    g_u81msCnt                               0x20000444   Data           1  system_init.o(.data)
    g_u810msClockCnt                         0x20000445   Data           1  system_init.o(.data)
    g_u81msClockCnt                          0x20000446   Data           1  system_init.o(.data)
    gu8_200msCnt                             0x20000447   Data           1  system_init.o(.data)
    gu8_200msAccClock_Flag                   0x20000448   Data           1  system_init.o(.data)
    System_OnOFF_Func                        0x20000468   Data           4  system_monitor.o(.data)
    System_OnOFF_Func_StartUpRec             0x2000046c   Data           4  system_monitor.o(.data)
    SystemStatus                             0x20000470   Data           4  system_monitor.o(.data)
    System_Func_StartUp                      0x20000474   Data           4  system_monitor.o(.data)
    RelayCtrl_Command                        0x20000484   Data           1  io_control.o(.data)
    MOSCtrl_Command                          0x20000485   Data           1  io_control.o(.data)
    Switch_OnOFF_Func                        0x20000488   Data           4  io_control.o(.data)
    gu8_DsgFirstOpen_Flag                    0x2000048c   Data           1  io_control.o(.data)
    bms_status                               0x2000048d   Data           1  io_control.o(.data)
    key_func_enable                          0x2000048e   Data           1  io_control.o(.data)
    Relay_Command_SameDoor_HavePreChg        0x20000498   Data           1  iodrivers.o(.data)
    Relay_Command_DiffDoor_HavePreChg        0x20000499   Data           1  iodrivers.o(.data)
    MosCtrl_Command_SameDoor_HavePreChg      0x2000049a   Data           1  iodrivers.o(.data)
    MosCtrl_Command_BootStrap_Cir            0x2000049b   Data           1  iodrivers.o(.data)
    LedBar_Command                           0x200005a0   Data           1  led_soc.o(.data)
    BMS_LOG_POINT                            0x200005cc   Data           1  logrecord_flash.o(.data)
    LogRecord_Flag                           0x200005cd   Data           1  logrecord_flash.o(.data)
    gu8_Reset_EventRecord                    0x200005ce   Data           1  logrecord_flash.o(.data)
    g_u32ADCValFilter2                       0x200005e4   Data          12  adc.o(.bss)
    g_i32ADCResult                           0x200005f0   Data          12  adc.o(.bss)
    CopperLoss                               0x200005fc   Data          32  datadeal.o(.bss)
    CopperLoss_Num                           0x2000061c   Data          32  datadeal.o(.bss)
    Fault_record_First                       0x2000063c   Data          20  fault.o(.bss)
    Fault_record_Second                      0x20000650   Data          20  fault.o(.bss)
    Fault_record_Third                       0x20000664   Data          20  fault.o(.bss)
    RTC_Fault_record_Third                   0x20000678   Data         120  fault.o(.bss)
    Fault_record_First2                      0x200006f0   Data          20  fault.o(.bss)
    Fault_record_Second2                     0x20000704   Data          20  fault.o(.bss)
    Fault_record_Third2                      0x20000718   Data          20  fault.o(.bss)
    Registers_AFE1                           0x2000072c   Data          42  i2c_afe1.o(.bss)
    SH367309_Read_AFE1                       0x20000758   Data          48  i2c_afe1.o(.bss)
    ProductionInfor                          0x20000788   Data         112  productionid.o(.bss)
    RTC_time                                 0x200007f8   Data          24  rtc.o(.bss)
    RTC_InitStructure                        0x20000810   Data          12  rtc.o(.bss)
    RTC_AlarmStructure                       0x2000081c   Data          16  rtc.o(.bss)
    g_stCurrentMsgPtr_SCI1                   0x2000082c   Data         262  sci_upper.o(.bss)
    g_stCurrentMsgPtr_SCI2                   0x20000932   Data         262  sci_upper.o(.bss)
    g_u8SCITxBuff                            0x20000a38   Data         251  sci_upper.o(.bss)
    g_stCellInfoReport                       0x20000b34   Data         126  sci_upper.o(.bss)
    AFE_ROM_PARAMETERS_Struction             0x20000bb2   Data          26  sh367309_datadeal.o(.bss)
    SH367309_Reg_Store                       0x20000bcc   Data          12  sh367309_func.o(.bss)
    SOC_Table_Set                            0x20000bd8   Data          84  soc.o(.bss)
    System_ErrFlag                           0x20000c2c   Data          24  system_monitor.o(.bss)
    Driver_Element                           0x20000c44   Data          24  iodrivers.o(.bss)
    Driver_Element_last                      0x20000c5c   Data          24  iodrivers.o(.bss)
    Driver_GPIO                              0x20000c74   Data          32  iodrivers.o(.bss)
    SOC_Enhance_Element                      0x20000c94   Data         162  socenhance.o(.bss)
    SOC_Calculate_Element                    0x20000d38   Data          40  socenhance.o(.bss)
    SOC_E2prom_Par                           0x20000d60   Data          32  socenhance.o(.bss)
    SOC_E2prom_Adress                        0x20000d80   Data          32  socenhance.o(.bss)
    BMS_LOG_RECORD                           0x20000dc8   Data         200  logrecord_flash.o(.bss)
    sys_time                                 0x20000ea8   Data         112  conf.o(.bss)
    g_tParam                                 0x20000f18   Data         436  param.o(.bss)
    __initial_sp                             0x200018d0   Data           0  startup_stm32f0xx.o(STACK)



==============================================================================

Memory Map of the image

  Image Entry point : 0x08001cc1

  Load Region LR_IROM1 (Base: 0x08001c00, Size: 0x0000bc34, Max: 0x0000e400, ABSOLUTE, COMPRESSED[0x0000b8fc])

    Execution Region ER_IROM1 (Exec base: 0x08001c00, Load base: 0x08001c00, Size: 0x0000b710, Max: 0x0000e400, ABSOLUTE)

    Exec Addr    Load Addr    Size         Type   Attr      Idx    E Section Name        Object

    0x08001c00   0x08001c00   0x000000c0   Data   RO            3    RESET               startup_stm32f0xx.o
    0x08001cc0   0x08001cc0   0x00000000   Code   RO         7570  * .ARM.Collect$$$$00000000  mc_p.l(entry.o)
    0x08001cc0   0x08001cc0   0x00000004   Code   RO         7597    .ARM.Collect$$$$00000001  mc_p.l(entry2.o)
    0x08001cc4   0x08001cc4   0x00000004   Code   RO         7600    .ARM.Collect$$$$00000004  mc_p.l(entry5.o)
    0x08001cc8   0x08001cc8   0x00000000   Code   RO         7602    .ARM.Collect$$$$00000008  mc_p.l(entry7b.o)
    0x08001cc8   0x08001cc8   0x00000000   Code   RO         7604    .ARM.Collect$$$$0000000A  mc_p.l(entry8b.o)
    0x08001cc8   0x08001cc8   0x00000008   Code   RO         7605    .ARM.Collect$$$$0000000B  mc_p.l(entry9a.o)
    0x08001cd0   0x08001cd0   0x00000004   Code   RO         7612    .ARM.Collect$$$$0000000E  mc_p.l(entry12b.o)
    0x08001cd4   0x08001cd4   0x00000000   Code   RO         7607    .ARM.Collect$$$$0000000F  mc_p.l(entry10a.o)
    0x08001cd4   0x08001cd4   0x00000000   Code   RO         7609    .ARM.Collect$$$$00000011  mc_p.l(entry11a.o)
    0x08001cd4   0x08001cd4   0x00000004   Code   RO         7598    .ARM.Collect$$$$00002712  mc_p.l(entry2.o)
    0x08001cd8   0x08001cd8   0x0000001c   Code   RO            4    .text               startup_stm32f0xx.o
    0x08001cf4   0x08001cf4   0x0000002c   Code   RO         7573    .text               mc_p.l(uidiv.o)
    0x08001d20   0x08001d20   0x00000028   Code   RO         7575    .text               mc_p.l(idiv.o)
    0x08001d48   0x08001d48   0x00000024   Code   RO         7577    .text               mc_p.l(memcpya.o)
    0x08001d6c   0x08001d6c   0x00000024   Code   RO         7579    .text               mc_p.l(memseta.o)
    0x08001d90   0x08001d90   0x0000007a   Code   RO         7585    .text               mf_p.l(fmul.o)
    0x08001e0a   0x08001e0a   0x0000007c   Code   RO         7587    .text               mf_p.l(fdiv.o)
    0x08001e86   0x08001e86   0x0000000e   Code   RO         7591    .text               mf_p.l(ffltui.o)
    0x08001e94   0x08001e94   0x00000014   Code   RO         7595    .text               mf_p.l(cfrcmple.o)
    0x08001ea8   0x08001ea8   0x00000000   Code   RO         7613    .text               mc_p.l(iusefp.o)
    0x08001ea8   0x08001ea8   0x00000082   Code   RO         7614    .text               mf_p.l(fepilogue.o)
    0x08001f2a   0x08001f2a   0x00000002   PAD
    0x08001f2c   0x08001f2c   0x00000024   Code   RO         7616    .text               mc_p.l(init.o)
    0x08001f50   0x08001f50   0x00000056   Code   RO         7626    .text               mc_p.l(__dczerorl2.o)
    0x08001fa6   0x08001fa6   0x00000018   Code   RO         3721    i.ADC_ChannelConfig  stm32f0xx_adc.o
    0x08001fbe   0x08001fbe   0x00000018   Code   RO         3725    i.ADC_Cmd           stm32f0xx_adc.o
    0x08001fd6   0x08001fd6   0x00000018   Code   RO         3727    i.ADC_DMACmd        stm32f0xx_adc.o
    0x08001fee   0x08001fee   0x00000010   Code   RO         3728    i.ADC_DMARequestModeConfig  stm32f0xx_adc.o
    0x08001ffe   0x08001ffe   0x00000002   PAD
    0x08002000   0x08002000   0x00000020   Code   RO         3729    i.ADC_DeInit        stm32f0xx_adc.o
    0x08002020   0x08002020   0x0000003c   Code   RO         3731    i.ADC_GetCalibrationFactor  stm32f0xx_adc.o
    0x0800205c   0x0800205c   0x00000030   Code   RO         3733    i.ADC_GetFlagStatus  stm32f0xx_adc.o
    0x0800208c   0x0800208c   0x0000002c   Code   RO         3736    i.ADC_Init          stm32f0xx_adc.o
    0x080020b8   0x080020b8   0x0000001c   Code   RO         3738    i.ADC_OverrunModeCmd  stm32f0xx_adc.o
    0x080020d4   0x080020d4   0x0000000a   Code   RO         3739    i.ADC_StartOfConversion  stm32f0xx_adc.o
    0x080020de   0x080020de   0x00000010   Code   RO         3741    i.ADC_StructInit    stm32f0xx_adc.o
    0x080020ee   0x080020ee   0x00000002   PAD
    0x080020f0   0x080020f0   0x000000b8   Code   RO          352    i.ADC_TTC           adc.o
    0x080021a8   0x080021a8   0x00000048   Code   RO         2344    i.AFE_IsReady       sh367309_func.o
    0x080021f0   0x080021f0   0x00000030   Code   RO         2345    i.AFE_Reset         sh367309_func.o
    0x08002220   0x08002220   0x00000020   Code   RO         2347    i.AFE_Sleep         sh367309_func.o
    0x08002240   0x08002240   0x00000050   Code   RO         3523    i.APP_LedBar        led_soc.o
    0x08002290   0x08002290   0x000000c4   Code   RO          741    i.App_AFEGet        datadeal.o
    0x08002354   0x08002354   0x00000024   Code   RO          354    i.App_AnlogCal      adc.o
    0x08002378   0x08002378   0x000000d8   Code   RO          999    i.App_BatOvp_SecondCheck  fault.o
    0x08002450   0x08002450   0x000000d8   Code   RO         1000    i.App_BatOvp_ThirdCheck  fault.o
    0x08002528   0x08002528   0x000000d8   Code   RO         1001    i.App_BatUvp_SecondCheck  fault.o
    0x08002600   0x08002600   0x000000d8   Code   RO         1002    i.App_BatUvp_ThirdCheck  fault.o
    0x080026d8   0x080026d8   0x00000178   Code   RO         1003    i.App_CellChgOtp_SecondCheck  fault.o
    0x08002850   0x08002850   0x00000170   Code   RO         1004    i.App_CellChgOtp_ThirdCheck  fault.o
    0x080029c0   0x080029c0   0x0000016c   Code   RO         1005    i.App_CellChgUtp_SecondCheck  fault.o
    0x08002b2c   0x08002b2c   0x00000164   Code   RO         1006    i.App_CellChgUtp_ThirdCheck  fault.o
    0x08002c90   0x08002c90   0x00000168   Code   RO         1007    i.App_CellDisChgOtp_SecondCheck  fault.o
    0x08002df8   0x08002df8   0x00000170   Code   RO         1008    i.App_CellDisChgOtp_ThirdCheck  fault.o
    0x08002f68   0x08002f68   0x00000170   Code   RO         1009    i.App_CellDischgUtp_SecondCheck  fault.o
    0x080030d8   0x080030d8   0x00000170   Code   RO         1010    i.App_CellDischgUtp_ThirdCheck  fault.o
    0x08003248   0x08003248   0x000000d4   Code   RO         1011    i.App_CellOvp_SecondCheck  fault.o
    0x0800331c   0x0800331c   0x000000d4   Code   RO         1012    i.App_CellOvp_ThirdCheck  fault.o
    0x080033f0   0x080033f0   0x000000dc   Code   RO         1013    i.App_CellSocUp_SecondCheck  fault.o
    0x080034cc   0x080034cc   0x000000dc   Code   RO         1014    i.App_CellSocUp_ThirdCheck  fault.o
    0x080035a8   0x080035a8   0x000000d8   Code   RO         1015    i.App_CellUvp_SecondCheck  fault.o
    0x08003680   0x08003680   0x000000d8   Code   RO         1016    i.App_CellUvp_ThirdCheck  fault.o
    0x08003758   0x08003758   0x00000010   Code   RO         1965    i.App_CommonUpper   sci_upper.o
    0x08003768   0x08003768   0x0000010c   Code   RO         1966    i.App_CommonUpperSCI2  sci_upper.o
    0x08003874   0x08003874   0x00000060   Code   RO         3028    i.App_DI1_Switch    io_control.o
    0x080038d4   0x080038d4   0x0000003c   Code   RO         1202    i.App_FlashUpdateDet  flash.o
    0x08003910   0x08003910   0x000000e4   Code   RO         1017    i.App_IchgOcp_SecondCheck  fault.o
    0x080039f4   0x080039f4   0x000000e4   Code   RO         1018    i.App_IchgOcp_ThirdCheck  fault.o
    0x08003ad8   0x08003ad8   0x000000e4   Code   RO         1019    i.App_IdischgOcp_SecondCheck  fault.o
    0x08003bbc   0x08003bbc   0x000000e4   Code   RO         1020    i.App_IdischgOcp_ThirdCheck  fault.o
    0x08003ca0   0x08003ca0   0x00000180   Code   RO         3643    i.App_LogRecord     logrecord_flash.o
    0x08003e20   0x08003e20   0x00000044   Code   RO         3029    i.App_MOS_Relay_Ctrl  io_control.o
    0x08003e64   0x08003e64   0x000000d8   Code   RO         1021    i.App_MosOtp_SecondCheck  fault.o
    0x08003f3c   0x08003f3c   0x000000d8   Code   RO         1022    i.App_MosOtp_ThirdCheck  fault.o
    0x08004014   0x08004014   0x000000b8   Code   RO         1850    i.App_PWM           pwm.o
    0x080040cc   0x080040cc   0x0000009a   Code   RO         1753    i.App_PubOPUPChk    pubfunc.o
    0x08004166   0x08004166   0x0000000c   Code   RO         2349    i.App_SH367309      sh367309_func.o
    0x08004172   0x08004172   0x00000002   PAD
    0x08004174   0x08004174   0x000001c0   Code   RO         2350    i.App_SH367309_Monitor  sh367309_func.o
    0x08004334   0x08004334   0x00000068   Code   RO         2719    i.App_SOC           soc.o
    0x0800439c   0x0800439c   0x0000012c   Code   RO         2469    i.App_SleepDeal     sleepdeal.o
    0x080044c8   0x080044c8   0x00000318   Code   RO         2769    i.App_SysTime       system_init.o
    0x080047e0   0x080047e0   0x000000d8   Code   RO         1023    i.App_VdeltaOp_SecondCheck  fault.o
    0x080048b8   0x080048b8   0x000000f4   Code   RO         1024    i.App_VdeltaOp_ThirdCheck  fault.o
    0x080049ac   0x080049ac   0x00000002   Code   RO         1638    i.App_WakeUpAFE     main.o
    0x080049ae   0x080049ae   0x0000006c   Code   RO         1025    i.App_WarnCtrl      fault.o
    0x08004a1a   0x08004a1a   0x00000002   PAD
    0x08004a1c   0x08004a1c   0x00000028   Code   RO         3524    i.Board_PowerOff    led_soc.o
    0x08004a44   0x08004a44   0x00000020   Code   RO         1374    i.CRC8cal           i2c_afe1.o
    0x08004a64   0x08004a64   0x0000003c   Code   RO         1967    i.CRC_verify        sci_upper.o
    0x08004aa0   0x08004aa0   0x0000001c   Code   RO         2253    i.Choose_Right_Value  sh367309_datadeal.o
    0x08004abc   0x08004abc   0x0000001c   Code   RO         4633    i.DMA_Cmd           stm32f0xx_dma.o
    0x08004ad8   0x08004ad8   0x00000164   Code   RO         4634    i.DMA_DeInit        stm32f0xx_dma.o
    0x08004c3c   0x08004c3c   0x00000040   Code   RO         4639    i.DMA_Init          stm32f0xx_dma.o
    0x08004c7c   0x08004c7c   0x0000001a   Code   RO         4642    i.DMA_StructInit    stm32f0xx_dma.o
    0x08004c96   0x08004c96   0x00000002   PAD
    0x08004c98   0x08004c98   0x000000b0   Code   RO          742    i.DataLoad_CellVolt  datadeal.o
    0x08004d48   0x08004d48   0x00000094   Code   RO          743    i.DataLoad_CellVoltMaxMinFind  datadeal.o
    0x08004ddc   0x08004ddc   0x0000016c   Code   RO          745    i.DataLoad_Current  datadeal.o
    0x08004f48   0x08004f48   0x000000b0   Code   RO          746    i.DataLoad_CurrentCali  datadeal.o
    0x08004ff8   0x08004ff8   0x000000cc   Code   RO          831    i.DataLoad_CurrentCali_startup  eeprom.o
    0x080050c4   0x080050c4   0x00000128   Code   RO          747    i.DataLoad_Temperature  datadeal.o
    0x080051ec   0x080051ec   0x00000044   Code   RO          748    i.DataLoad_TemperatureMaxMinFind  datadeal.o
    0x08005230   0x08005230   0x0000001e   Code   RO         1755    i.Delay1ms          pubfunc.o
    0x0800524e   0x0800524e   0x0000000a   Code   RO         1375    i.Delay4us          i2c_afe1.o
    0x08005258   0x08005258   0x0000003c   Code   RO         3030    i.DriverMos_Ctrl    io_control.o
    0x08005294   0x08005294   0x000000d4   Code   RO         3141    i.DriversOnOFF      iodrivers.o
    0x08005368   0x08005368   0x0000001a   Code   RO         3142    i.Drivers_Ctrl      iodrivers.o
    0x08005382   0x08005382   0x00000002   PAD
    0x08005384   0x08005384   0x00000154   Code   RO         3031    i.Drivers_External_Ctrl  io_control.o
    0x080054d8   0x080054d8   0x0000003c   Code   RO         2254    i.EEPROM_ResetData_AFE_ParametersToDefault  sh367309_datadeal.o
    0x08005514   0x08005514   0x00000090   Code   RO         3644    i.EEPROM_ResetData_EventRecord_ToDefault  logrecord_flash.o
    0x080055a4   0x080055a4   0x00000040   Code   RO           12    i.EXTI0_1_IRQHandler  stm32f0xx_it.o
    0x080055e4   0x080055e4   0x00000088   Code   RO           13    i.EXTI4_15_IRQHandler  stm32f0xx_it.o
    0x0800566c   0x0800566c   0x0000000c   Code   RO         4718    i.EXTI_ClearITPendingBit  stm32f0xx_exti.o
    0x08005678   0x08005678   0x0000001c   Code   RO         4722    i.EXTI_GetITStatus  stm32f0xx_exti.o
    0x08005694   0x08005694   0x00000088   Code   RO         4723    i.EXTI_Init         stm32f0xx_exti.o
    0x0800571c   0x0800571c   0x0000000c   Code   RO         4779    i.FLASH_ClearFlag   stm32f0xx_flash.o
    0x08005728   0x08005728   0x0000004c   Code   RO         4781    i.FLASH_ErasePage   stm32f0xx_flash.o
    0x08005774   0x08005774   0x0000003c   Code   RO         4784    i.FLASH_GetStatus   stm32f0xx_flash.o
    0x080057b0   0x080057b0   0x00000014   Code   RO         4786    i.FLASH_Lock        stm32f0xx_flash.o
    0x080057c4   0x080057c4   0x00000044   Code   RO         4805    i.FLASH_ProgramHalfWord  stm32f0xx_flash.o
    0x08005808   0x08005808   0x0000006c   Code   RO         4806    i.FLASH_ProgramWord  stm32f0xx_flash.o
    0x08005874   0x08005874   0x00000024   Code   RO         4808    i.FLASH_Unlock      stm32f0xx_flash.o
    0x08005898   0x08005898   0x00000028   Code   RO         4809    i.FLASH_WaitForLastOperation  stm32f0xx_flash.o
    0x080058c0   0x080058c0   0x00000002   Code   RO         1026    i.FaultWarnRecord   fault.o
    0x080058c2   0x080058c2   0x00000002   PAD
    0x080058c4   0x080058c4   0x00000090   Code   RO         1027    i.FaultWarnRecord2  fault.o
    0x08005954   0x08005954   0x00000218   Code   RO         2351    i.Fault_ChangeToMCU  sh367309_func.o
    0x08005b6c   0x08005b6c   0x00000006   Code   RO         1203    i.FlashReadOneHalfWord  flash.o
    0x08005b72   0x08005b72   0x00000006   Code   RO         1204    i.FlashReadOneWord  flash.o
    0x08005b78   0x08005b78   0x0000002e   Code   RO         1205    i.FlashWriteOneHalfWord  flash.o
    0x08005ba6   0x08005ba6   0x00000090   Code   RO         4980    i.GPIO_Init         stm32f0xx_gpio.o
    0x08005c36   0x08005c36   0x00000044   Code   RO         4981    i.GPIO_PinAFConfig  stm32f0xx_gpio.o
    0x08005c7a   0x08005c7a   0x00000014   Code   RO         4984    i.GPIO_ReadInputDataBit  stm32f0xx_gpio.o
    0x08005c8e   0x08005c8e   0x00000014   Code   RO         4986    i.GPIO_ReadOutputDataBit  stm32f0xx_gpio.o
    0x08005ca2   0x08005ca2   0x00000004   Code   RO         4987    i.GPIO_ResetBits    stm32f0xx_gpio.o
    0x08005ca6   0x08005ca6   0x00000004   Code   RO         4988    i.GPIO_SetBits      stm32f0xx_gpio.o
    0x08005caa   0x08005caa   0x0000000c   Code   RO         4991    i.GPIO_WriteBit     stm32f0xx_gpio.o
    0x08005cb6   0x08005cb6   0x00000002   Code   RO         3032    i.GetData_Drivers   io_control.o
    0x08005cb8   0x08005cb8   0x0000016e   Code   RO         1756    i.GetEndValue       pubfunc.o
    0x08005e26   0x08005e26   0x00000004   Code   RO           14    i.HardFault_Handler  stm32f0xx_it.o
    0x08005e2a   0x08005e2a   0x00000004   Code   RO         2470    i.IORecover_DeepMode  sleepdeal.o
    0x08005e2e   0x08005e2e   0x00000004   Code   RO         2472    i.IORecover_RTCMode  sleepdeal.o
    0x08005e32   0x08005e32   0x00000002   PAD
    0x08005e34   0x08005e34   0x00000064   Code   RO         2474    i.IOstatus_Base     sleepdeal.o
    0x08005e98   0x08005e98   0x0000000e   Code   RO         2475    i.IOstatus_DeepMode  sleepdeal.o
    0x08005ea6   0x08005ea6   0x00000008   Code   RO         2476    i.IOstatus_NormalMode  sleepdeal.o
    0x08005eae   0x08005eae   0x00000008   Code   RO         2477    i.IOstatus_RTCMode  sleepdeal.o
    0x08005eb6   0x08005eb6   0x00000002   PAD
    0x08005eb8   0x08005eb8   0x00000010   Code   RO         5339    i.IWDG_ReloadCounter  stm32f0xx_iwdg.o
    0x08005ec8   0x08005ec8   0x00000040   Code   RO          355    i.InitADC           adc.o
    0x08005f08   0x08005f08   0x0000008c   Code   RO          356    i.InitADC_ADC1      adc.o
    0x08005f94   0x08005f94   0x00000064   Code   RO          357    i.InitADC_DMA       adc.o
    0x08005ff8   0x08005ff8   0x00000040   Code   RO          358    i.InitADC_GPIO      adc.o
    0x08006038   0x08006038   0x0000004c   Code   RO          359    i.InitADC_TIMER     adc.o
    0x08006084   0x08006084   0x00000074   Code   RO         1386    i.InitAFE1          i2c_afe1.o
    0x080060f8   0x080060f8   0x0000003c   Code   RO         1387    i.InitAFE1_Sleep    i2c_afe1.o
    0x08006134   0x08006134   0x00000024   Code   RO         3033    i.InitData_Drivers  io_control.o
    0x08006158   0x08006158   0x0000007c   Code   RO         2721    i.InitData_SOC      soc.o
    0x080061d4   0x080061d4   0x00000094   Code   RO         2775    i.InitDelay         system_init.o
    0x08006268   0x08006268   0x0000007c   Code   RO         1639    i.InitDevice        main.o
    0x080062e4   0x080062e4   0x00000174   Code   RO         2776    i.InitIO            system_init.o
    0x08006458   0x08006458   0x00000008   Code   RO         3034    i.InitMosRelay_DOx  io_control.o
    0x08006460   0x08006460   0x000000b4   Code   RO         1968    i.InitSCI2_CommonUpper  sci_upper.o
    0x08006514   0x08006514   0x000000e8   Code   RO         3340    i.InitShortCur      shortfunc.o
    0x080065fc   0x080065fc   0x000001e8   Code   RO         2876    i.InitSystemMonitorData_EEPROM  system_monitor.o
    0x080067e4   0x080067e4   0x0000001c   Code   RO         1640    i.InitSystemWakeUp  main.o
    0x08006800   0x08006800   0x00000064   Code   RO         2777    i.InitTimer         system_init.o
    0x08006864   0x08006864   0x00000008   Code   RO         1969    i.InitUSART_CommonUpper  sci_upper.o
    0x0800686c   0x0800686c   0x00000054   Code   RO         1641    i.InitVar           main.o
    0x080068c0   0x080068c0   0x000000f8   Code   RO         2479    i.InitWakeUp_Base   sleepdeal.o
    0x080069b8   0x080069b8   0x00000008   Code   RO         2480    i.InitWakeUp_DeepMode  sleepdeal.o
    0x080069c0   0x080069c0   0x00000068   Code   RO         2481    i.InitWakeUp_NormalMode  sleepdeal.o
    0x08006a28   0x08006a28   0x00000010   Code   RO         2482    i.InitWakeUp_RTCMode  sleepdeal.o
    0x08006a38   0x08006a38   0x00000034   Code   RO         1207    i.Init_IAPAPP       flash.o
    0x08006a6c   0x08006a6c   0x00000020   Code   RO         1893    i.Init_RTC          rtc.o
    0x08006a8c   0x08006a8c   0x00000010   Code   RO         1895    i.Init_RTC_HaltWakeUp  rtc.o
    0x08006a9c   0x08006a9c   0x00000030   Code   RO          749    i.Init_Registers    datadeal.o
    0x08006acc   0x08006acc   0x000000bc   Code   RO         2484    i.IsSleepStartUp    sleepdeal.o
    0x08006b88   0x08006b88   0x0000001c   Code   RO         3527    i.LED_Off           led_soc.o
    0x08006ba4   0x08006ba4   0x0000001c   Code   RO         3528    i.LED_On            led_soc.o
    0x08006bc0   0x08006bc0   0x00000078   Code   RO         3529    i.LedBar_Show_CHG   led_soc.o
    0x08006c38   0x08006c38   0x0000005c   Code   RO         3530    i.LedBar_Show_DSG   led_soc.o
    0x08006c94   0x08006c94   0x000000d0   Code   RO         3531    i.LedBar_Show_Normal  led_soc.o
    0x08006d64   0x08006d64   0x000000cc   Code   RO         3532    i.LedBar_StartUp    led_soc.o
    0x08006e30   0x08006e30   0x00000140   Code   RO         7330    i.LoadParam         param.o
    0x08006f70   0x08006f70   0x000000bc   Code   RO         3645    i.LogEvent_EEPROM   logrecord_flash.o
    0x0800702c   0x0800702c   0x000000bc   Code   RO         3646    i.LogEvent_Record   logrecord_flash.o
    0x080070e8   0x080070e8   0x0000004c   Code   RO         3647    i.LogTime_Map       logrecord_flash.o
    0x08007134   0x08007134   0x00000090   Code   RO         1757    i.MCU_GetResetType  pubfunc.o
    0x080071c4   0x080071c4   0x0000003c   Code   RO         1388    i.MTPRead           i2c_afe1.o
    0x08007200   0x08007200   0x00000060   Code   RO         1389    i.MTPWrite          i2c_afe1.o
    0x08007260   0x08007260   0x00000060   Code   RO         1390    i.MTPWriteROM       i2c_afe1.o
    0x080072c0   0x080072c0   0x0000020c   Code   RO          750    i.MonitorAFE        datadeal.o
    0x080074cc   0x080074cc   0x0000008c   Code   RO         1760    i.Monitor_TempBreak  pubfunc.o
    0x08007558   0x08007558   0x0000044c   Code   RO         3151    i.MosCtrl_SameDoor_NoPreChg  iodrivers.o
    0x080079a4   0x080079a4   0x00000002   Code   RO           15    i.NMI_Handler       stm32f0xx_it.o
    0x080079a6   0x080079a6   0x00000002   PAD
    0x080079a8   0x080079a8   0x00000070   Code   RO         5393    i.NVIC_Init         stm32f0xx_misc.o
    0x08007a18   0x08007a18   0x0000001c   Code   RO         2485    i.NVIC_SystemReset  sleepdeal.o
    0x08007a34   0x08007a34   0x00000028   Code   RO         5425    i.PWR_BackupAccessCmd  stm32f0xx_pwr.o
    0x08007a5c   0x08007a5c   0x00000064   Code   RO         5429    i.PWR_EnterSTOPMode  stm32f0xx_pwr.o
    0x08007ac0   0x08007ac0   0x00000002   Code   RO           16    i.PendSV_Handler    stm32f0xx_it.o
    0x08007ac2   0x08007ac2   0x00000002   PAD
    0x08007ac4   0x08007ac4   0x00000020   Code   RO         5500    i.RCC_AHBPeriphClockCmd  stm32f0xx_rcc.o
    0x08007ae4   0x08007ae4   0x00000020   Code   RO         5502    i.RCC_APB1PeriphClockCmd  stm32f0xx_rcc.o
    0x08007b04   0x08007b04   0x00000020   Code   RO         5504    i.RCC_APB2PeriphClockCmd  stm32f0xx_rcc.o
    0x08007b24   0x08007b24   0x00000020   Code   RO         5505    i.RCC_APB2PeriphResetCmd  stm32f0xx_rcc.o
    0x08007b44   0x08007b44   0x00000248   Code   RO         5514    i.RCC_GetClocksFreq  stm32f0xx_rcc.o
    0x08007d8c   0x08007d8c   0x00000048   Code   RO         5515    i.RCC_GetFlagStatus  stm32f0xx_rcc.o
    0x08007dd4   0x08007dd4   0x00000028   Code   RO         5526    i.RCC_LSEConfig     stm32f0xx_rcc.o
    0x08007dfc   0x08007dfc   0x00000024   Code   RO         5528    i.RCC_LSICmd        stm32f0xx_rcc.o
    0x08007e20   0x08007e20   0x00000028   Code   RO         5534    i.RCC_RTCCLKCmd     stm32f0xx_rcc.o
    0x08007e48   0x08007e48   0x00000010   Code   RO         5535    i.RCC_RTCCLKConfig  stm32f0xx_rcc.o
    0x08007e58   0x08007e58   0x00000070   Code   RO         5761    i.RTC_AlarmCmd      stm32f0xx_rtc.o
    0x08007ec8   0x08007ec8   0x000000d4   Code   RO         1896    i.RTC_AlarmConfig   rtc.o
    0x08007f9c   0x08007f9c   0x0000001a   Code   RO         5764    i.RTC_Bcd2ToByte    stm32f0xx_rtc.o
    0x08007fb6   0x08007fb6   0x0000001c   Code   RO         5766    i.RTC_ByteToBcd2    stm32f0xx_rtc.o
    0x08007fd2   0x08007fd2   0x00000002   PAD
    0x08007fd4   0x08007fd4   0x00000024   Code   RO         5770    i.RTC_ClearITPendingBit  stm32f0xx_rtc.o
    0x08007ff8   0x08007ff8   0x000000d8   Code   RO         1897    i.RTC_ClockConfig   rtc.o
    0x080080d0   0x080080d0   0x00000058   Code   RO         5774    i.RTC_EnterInitMode  stm32f0xx_rtc.o
    0x08008128   0x08008128   0x00000014   Code   RO         5775    i.RTC_ExitInitMode  stm32f0xx_rtc.o
    0x0800813c   0x0800813c   0x0000004c   Code   RO         5780    i.RTC_GetITStatus   stm32f0xx_rtc.o
    0x08008188   0x08008188   0x00000020   Code   RO         1898    i.RTC_IRQHandler    rtc.o
    0x080081a8   0x080081a8   0x00000064   Code   RO         5787    i.RTC_ITConfig      stm32f0xx_rtc.o
    0x0800820c   0x0800820c   0x00000058   Code   RO         5788    i.RTC_Init          stm32f0xx_rtc.o
    0x08008264   0x08008264   0x000000d8   Code   RO         5793    i.RTC_SetAlarm      stm32f0xx_rtc.o
    0x0800833c   0x0800833c   0x000000d0   Code   RO         5794    i.RTC_SetDate       stm32f0xx_rtc.o
    0x0800840c   0x0800840c   0x000000d8   Code   RO         5795    i.RTC_SetTime       stm32f0xx_rtc.o
    0x080084e4   0x080084e4   0x00000058   Code   RO         1899    i.RTC_TimeConfig    rtc.o
    0x0800853c   0x0800853c   0x0000006c   Code   RO         5809    i.RTC_WaitForSynchro  stm32f0xx_rtc.o
    0x080085a8   0x080085a8   0x00000050   Code   RO         3648    i.ReadEEPROM_EventRecord_Parameters  logrecord_flash.o
    0x080085f8   0x080085f8   0x000001c8   Code   RO         3035    i.RefreshData_Drivers  io_control.o
    0x080087c0   0x080087c0   0x00000170   Code   RO         2257    i.Refresh_Parameters  sh367309_datadeal.o
    0x08008930   0x08008930   0x0000006c   Code   RO         2352    i.SH367309_DriverMos_Ctrl  sh367309_func.o
    0x0800899c   0x0800899c   0x00000020   Code   RO         2353    i.SH367309_Enable_AFE_Wdt_Cadc_Drivers  sh367309_func.o
    0x080089bc   0x080089bc   0x0000006c   Code   RO         2354    i.SH367309_SC_DelayT_Set  sh367309_func.o
    0x08008a28   0x08008a28   0x00000080   Code   RO         2258    i.SH367309_UpdataAfeConfig  sh367309_datadeal.o
    0x08008aa8   0x08008aa8   0x0000008c   Code   RO         3533    i.SOC_LED_Init      led_soc.o
    0x08008b34   0x08008b34   0x00000002   Code   RO           17    i.SVC_Handler       stm32f0xx_it.o
    0x08008b36   0x08008b36   0x00000002   PAD
    0x08008b38   0x08008b38   0x00000040   Code   RO         6295    i.SYSCFG_EXTILineConfig  stm32f0xx_syscfg.o
    0x08008b78   0x08008b78   0x0000001c   Code   RO         6300    i.SYSCFG_MemoryRemapConfig  stm32f0xx_syscfg.o
    0x08008b94   0x08008b94   0x00000018   Code   RO         7331    i.SaveParam         param.o
    0x08008bac   0x08008bac   0x00000084   Code   RO         1970    i.Sci2_CommonUpper_FaultChk  sci_upper.o
    0x08008c30   0x08008c30   0x00000120   Code   RO         1971    i.Sci2_CommonUpper_Rx_Deal  sci_upper.o
    0x08008d50   0x08008d50   0x000000e4   Code   RO         1972    i.Sci2_CommonUpper_Tx_Deal  sci_upper.o
    0x08008e34   0x08008e34   0x0000012c   Code   RO         1973    i.Sci_ACK_0x03      sci_upper.o
    0x08008f60   0x08008f60   0x00000030   Code   RO         2259    i.Sci_ACK_0x03_RW_AFE_Parameters  sh367309_datadeal.o
    0x08008f90   0x08008f90   0x0000004c   Code   RO         1974    i.Sci_ACK_0x03_RW_Data_Cali  sci_upper.o
    0x08008fdc   0x08008fdc   0x000000e4   Code   RO         1975    i.Sci_ACK_0x03_RW_Data_Other  sci_upper.o
    0x080090c0   0x080090c0   0x00000058   Code   RO         1976    i.Sci_ACK_0x03_RW_Data_OtherCanAdd  sci_upper.o
    0x08009118   0x08009118   0x00000030   Code   RO         1977    i.Sci_ACK_0x03_RW_Data_Pro  sci_upper.o
    0x08009148   0x08009148   0x0000037c   Code   RO         1978    i.Sci_ACK_0x03_ReadRegs_Data  sci_upper.o
    0x080094c4   0x080094c4   0x00000050   Code   RO         3649    i.Sci_ACK_0x03_ReadRegs_EventRecord  logrecord_flash.o
    0x08009514   0x08009514   0x00000320   Code   RO         1979    i.Sci_ACK_0x03_ReadRegs_LCD  sci_upper.o
    0x08009834   0x08009834   0x0000005e   Code   RO         1980    i.Sci_ACK_0x06_0x10  sci_upper.o
    0x08009892   0x08009892   0x00000002   PAD
    0x08009894   0x08009894   0x0000003c   Code   RO         1762    i.Sci_CRC16RTU      pubfunc.o
    0x080098d0   0x080098d0   0x0000003c   Code   RO         1981    i.Sci_DataInit      sci_upper.o
    0x0800990c   0x0800990c   0x000000a8   Code   RO         1982    i.Sci_Deal_ReadRegs_0x03  sci_upper.o
    0x080099b4   0x080099b4   0x000000bc   Code   RO         1983    i.Sci_Deal_WrReg_0x06  sci_upper.o
    0x08009a70   0x08009a70   0x0000025c   Code   RO         1984    i.Sci_Deal_WrRegs_0x10  sci_upper.o
    0x08009ccc   0x08009ccc   0x00000058   Code   RO         1985    i.Sci_WrReg_0x06_BMS_FunctionOFF  sci_upper.o
    0x08009d24   0x08009d24   0x00000168   Code   RO         1986    i.Sci_WrReg_0x06_BMS_FunctionON  sci_upper.o
    0x08009e8c   0x08009e8c   0x0000002c   Code   RO         2260    i.Sci_WrReg_0x06_Reset_AFE_Parameters  sh367309_datadeal.o
    0x08009eb8   0x08009eb8   0x000001ac   Code   RO         1987    i.Sci_WrReg_0x06_Reset_CalibCoef  sci_upper.o
    0x0800a064   0x0800a064   0x00000050   Code   RO         3650    i.Sci_WrReg_0x06_Reset_EventRecord  logrecord_flash.o
    0x0800a0b4   0x0800a0b4   0x0000005c   Code   RO         1988    i.Sci_WrReg_0x06_Reset_HeatCool  sci_upper.o
    0x0800a110   0x0800a110   0x00000098   Code   RO         1989    i.Sci_WrReg_0x06_Reset_OtherCanAdd  sci_upper.o
    0x0800a1a8   0x0800a1a8   0x00000074   Code   RO         1990    i.Sci_WrReg_0x06_Reset_ProtectElement  sci_upper.o
    0x0800a21c   0x0800a21c   0x0000007c   Code   RO         1991    i.Sci_WrReg_0x06_Reset_ProtectRecord  sci_upper.o
    0x0800a298   0x0800a298   0x00000028   Code   RO         1992    i.Sci_WrReg_0x06_SetSocOnce  sci_upper.o
    0x0800a2c0   0x0800a2c0   0x00000002   Code   RO         1993    i.Sci_WrReg_0x06_SwitchOFF  sci_upper.o
    0x0800a2c2   0x0800a2c2   0x00000002   Code   RO         1994    i.Sci_WrReg_0x06_SwitchON  sci_upper.o
    0x0800a2c4   0x0800a2c4   0x000000a8   Code   RO         2261    i.Sci_WrRegs_0x10_AFE_Parameters  sh367309_datadeal.o
    0x0800a36c   0x0800a36c   0x000000ac   Code   RO         1995    i.Sci_WrRegs_0x10_Balance  sci_upper.o
    0x0800a418   0x0800a418   0x000000b4   Code   RO         1996    i.Sci_WrRegs_0x10_CalibCoef  sci_upper.o
    0x0800a4cc   0x0800a4cc   0x00000002   Code   RO         1997    i.Sci_WrRegs_0x10_CopperLoss  sci_upper.o
    0x0800a4ce   0x0800a4ce   0x00000002   PAD
    0x0800a4d0   0x0800a4d0   0x00000044   Code   RO         1998    i.Sci_WrRegs_0x10_FlashConnect  sci_upper.o
    0x0800a514   0x0800a514   0x0000005c   Code   RO         1999    i.Sci_WrRegs_0x10_HeatCoolElement  sci_upper.o
    0x0800a570   0x0800a570   0x000000a4   Code   RO         2000    i.Sci_WrRegs_0x10_Protect  sci_upper.o
    0x0800a614   0x0800a614   0x00000002   Code   RO         2001    i.Sci_WrRegs_0x10_RTC  sci_upper.o
    0x0800a616   0x0800a616   0x00000002   PAD
    0x0800a618   0x0800a618   0x000000d4   Code   RO         2002    i.Sci_WrRegs_0x10_SN_Version  sci_upper.o
    0x0800a6ec   0x0800a6ec   0x000000bc   Code   RO         2003    i.Sci_WrRegs_0x10_SleepElement  sci_upper.o
    0x0800a7a8   0x0800a7a8   0x00000094   Code   RO         2004    i.Sci_WrRegs_0x10_SocElement  sci_upper.o
    0x0800a83c   0x0800a83c   0x00000002   Code   RO         2005    i.Sci_WrRegs_0x10_SocTable  sci_upper.o
    0x0800a83e   0x0800a83e   0x00000002   PAD
    0x0800a840   0x0800a840   0x0000009c   Code   RO         2006    i.Sci_WrRegs_0x10_SysOther  sci_upper.o
    0x0800a8dc   0x0800a8dc   0x000000bc   Code   RO         2007    i.Sci_WrRegs_0x10_SystemElement  sci_upper.o
    0x0800a998   0x0800a998   0x0000008c   Code   RO          307    i.SetSysClock       system_stm32f0xx.o
    0x0800aa24   0x0800aa24   0x0000007c   Code   RO         2486    i.SleepDeal_CBC     sleepdeal.o
    0x0800aaa0   0x0800aaa0   0x0000016c   Code   RO         2487    i.SleepDeal_Continue  sleepdeal.o
    0x0800ac0c   0x0800ac0c   0x00000094   Code   RO         2488    i.SleepDeal_Forced  sleepdeal.o
    0x0800aca0   0x0800aca0   0x00000190   Code   RO         2489    i.SleepDeal_Normal_L1  sleepdeal.o
    0x0800ae30   0x0800ae30   0x00000194   Code   RO         2490    i.SleepDeal_Normal_L2  sleepdeal.o
    0x0800afc4   0x0800afc4   0x00000150   Code   RO         2491    i.SleepDeal_Normal_L3  sleepdeal.o
    0x0800b114   0x0800b114   0x000000c0   Code   RO         2492    i.SleepDeal_Normal_Select  sleepdeal.o
    0x0800b1d4   0x0800b1d4   0x0000007c   Code   RO         2493    i.SleepDeal_OverCurrent  sleepdeal.o
    0x0800b250   0x0800b250   0x000000c4   Code   RO         2494    i.SleepDeal_Shift   sleepdeal.o
    0x0800b314   0x0800b314   0x0000003c   Code   RO         2495    i.SleepDeal_Test    sleepdeal.o
    0x0800b350   0x0800b350   0x00000002   Code   RO         2496    i.SleepDeal_VcellOVP  sleepdeal.o
    0x0800b352   0x0800b352   0x00000002   PAD
    0x0800b354   0x0800b354   0x0000007c   Code   RO         2497    i.SleepDeal_VcellUVP  sleepdeal.o
    0x0800b3d0   0x0800b3d0   0x00000002   Code   RO         2498    i.SleepDeal_Vdelta  sleepdeal.o
    0x0800b3d2   0x0800b3d2   0x00000002   Code   RO           18    i.SysTick_Handler   stm32f0xx_it.o
    0x0800b3d4   0x0800b3d4   0x00000050   Code   RO         2877    i.Sys_FindProtectFilterMax  system_monitor.o
    0x0800b424   0x0800b424   0x0000000c   Code   RO         2501    i.Sys_StopMode      sleepdeal.o
    0x0800b430   0x0800b430   0x0000007c   Code   RO          309    i.SystemInit        system_stm32f0xx.o
    0x0800b4ac   0x0800b4ac   0x00000310   Code   RO         2879    i.System_ERROR_UserCallback  system_monitor.o
    0x0800b7bc   0x0800b7bc   0x00000260   Code   RO         2880    i.System_FUNC_StartUp  system_monitor.o
    0x0800ba1c   0x0800ba1c   0x00000090   Code   RO         2779    i.TIM17_IRQHandler  system_init.o
    0x0800baac   0x0800baac   0x00000006   Code   RO         6376    i.TIM_ClearITPendingBit  stm32f0xx_tim.o
    0x0800bab2   0x0800bab2   0x00000002   PAD
    0x0800bab4   0x0800bab4   0x0000001c   Code   RO         6381    i.TIM_Cmd           stm32f0xx_tim.o
    0x0800bad0   0x0800bad0   0x00000026   Code   RO         6402    i.TIM_GetITStatus   stm32f0xx_tim.o
    0x0800baf6   0x0800baf6   0x00000014   Code   RO         6406    i.TIM_ITConfig      stm32f0xx_tim.o
    0x0800bb0a   0x0800bb0a   0x00000002   PAD
    0x0800bb0c   0x0800bb0c   0x00000014   Code   RO         6440    i.TIM_SelectOutputTrigger  stm32f0xx_tim.o
    0x0800bb20   0x0800bb20   0x00000004   Code   RO         6444    i.TIM_SetCompare1   stm32f0xx_tim.o
    0x0800bb24   0x0800bb24   0x00000004   Code   RO         6445    i.TIM_SetCompare2   stm32f0xx_tim.o
    0x0800bb28   0x0800bb28   0x0000007c   Code   RO         6454    i.TIM_TimeBaseInit  stm32f0xx_tim.o
    0x0800bba4   0x0800bba4   0x0000008c   Code   RO         1391    i.TwiChkClkRelease  i2c_afe1.o
    0x0800bc30   0x0800bc30   0x000000ec   Code   RO         1392    i.TwiGetData        i2c_afe1.o
    0x0800bd1c   0x0800bd1c   0x0000004c   Code   RO         1393    i.TwiReStart        i2c_afe1.o
    0x0800bd68   0x0800bd68   0x000000d0   Code   RO         1394    i.TwiRead           i2c_afe1.o
    0x0800be38   0x0800be38   0x0000017c   Code   RO         1396    i.TwiSendData       i2c_afe1.o
    0x0800bfb4   0x0800bfb4   0x0000007c   Code   RO         1397    i.TwiStart          i2c_afe1.o
    0x0800c030   0x0800c030   0x000000ac   Code   RO         1398    i.TwiStop           i2c_afe1.o
    0x0800c0dc   0x0800c0dc   0x0000008e   Code   RO         1399    i.TwiWrite          i2c_afe1.o
    0x0800c16a   0x0800c16a   0x00000012   Code   RO         1763    i.U16_SwapEndian    pubfunc.o
    0x0800c17c   0x0800c17c   0x00000034   Code   RO           19    i.USART1_IRQHandler  stm32f0xx_it.o
    0x0800c1b0   0x0800c1b0   0x00000034   Code   RO           20    i.USART2_IRQHandler  stm32f0xx_it.o
    0x0800c1e4   0x0800c1e4   0x00000018   Code   RO         6940    i.USART_Cmd         stm32f0xx_usart.o
    0x0800c1fc   0x0800c1fc   0x0000004e   Code   RO         6949    i.USART_GetITStatus  stm32f0xx_usart.o
    0x0800c24a   0x0800c24a   0x00000042   Code   RO         6951    i.USART_ITConfig    stm32f0xx_usart.o
    0x0800c28c   0x0800c28c   0x000000f8   Code   RO         6952    i.USART_Init        stm32f0xx_usart.o
    0x0800c384   0x0800c384   0x0000014c   Code   RO         1401    i.UpdateVoltageFromBqMaximo  i2c_afe1.o
    0x0800c4d0   0x0800c4d0   0x000001bc   Code   RO         1402    i.UpdateVoltageFromBqMaximo_Partition  i2c_afe1.o
    0x0800c68c   0x0800c68c   0x0000000a   Code   RO         2502    i.WakeUp            sleepdeal.o
    0x0800c696   0x0800c696   0x00000004   Code   RO          852    i.WriteEEPROM_Word_NoZone  eeprom.o
    0x0800c69a   0x0800c69a   0x00000044   Code   RO          853    i.WriteEEPROM_Word_WithZone  eeprom.o
    0x0800c6de   0x0800c6de   0x00000002   PAD
    0x0800c6e0   0x0800c6e0   0x0000004c   Code   RO         2262    i.Write_Parameters  sh367309_datadeal.o
    0x0800c72c   0x0800c72c   0x0000001c   Code   RO          644    i.__ARM_common_switch8  cell_balance.o
    0x0800c748   0x0800c748   0x00000058   Code   RO         2780    i.__delay_ms        system_init.o
    0x0800c7a0   0x0800c7a0   0x00000054   Code   RO         2781    i.__delay_us        system_init.o
    0x0800c7f4   0x0800c7f4   0x0000000e   Code   RO         7620    i.__scatterload_copy  mc_p.l(handlers.o)
    0x0800c802   0x0800c802   0x00000002   Code   RO         7621    i.__scatterload_null  mc_p.l(handlers.o)
    0x0800c804   0x0800c804   0x0000000e   Code   RO         7622    i.__scatterload_zeroinit  mc_p.l(handlers.o)
    0x0800c812   0x0800c812   0x00000022   Code   RO         3536    i.apply_led         led_soc.o
    0x0800c834   0x0800c834   0x00000028   Code   RO         7532    i.bsp_ReadCpuFlash  bsp_cpu_flash.o
    0x0800c85c   0x0800c85c   0x0000003e   Code   RO         7533    i.bsp_WriteCpuFlash  bsp_cpu_flash.o
    0x0800c89a   0x0800c89a   0x00000002   PAD
    0x0800c89c   0x0800c89c   0x0000001c   Code   RO         3036    i.close_chg         io_control.o
    0x0800c8b8   0x0800c8b8   0x0000000c   Code   RO         3037    i.close_dsg         io_control.o
    0x0800c8c4   0x0800c8c4   0x00000048   Code   RO         2504    i.entersleep        sleepdeal.o
    0x0800c90c   0x0800c90c   0x00000048   Code   RO         1403    i.initAFE1_IIC      i2c_afe1.o
    0x0800c954   0x0800c954   0x00000038   Code   RO         3038    i.isCHGsig          io_control.o
    0x0800c98c   0x0800c98c   0x00000098   Code   RO         3039    i.isforceClose      io_control.o
    0x0800ca24   0x0800ca24   0x0000003a   Code   RO         3537    i.led_animation     led_soc.o
    0x0800ca5e   0x0800ca5e   0x00000002   PAD
    0x0800ca60   0x0800ca60   0x00000080   Code   RO         3538    i.led_soc_update    led_soc.o
    0x0800cae0   0x0800cae0   0x0000003c   Code   RO         1643    i.main              main.o
    0x0800cb1c   0x0800cb1c   0x0000001c   Code   RO         3040    i.open_chg          io_control.o
    0x0800cb38   0x0800cb38   0x0000000c   Code   RO         3041    i.open_dsg          io_control.o
    0x0800cb44   0x0800cb44   0x0000002c   Code   RO         3539    i.raw_level         led_soc.o
    0x0800cb70   0x0800cb70   0x00000070   Data   RO          361    .constdata          adc.o
    0x0800cbe0   0x0800cbe0   0x00000170   Data   RO         1405    .constdata          i2c_afe1.o
    0x0800cd50   0x0800cd50   0x00000100   Data   RO         1644    .constdata          main.o
    0x0800ce50   0x0800ce50   0x000000f4   Data   RO         2009    .constdata          sci_upper.o
    0x0800cf44   0x0800cf44   0x000000c0   Data   RO         2264    .constdata          sh367309_datadeal.o
    0x0800d004   0x0800d004   0x000000fc   Data   RO         3388    .constdata          socenhance.o
    0x0800d100   0x0800d100   0x0000003c   Data   RO         3541    .constdata          led_soc.o
    0x0800d13c   0x0800d13c   0x000001b4   Data   RO         7333    .constdata          param.o
    0x0800d2f0   0x0800d2f0   0x00000020   Data   RO         7618    Region$$Table       anon$$obj.o


    Execution Region RW_IRAM1 (Exec base: 0x200000c0, Load base: 0x0800d310, Size: 0x00001810, Max: 0x00001f40, ABSOLUTE, COMPRESSED[0x000001ec])

    Exec Addr    Load Addr    Size         Type   Attr      Idx    E Section Name        Object

    0x200000c0   COMPRESSED   0x00000014   Data   RW          310    .data               system_stm32f0xx.o
    0x200000d4   COMPRESSED   0x0000000c   Data   RW          362    .data               adc.o
    0x200000e0   COMPRESSED   0x00000006   Data   RW          672    .data               chargerloadfunc.o
    0x200000e6   COMPRESSED   0x00000002   PAD
    0x200000e8   COMPRESSED   0x0000001c   Data   RW          752    .data               datadeal.o
    0x20000104   COMPRESSED   0x00000034   Data   RW          855    .data               eeprom.o
    0x20000138   COMPRESSED   0x00000046   Data   RW         1029    .data               fault.o
    0x2000017e   COMPRESSED   0x00000001   Data   RW         1645    .data               main.o
    0x2000017f   COMPRESSED   0x00000003   Data   RW         1766    .data               pubfunc.o
    0x20000182   COMPRESSED   0x00000002   PAD
    0x20000184   COMPRESSED   0x0000000c   Data   RW         1853    .data               pwm.o
    0x20000190   COMPRESSED   0x00000009   Data   RW         1901    .data               rtc.o
    0x20000199   COMPRESSED   0x00000003   PAD
    0x2000019c   COMPRESSED   0x00000014   Data   RW         2010    .data               sci_upper.o
    0x200001b0   COMPRESSED   0x000000d8   Data   RW         2265    .data               sh367309_datadeal.o
    0x20000288   COMPRESSED   0x00000154   Data   RW         2358    .data               sh367309_func.o
    0x200003dc   COMPRESSED   0x0000005e   Data   RW         2505    .data               sleepdeal.o
    0x2000043a   COMPRESSED   0x0000002b   Data   RW         2782    .data               system_init.o
    0x20000465   COMPRESSED   0x00000003   PAD
    0x20000468   COMPRESSED   0x0000001a   Data   RW         2882    .data               system_monitor.o
    0x20000482   COMPRESSED   0x00000002   PAD
    0x20000484   COMPRESSED   0x00000014   Data   RW         3042    .data               io_control.o
    0x20000498   COMPRESSED   0x00000108   Data   RW         3166    .data               iodrivers.o
    0x200005a0   COMPRESSED   0x0000002a   Data   RW         3542    .data               led_soc.o
    0x200005ca   COMPRESSED   0x00000002   PAD
    0x200005cc   COMPRESSED   0x00000008   Data   RW         3652    .data               logrecord_flash.o
    0x200005d4   COMPRESSED   0x00000010   Data   RW         5540    .data               stm32f0xx_rcc.o
    0x200005e4        -       0x00000018   Zero   RW          360    .bss                adc.o
    0x200005fc        -       0x00000040   Zero   RW          751    .bss                datadeal.o
    0x2000063c        -       0x000000f0   Zero   RW         1028    .bss                fault.o
    0x2000072c        -       0x0000005c   Zero   RW         1404    .bss                i2c_afe1.o
    0x20000788        -       0x00000070   Zero   RW         1708    .bss                productionid.o
    0x200007f8        -       0x00000034   Zero   RW         1900    .bss                rtc.o
    0x2000082c        -       0x00000386   Zero   RW         2008    .bss                sci_upper.o
    0x20000bb2        -       0x0000001a   Zero   RW         2263    .bss                sh367309_datadeal.o
    0x20000bcc        -       0x0000000c   Zero   RW         2357    .bss                sh367309_func.o
    0x20000bd8        -       0x00000054   Zero   RW         2723    .bss                soc.o
    0x20000c2c        -       0x00000018   Zero   RW         2881    .bss                system_monitor.o
    0x20000c44        -       0x00000050   Zero   RW         3165    .bss                iodrivers.o
    0x20000c94        -       0x0000010c   Zero   RW         3387    .bss                socenhance.o
    0x20000da0        -       0x00000028   Zero   RW         3540    .bss                led_soc.o
    0x20000dc8        -       0x000000dd   Zero   RW         3651    .bss                logrecord_flash.o
    0x20000ea5   COMPRESSED   0x00000003   PAD
    0x20000ea8        -       0x00000070   Zero   RW         7303    .bss                conf.o
    0x20000f18        -       0x000001b4   Zero   RW         7332    .bss                param.o
    0x200010cc   COMPRESSED   0x00000004   PAD
    0x200010d0        -       0x00000800   Zero   RW            1    STACK               startup_stm32f0xx.o



  Load Region LR$$.ARM.__AT_0x20000000 (Base: 0x20000000, Size: 0x00000000, Max: 0x000000c0, ABSOLUTE)

    Execution Region ER$$.ARM.__AT_0x20000000 (Exec base: 0x20000000, Load base: 0x20000000, Size: 0x000000c0, Max: 0x000000c0, ABSOLUTE, UNINIT)

    Exec Addr    Load Addr    Size         Type   Attr      Idx    E Section Name        Object

    0x20000000        -       0x000000c0   Zero   RW         1208    .ARM.__AT_0x20000000  flash.o


==============================================================================

Image component sizes


      Code (inc. data)   RO Data    RW Data    ZI Data      Debug   Object Name

       664         74        112         12         24     202214   adc.o
       102          0          0          0          0       1831   bsp_cpu_flash.o
        28          0          0          0          0         76   cell_balance.o
         0          0          0          6          0       1932   chargerloadfunc.o
         0          0          0          0        112       1859   conf.o
      1996        208          0         28         64       6635   datadeal.o
       276         30          0         52          0       3226   eeprom.o
      7146        578          0         70        240      24962   fault.o
       170         22          0          0        192       8803   flash.o
      2796         94        368          0         92      13919   i2c_afe1.o
      1354        110          0         20          0       9513   io_control.o
      1338         88          0        264         80      25080   iodrivers.o
      1204        204         60         42         40       8305   led_soc.o
      1220        108          0          8        221       6794   logrecord_flash.o
       298         34        256          1          0       2895   main.o
       344         62        436          0        436      13490   param.o
         0          0          0          0        112        990   productionid.o
       912         34          0          3          0       5485   pubfunc.o
       184         30          0         12          0        896   pwm.o
       596         38          0          9         52       5061   rtc.o
      7704        662        244         20        902      41808   sci_upper.o
       920         72        192        216         26      10528   sh367309_datadeal.o
      1396         90          0        340         12      10408   sh367309_func.o
       232         20          0          0          0        487   shortfunc.o
      3600        360          0         94          0      18312   sleepdeal.o
       228         40          0          0         84       1595   soc.o
         0          0        252          0        268       4084   socenhance.o
        28          8        192          0       2048        640   startup_stm32f0xx.o
       326          8          0          0          0       6983   stm32f0xx_adc.o
       474         24          0          0          0       4067   stm32f0xx_dma.o
       176         16          0          0          0       2224   stm32f0xx_exti.o
       420         44          0          0          0       5135   stm32f0xx_flash.o
       272          0          0          0          0       4832   stm32f0xx_gpio.o
       316         40          0          0          0     102285   stm32f0xx_it.o
        16          8          0          0          0        473   stm32f0xx_iwdg.o
       112          6          0          0          0       1064   stm32f0xx_misc.o
       140         14          0          0          0       1198   stm32f0xx_pwr.o
       916         68          0         16          0       7063   stm32f0xx_rcc.o
      1322         66          0          0          0       9378   stm32f0xx_rtc.o
        92          8          0          0          0       1219   stm32f0xx_syscfg.o
       244         42          0          0          0       5328   stm32f0xx_tim.o
       416         22          0          0          0       3830   stm32f0xx_usart.o
      1728        172          0         43          0       9957   system_init.o
      1960        146          0         26         24       8617   system_monitor.o
       264         30          0         20          0       1757   system_stm32f0xx.o

    ----------------------------------------------------------------------
     43976       3680       2144       1316       5036     607238   Object Totals
         0          0         32          0          0          0   (incl. Generated)
        46          0          0         14          7          0   (incl. Padding)

    ----------------------------------------------------------------------

      Code (inc. data)   RO Data    RW Data    ZI Data      Debug   Library Member Name

        86          0          0          0          0          0   __dczerorl2.o
         0          0          0          0          0          0   entry.o
         0          0          0          0          0          0   entry10a.o
         0          0          0          0          0          0   entry11a.o
         4          0          0          0          0          0   entry12b.o
         8          4          0          0          0          0   entry2.o
         4          0          0          0          0          0   entry5.o
         0          0          0          0          0          0   entry7b.o
         0          0          0          0          0          0   entry8b.o
         8          4          0          0          0          0   entry9a.o
        30          0          0          0          0          0   handlers.o
        40          0          0          0          0         72   idiv.o
        36          8          0          0          0         68   init.o
         0          0          0          0          0          0   iusefp.o
        36          0          0          0          0         60   memcpya.o
        36          0          0          0          0        100   memseta.o
        44          0          0          0          0         72   uidiv.o
        20          0          0          0          0         68   cfrcmple.o
       124          0          0          0          0         72   fdiv.o
       130          0          0          0          0        144   fepilogue.o
        14          0          0          0          0         68   ffltui.o
       122          0          0          0          0         72   fmul.o

    ----------------------------------------------------------------------
       744         16          0          0          0        796   Library Totals
         2          0          0          0          0          0   (incl. Padding)

    ----------------------------------------------------------------------

      Code (inc. data)   RO Data    RW Data    ZI Data      Debug   Library Name

       332         16          0          0          0        372   mc_p.l
       410          0          0          0          0        424   mf_p.l

    ----------------------------------------------------------------------
       744         16          0          0          0        796   Library Totals

    ----------------------------------------------------------------------

==============================================================================


      Code (inc. data)   RO Data    RW Data    ZI Data      Debug   

     44720       3696       2144       1316       5036     594038   Grand Totals
     44720       3696       2144        492       5036     594038   ELF Image Totals (compressed)
     44720       3696       2144        492          0          0   ROM Totals

==============================================================================

    Total RO  Size (Code + RO Data)                46864 (  45.77kB)
    Total RW  Size (RW Data + ZI Data)              6352 (   6.20kB)
    Total ROM Size (Code + RO Data + RW Data)      47356 (  46.25kB)

==============================================================================

