Component: ARM Compiler 5.06 update 7 (build 960) Tool: armlink [4d3601]

==============================================================================

Section Cross References

    startup_stm32f0xx.o(RESET) refers to startup_stm32f0xx.o(STACK) for __initial_sp
    startup_stm32f0xx.o(RESET) refers to startup_stm32f0xx.o(.text) for Reset_Handler
    startup_stm32f0xx.o(RESET) refers to stm32f0xx_it.o(i.NMI_Handler) for NMI_Handler
    startup_stm32f0xx.o(RESET) refers to stm32f0xx_it.o(i.HardFault_Handler) for HardFault_Handler
    startup_stm32f0xx.o(RESET) refers to stm32f0xx_it.o(i.SVC_Handler) for SVC_Handler
    startup_stm32f0xx.o(RESET) refers to stm32f0xx_it.o(i.PendSV_Handler) for PendSV_Handler
    startup_stm32f0xx.o(RESET) refers to bsp_timer.o(i.SysTick_Handler) for SysTick_Handler
    startup_stm32f0xx.o(RESET) refers to rtc.o(i.RTC_IRQHandler) for RTC_IRQHandler
    startup_stm32f0xx.o(RESET) refers to stm32f0xx_it.o(i.EXTI0_1_IRQHandler) for EXTI0_1_IRQHandler
    startup_stm32f0xx.o(RESET) refers to stm32f0xx_it.o(i.EXTI2_3_IRQHandler) for EXTI2_3_IRQHandler
    startup_stm32f0xx.o(RESET) refers to stm32f0xx_it.o(i.EXTI4_15_IRQHandler) for EXTI4_15_IRQHandler
    startup_stm32f0xx.o(RESET) refers to stm32f0xx_it.o(i.USART1_IRQHandler) for USART1_IRQHandler
    startup_stm32f0xx.o(RESET) refers to stm32f0xx_it.o(i.USART2_IRQHandler) for USART2_IRQHandler
    startup_stm32f0xx.o(.text) refers to system_stm32f0xx.o(i.SystemInit) for SystemInit
    startup_stm32f0xx.o(.text) refers to entry.o(.ARM.Collect$$$$00000000) for __main
    stm32f0xx_it.o(i.EXTI0_1_IRQHandler) refers to stm32f0xx_exti.o(i.EXTI_GetITStatus) for EXTI_GetITStatus
    stm32f0xx_it.o(i.EXTI0_1_IRQHandler) refers to stm32f0xx_exti.o(i.EXTI_ClearITPendingBit) for EXTI_ClearITPendingBit
    stm32f0xx_it.o(i.EXTI0_1_IRQHandler) refers to chargerloadfunc.o(.data) for ChargerLoad_Func
    stm32f0xx_it.o(i.EXTI2_3_IRQHandler) refers to stm32f0xx_exti.o(i.EXTI_GetITStatus) for EXTI_GetITStatus
    stm32f0xx_it.o(i.EXTI2_3_IRQHandler) refers to stm32f0xx_exti.o(i.EXTI_ClearITPendingBit) for EXTI_ClearITPendingBit
    stm32f0xx_it.o(i.EXTI4_15_IRQHandler) refers to stm32f0xx_exti.o(i.EXTI_GetITStatus) for EXTI_GetITStatus
    stm32f0xx_it.o(i.EXTI4_15_IRQHandler) refers to stm32f0xx_exti.o(i.EXTI_ClearITPendingBit) for EXTI_ClearITPendingBit
    stm32f0xx_it.o(i.USART1_IRQHandler) refers to comm.o(i.Comm_PortIrqHandler) for Comm_PortIrqHandler
    stm32f0xx_it.o(i.USART1_IRQHandler) refers to comm.o(.bss) for g_comm_port1
    stm32f0xx_it.o(i.USART2_IRQHandler) refers to comm.o(i.Comm_PortIrqHandler) for Comm_PortIrqHandler
    stm32f0xx_it.o(i.USART2_IRQHandler) refers to comm.o(.bss) for g_comm_port2
    system_stm32f0xx.o(i.SetSysClock) refers to system_stm32f0xx.o(.data) for SystemCoreClock
    system_stm32f0xx.o(i.SystemCoreClockUpdate) refers to uidiv.o(.text) for __aeabi_uidivmod
    system_stm32f0xx.o(i.SystemCoreClockUpdate) refers to system_stm32f0xx.o(.data) for SystemCoreClock
    system_stm32f0xx.o(i.SystemInit) refers to system_stm32f0xx.o(i.SetSysClock) for SetSysClock
    adc.o(i.ADC_TTC) refers to pubfunc.o(i.GetEndValue) for GetEndValue
    adc.o(i.ADC_TTC) refers to adc.o(.data) for g_u16ADCValFilter
    adc.o(i.ADC_TTC) refers to adc.o(.constdata) for iSheldTemp_10K
    adc.o(i.ADC_TTC) refers to adc.o(.bss) for g_u32ADCValFilter2
    adc.o(i.ADC_Vbus) refers to adc.o(.data) for s8ADcnt
    adc.o(i.ADC_Vbus) refers to adc.o(.bss) for g_u32ADCValFilter2
    adc.o(i.ADC_Vbus) refers to main.o(.data) for SeriesNum
    adc.o(i.App_AnlogCal) refers to adc.o(i.ADC_TTC) for ADC_TTC
    adc.o(i.InitADC) refers to adc.o(i.InitADC_GPIO) for InitADC_GPIO
    adc.o(i.InitADC) refers to adc.o(i.InitADC_TIMER) for InitADC_TIMER
    adc.o(i.InitADC) refers to adc.o(i.InitADC_DMA) for InitADC_DMA
    adc.o(i.InitADC) refers to adc.o(i.InitADC_ADC1) for InitADC_ADC1
    adc.o(i.InitADC) refers to adc.o(.data) for g_u16ADCValFilter
    adc.o(i.InitADC) refers to adc.o(.bss) for g_i32ADCResult
    adc.o(i.InitADC_ADC1) refers to stm32f0xx_rcc.o(i.RCC_APB2PeriphClockCmd) for RCC_APB2PeriphClockCmd
    adc.o(i.InitADC_ADC1) refers to stm32f0xx_adc.o(i.ADC_DeInit) for ADC_DeInit
    adc.o(i.InitADC_ADC1) refers to stm32f0xx_adc.o(i.ADC_StructInit) for ADC_StructInit
    adc.o(i.InitADC_ADC1) refers to stm32f0xx_adc.o(i.ADC_Init) for ADC_Init
    adc.o(i.InitADC_ADC1) refers to stm32f0xx_adc.o(i.ADC_ChannelConfig) for ADC_ChannelConfig
    adc.o(i.InitADC_ADC1) refers to stm32f0xx_adc.o(i.ADC_OverrunModeCmd) for ADC_OverrunModeCmd
    adc.o(i.InitADC_ADC1) refers to stm32f0xx_adc.o(i.ADC_GetCalibrationFactor) for ADC_GetCalibrationFactor
    adc.o(i.InitADC_ADC1) refers to stm32f0xx_adc.o(i.ADC_Cmd) for ADC_Cmd
    adc.o(i.InitADC_ADC1) refers to stm32f0xx_adc.o(i.ADC_GetFlagStatus) for ADC_GetFlagStatus
[...]
    IOstatus_RTCMode                         0x08005ab9   Thumb Code    18  sleepdeal.o(i.IOstatus_RTCMode)
    IWDG_Enable                              0x08005acd   Thumb Code     8  stm32f0xx_iwdg.o(i.IWDG_Enable)
    IWDG_ReloadCounter                       0x08005add   Thumb Code     8  stm32f0xx_iwdg.o(i.IWDG_ReloadCounter)
    IWDG_SetPrescaler                        0x08005aed   Thumb Code     6  stm32f0xx_iwdg.o(i.IWDG_SetPrescaler)
    IWDG_SetReload                           0x08005af9   Thumb Code     6  stm32f0xx_iwdg.o(i.IWDG_SetReload)
    IWDG_WriteAccessCmd                      0x08005b05   Thumb Code     6  stm32f0xx_iwdg.o(i.IWDG_WriteAccessCmd)
    IapRequest_ArmLegacyFlag                 0x08005b11   Thumb Code    12  flash.o(i.IapRequest_ArmLegacyFlag)
    InitADC                                  0x08005b21   Thumb Code    52  adc.o(i.InitADC)
    InitADC_ADC1                             0x08005b61   Thumb Code   130  adc.o(i.InitADC_ADC1)
    InitADC_DMA                              0x08005bed   Thumb Code    88  adc.o(i.InitADC_DMA)
    InitADC_GPIO                             0x08005c51   Thumb Code    34  adc.o(i.InitADC_GPIO)
    InitADC_TIMER                            0x08005c79   Thumb Code    64  adc.o(i.InitADC_TIMER)
    InitAFE1                                 0x08005cc5   Thumb Code    84  i2c_afe1.o(i.InitAFE1)
    InitAFE1_Sleep                           0x08005d1d   Thumb Code    54  i2c_afe1.o(i.InitAFE1_Sleep)
    InitData_Drivers                         0x08005d59   Thumb Code    28  io_control.o(i.InitData_Drivers)
    InitData_E2prom                          0x08005d7d   Thumb Code   162  eeprom.o(i.InitData_E2prom)
    InitData_SOC                             0x08005e51   Thumb Code    80  soc.o(i.InitData_SOC)
    InitDelay                                0x08005eb1   Thumb Code    18  system_init.o(i.InitDelay)
    InitDevice                               0x08005ed1   Thumb Code   238  main.o(i.InitDevice)
    InitE2PROM                               0x08005fe5   Thumb Code    74  eeprom.o(i.InitE2PROM)
    InitIO                                   0x08006035   Thumb Code   356  system_init.o(i.InitIO)
    InitMosRelay_DOx                         0x080061a5   Thumb Code     8  io_control.o(i.InitMosRelay_DOx)
    InitProID                                0x080061ad   Thumb Code   136  productionid.o(i.InitProID)
    InitShortCur                             0x0800623d   Thumb Code   200  shortfunc.o(i.InitShortCur)
    InitSystemMonitorData_EEPROM             0x08006319   Thumb Code   472  system_monitor.o(i.InitSystemMonitorData_EEPROM)
    InitSystemWakeUp                         0x08006501   Thumb Code     2  main.o(i.InitSystemWakeUp)
    InitVar                                  0x08006505   Thumb Code    64  main.o(i.InitVar)
    InitWakeUp_Base                          0x08006559   Thumb Code   168  sleepdeal.o(i.InitWakeUp_Base)
    InitWakeUp_DeepMode                      0x08006609   Thumb Code     8  sleepdeal.o(i.InitWakeUp_DeepMode)
    InitWakeUp_NormalMode                    0x08006611   Thumb Code   178  sleepdeal.o(i.InitWakeUp_NormalMode)
    InitWakeUp_RTCMode                       0x080066c9   Thumb Code    16  sleepdeal.o(i.InitWakeUp_RTCMode)
    Init_ChargerLoad_Det                     0x080066d9   Thumb Code    14  chargerloadfunc.o(i.Init_ChargerLoad_Det)
    Init_Charger_AllSeries                   0x080066ed   Thumb Code   112  chargerloadfunc.o(i.Init_Charger_AllSeries)
    Init_IAPAPP                              0x08006761   Thumb Code    44  flash.o(i.Init_IAPAPP)
    Init_IWDG                                0x08006795   Thumb Code    38  system_init.o(i.Init_IWDG)
    Init_RTC                                 0x080067c1   Thumb Code    28  rtc.o(i.Init_RTC)
    Init_RTC_HaltWakeUp                      0x080067e1   Thumb Code    16  rtc.o(i.Init_RTC_HaltWakeUp)
    Init_Registers                           0x080067f1   Thumb Code    44  datadeal.o(i.Init_Registers)
    IsSleepStartUp                           0x08006821   Thumb Code   110  sleepdeal.o(i.IsSleepStartUp)
    LogEvent_EEPROM                          0x0800693d   Thumb Code   144  logrecord.o(i.LogEvent_EEPROM)
    LogEvent_Record                          0x080069d5   Thumb Code   170  logrecord.o(i.LogEvent_Record)
    LogTime_Map                              0x08006a91   Thumb Code    72  logrecord.o(i.LogTime_Map)
    MTPRead                                  0x08006add   Thumb Code    60  i2c_afe1.o(i.MTPRead)
    MTPWrite                                 0x08006b19   Thumb Code    96  i2c_afe1.o(i.MTPWrite)
    MTPWriteROM                              0x08006b79   Thumb Code    96  i2c_afe1.o(i.MTPWriteROM)
    ModbusRtuParser_ConsumeByte              0x08006bd9   Thumb Code   202  modbus_rtu_parser.o(i.ModbusRtuParser_ConsumeByte)
    ModbusRtuParser_Reset                    0x08006ca3   Thumb Code    12  modbus_rtu_parser.o(i.ModbusRtuParser_Reset)
    Modbus_ServiceHandleFrame                0x08006caf   Thumb Code   150  modbus_service.o(i.Modbus_ServiceHandleFrame)
    MonitorAFE                               0x08006d45   Thumb Code   454  datadeal.o(i.MonitorAFE)
    Monitor_TempBreak                        0x08006f31   Thumb Code   128  pubfunc.o(i.Monitor_TempBreak)
    MosCtrl_SameDoor_NoPreChg                0x08006fbd   Thumb Code  1130  iodrivers.o(i.MosCtrl_SameDoor_NoPreChg)
    NMI_Handler                              0x0800742d   Thumb Code     2  stm32f0xx_it.o(i.NMI_Handler)
    NVIC_Init                                0x08007431   Thumb Code   106  stm32f0xx_misc.o(i.NVIC_Init)
    PWR_BackupAccessCmd                      0x080075ad   Thumb Code    36  stm32f0xx_pwr.o(i.PWR_BackupAccessCmd)
    PWR_EnterSTOPMode                        0x080075d5   Thumb Code    90  stm32f0xx_pwr.o(i.PWR_EnterSTOPMode)
    Parse_LENGTH_Field                       0x080076bd   Thumb Code    34  ascii_slave.o(i.Parse_LENGTH_Field)
    PendSV_Handler                           0x080076df   Thumb Code     2  stm32f0xx_it.o(i.PendSV_Handler)
    RCC_AHBPeriphClockCmd                    0x080076e1   Thumb Code    28  stm32f0xx_rcc.o(i.RCC_AHBPeriphClockCmd)
    RCC_APB1PeriphClockCmd                   0x08007701   Thumb Code    28  stm32f0xx_rcc.o(i.RCC_APB1PeriphClockCmd)
    RCC_APB2PeriphClockCmd                   0x08007721   Thumb Code    28  stm32f0xx_rcc.o(i.RCC_APB2PeriphClockCmd)
    RCC_APB2PeriphResetCmd                   0x08007741   Thumb Code    28  stm32f0xx_rcc.o(i.RCC_APB2PeriphResetCmd)
    RCC_GetClocksFreq                        0x08007761   Thumb Code   554  stm32f0xx_rcc.o(i.RCC_GetClocksFreq)
    RCC_GetFlagStatus                        0x080079a9   Thumb Code    68  stm32f0xx_rcc.o(i.RCC_GetFlagStatus)
    RCC_LSEConfig                            0x080079f1   Thumb Code    34  stm32f0xx_rcc.o(i.RCC_LSEConfig)
    RCC_LSICmd                               0x08007a19   Thumb Code    32  stm32f0xx_rcc.o(i.RCC_LSICmd)
    RCC_RTCCLKCmd                            0x08007a3d   Thumb Code    36  stm32f0xx_rcc.o(i.RCC_RTCCLKCmd)
    RCC_RTCCLKConfig                         0x08007a65   Thumb Code    12  stm32f0xx_rcc.o(i.RCC_RTCCLKConfig)
    RTC_AlarmCmd                             0x08007a75   Thumb Code   106  stm32f0xx_rtc.o(i.RTC_AlarmCmd)
    RTC_AlarmConfig                          0x08007ae5   Thumb Code   198  rtc.o(i.RTC_AlarmConfig)
    RTC_ClearITPendingBit                    0x08007bf1   Thumb Code    30  stm32f0xx_rtc.o(i.RTC_ClearITPendingBit)
    RTC_ClockConfig                          0x08007c15   Thumb Code   208  rtc.o(i.RTC_ClockConfig)
    RTC_EnterInitMode                        0x08007ced   Thumb Code    82  stm32f0xx_rtc.o(i.RTC_EnterInitMode)
    RTC_ExitInitMode                         0x08007d45   Thumb Code    14  stm32f0xx_rtc.o(i.RTC_ExitInitMode)
    RTC_GetITStatus                          0x08007d59   Thumb Code    72  stm32f0xx_rtc.o(i.RTC_GetITStatus)
    RTC_IRQHandler                           0x08007da5   Thumb Code    32  rtc.o(i.RTC_IRQHandler)
    RTC_ITConfig                             0x08007dc5   Thumb Code    94  stm32f0xx_rtc.o(i.RTC_ITConfig)
    RTC_Init                                 0x08007e29   Thumb Code    84  stm32f0xx_rtc.o(i.RTC_Init)
    RTC_SetAlarm                             0x08007e81   Thumb Code   210  stm32f0xx_rtc.o(i.RTC_SetAlarm)
    RTC_SetDate                              0x08007f59   Thumb Code   198  stm32f0xx_rtc.o(i.RTC_SetDate)
    RTC_SetTime                              0x08008029   Thumb Code   208  stm32f0xx_rtc.o(i.RTC_SetTime)
    RTC_TimeConfig                           0x08008101   Thumb Code    76  rtc.o(i.RTC_TimeConfig)
    RTC_WaitForSynchro                       0x08008159   Thumb Code   104  stm32f0xx_rtc.o(i.RTC_WaitForSynchro)
    ReadEEPROM_AFE_Parameters                0x080081fd   Thumb Code     2  sh367309_datadeal.o(i.ReadEEPROM_AFE_Parameters)
    ReadEEPROM_Byte                          0x080081ff   Thumb Code   148  eeprom.o(i.ReadEEPROM_Byte)
    ReadEEPROM_ByteData_StartUp              0x08008295   Thumb Code   426  eeprom.o(i.ReadEEPROM_ByteData_StartUp)
    ReadEEPROM_EventRecord_Parameters        0x08008469   Thumb Code   130  logrecord.o(i.ReadEEPROM_EventRecord_Parameters)
    ReadEEPROM_Word_NoZone                   0x080084f9   Thumb Code    34  eeprom.o(i.ReadEEPROM_Word_NoZone)
    RefreshData_Drivers                      0x0800851d   Thumb Code   516  io_control.o(i.RefreshData_Drivers)
    RefreshData_SOC                          0x08008735   Thumb Code    34  soc.o(i.RefreshData_SOC)
    Refresh_Parameters                       0x08008761   Thumb Code   574  sh367309_datadeal.o(i.Refresh_Parameters)
    SCH_Add_Task                             0x080089cd   Thumb Code    74  time_triggered.o(i.SCH_Add_Task)
    SCH_Dispatch_Tasks                       0x08008a21   Thumb Code    80  time_triggered.o(i.SCH_Dispatch_Tasks)
    SCH_Task_Delete                          0x08008a75   Thumb Code    70  time_triggered.o(i.SCH_Task_Delete)
    SCH_Update                               0x08008ac5   Thumb Code    94  time_triggered.o(i.SCH_Update)
    SH367309_DriverMos_Ctrl                  0x08008b29   Thumb Code   104  sh367309_func.o(i.SH367309_DriverMos_Ctrl)
    SH367309_Enable_AFE_Wdt_Cadc_Drivers     0x08008b95   Thumb Code    56  sh367309_func.o(i.SH367309_Enable_AFE_Wdt_Cadc_Drivers)
    SH367309_UpdataAfeConfig                 0x08008bd1   Thumb Code   120  sh367309_datadeal.o(i.SH367309_UpdataAfeConfig)
    SOC_Cont_AH_Int_CHG                      0x08008c51   Thumb Code   256  socenhance.o(i.SOC_Cont_AH_Int_CHG)
    SOC_Cont_AH_Int_DSG                      0x08008d65   Thumb Code   276  socenhance.o(i.SOC_Cont_AH_Int_DSG)
    SOC_DealEEPROM_Data                      0x08008e8d   Thumb Code   142  socenhance.o(i.SOC_DealEEPROM_Data)
    SOC_EEPROM_Deal_Monitor                  0x08008f29   Thumb Code   146  socenhance.o(i.SOC_EEPROM_Deal_Monitor)
    SOC_IntEnhance_Ctrl                      0x08008fd1   Thumb Code    66  socenhance.o(i.SOC_IntEnhance_Ctrl)
    SOC_RefreshData_Monitor                  0x08009019   Thumb Code    80  socenhance.o(i.SOC_RefreshData_Monitor)
    SOC_Result_Pass                          0x08009075   Thumb Code   158  socenhance.o(i.SOC_Result_Pass)
    SOC_State_Transfer                       0x08009121   Thumb Code   178  socenhance.o(i.SOC_State_Transfer)
    SOC_Update_StartUp                       0x080091e9   Thumb Code   140  socenhance.o(i.SOC_Update_StartUp)
    SVC_Handler                              0x08009281   Thumb Code     2  stm32f0xx_it.o(i.SVC_Handler)
    SYSCFG_EXTILineConfig                    0x08009285   Thumb Code    60  stm32f0xx_syscfg.o(i.SYSCFG_EXTILineConfig)
    SYSCFG_MemoryRemapConfig                 0x080092c5   Thumb Code    24  stm32f0xx_syscfg.o(i.SYSCFG_MemoryRemapConfig)
    Sci_ACK_0x03                             0x080092e1   Thumb Code   294  sci_upper.o(i.Sci_ACK_0x03)
    Sci_ACK_0x03_RW_AFE_Parameters           0x0800940d   Thumb Code     2  sh367309_datadeal.o(i.Sci_ACK_0x03_RW_AFE_Parameters)
    Sci_ACK_0x03_RW_Data_Cali                0x08009411   Thumb Code    70  sci_upper.o(i.Sci_ACK_0x03_RW_Data_Cali)
    Sci_ACK_0x03_RW_Data_Other               0x08009461   Thumb Code   202  sci_upper.o(i.Sci_ACK_0x03_RW_Data_Other)
    Sci_ACK_0x03_RW_Data_OtherCanAdd         0x08009545   Thumb Code    80  sci_upper.o(i.Sci_ACK_0x03_RW_Data_OtherCanAdd)
    Sci_ACK_0x03_RW_Data_Pro                 0x0800959d   Thumb Code    44  sci_upper.o(i.Sci_ACK_0x03_RW_Data_Pro)
    Sci_ACK_0x03_ReadRegs_Data               0x080095cd   Thumb Code   842  sci_upper.o(i.Sci_ACK_0x03_ReadRegs_Data)
    Sci_ACK_0x03_ReadRegs_EventRecord        0x08009945   Thumb Code    70  logrecord.o(i.Sci_ACK_0x03_ReadRegs_EventRecord)
    Sci_ACK_0x03_ReadRegs_LCD                0x08009995   Thumb Code    90  sci_upper.o(i.Sci_ACK_0x03_ReadRegs_LCD)
    Sci_ACK_0x06_0x10                        0x080099f5   Thumb Code    94  sci_upper.o(i.Sci_ACK_0x06_0x10)
    Sci_CRC16RTU                             0x08009a75   Thumb Code    52  pubfunc.o(i.Sci_CRC16RTU)
    Sci_DataInit                             0x08009ab1   Thumb Code    38  sci_upper.o(i.Sci_DataInit)
    Sci_Deal_ReadRegs_0x03                   0x08009add   Thumb Code   162  sci_upper.o(i.Sci_Deal_ReadRegs_0x03)
    Sci_Deal_WrReg_0x06                      0x08009b85   Thumb Code   178  sci_upper.o(i.Sci_Deal_WrReg_0x06)
    Sci_Deal_WrRegs_0x10                     0x08009c41   Thumb Code   572  sci_upper.o(i.Sci_Deal_WrRegs_0x10)
    Sci_ModbusService_Execute                0x08009e8d   Thumb Code   120  sci_upper.o(i.Sci_ModbusService_Execute)
    Sci_WrReg_0x06_BMS_FunctionOFF           0x08009f05   Thumb Code    80  sci_upper.o(i.Sci_WrReg_0x06_BMS_FunctionOFF)
    Sci_WrReg_0x06_BMS_FunctionON            0x08009f5d   Thumb Code   346  sci_upper.o(i.Sci_WrReg_0x06_BMS_FunctionON)
    Sci_WrReg_0x06_Reset_AFE_Parameters      0x0800a0d1   Thumb Code     2  sh367309_datadeal.o(i.Sci_WrReg_0x06_Reset_AFE_Parameters)
    Sci_WrReg_0x06_Reset_CalibCoef           0x0800a0d5   Thumb Code   434  sci_upper.o(i.Sci_WrReg_0x06_Reset_CalibCoef)
    Sci_WrReg_0x06_Reset_EventRecord         0x0800a295   Thumb Code    66  logrecord.o(i.Sci_WrReg_0x06_Reset_EventRecord)
    Sci_WrReg_0x06_Reset_HeatCool            0x0800a2e5   Thumb Code    74  sci_upper.o(i.Sci_WrReg_0x06_Reset_HeatCool)
    Sci_WrReg_0x06_Reset_OtherCanAdd         0x0800a341   Thumb Code   122  sci_upper.o(i.Sci_WrReg_0x06_Reset_OtherCanAdd)
    Sci_WrReg_0x06_Reset_ProtectElement      0x0800a3d9   Thumb Code    92  sci_upper.o(i.Sci_WrReg_0x06_Reset_ProtectElement)
    Sci_WrReg_0x06_Reset_ProtectRecord       0x0800a451   Thumb Code    84  sci_upper.o(i.Sci_WrReg_0x06_Reset_ProtectRecord)
    Sci_WrReg_0x06_SetSocOnce                0x0800a4c5   Thumb Code    34  sci_upper.o(i.Sci_WrReg_0x06_SetSocOnce)
    Sci_WrReg_0x06_SwitchOFF                 0x0800a4ed   Thumb Code    10  sci_upper.o(i.Sci_WrReg_0x06_SwitchOFF)
    Sci_WrReg_0x06_SwitchON                  0x0800a4f7   Thumb Code    10  sci_upper.o(i.Sci_WrReg_0x06_SwitchON)
    Sci_WrRegs_0x10_Balance                  0x0800a501   Thumb Code   202  sci_upper.o(i.Sci_WrRegs_0x10_Balance)
    Sci_WrRegs_0x10_CalibCoef                0x0800a5d9   Thumb Code   162  sci_upper.o(i.Sci_WrRegs_0x10_CalibCoef)
    Sci_WrRegs_0x10_CopperLoss               0x0800a691   Thumb Code    10  sci_upper.o(i.Sci_WrRegs_0x10_CopperLoss)
    Sci_WrRegs_0x10_FlashConnect             0x0800a69d   Thumb Code    54  sci_upper.o(i.Sci_WrRegs_0x10_FlashConnect)
    Sci_WrRegs_0x10_HeatCoolElement          0x0800a6d9   Thumb Code    78  sci_upper.o(i.Sci_WrRegs_0x10_HeatCoolElement)
    Sci_WrRegs_0x10_Protect                  0x0800a735   Thumb Code   148  sci_upper.o(i.Sci_WrRegs_0x10_Protect)
    Sci_WrRegs_0x10_RTC                      0x0800a7e1   Thumb Code    10  sci_upper.o(i.Sci_WrRegs_0x10_RTC)
    Sci_WrRegs_0x10_SN_Version               0x0800a7ed   Thumb Code   204  sci_upper.o(i.Sci_WrRegs_0x10_SN_Version)
    Sci_WrRegs_0x10_SleepElement             0x0800a8c1   Thumb Code   180  sci_upper.o(i.Sci_WrRegs_0x10_SleepElement)
    Sci_WrRegs_0x10_SocElement               0x0800a97d   Thumb Code   136  sci_upper.o(i.Sci_WrRegs_0x10_SocElement)
    Sci_WrRegs_0x10_SocTable                 0x0800aa11   Thumb Code    10  sci_upper.o(i.Sci_WrRegs_0x10_SocTable)
    Sci_WrRegs_0x10_SysOther                 0x0800aa1d   Thumb Code   130  sci_upper.o(i.Sci_WrRegs_0x10_SysOther)
    Sci_WrRegs_0x10_SystemElement            0x0800aaad   Thumb Code   188  sci_upper.o(i.Sci_WrRegs_0x10_SystemElement)
    SleepDeal_Continue                       0x0800ac09   Thumb Code   326  sleepdeal.o(i.SleepDeal_Continue)
    SleepDeal_Normal_L2                      0x0800ad5d   Thumb Code   366  sleepdeal.o(i.SleepDeal_Normal_L2)
    SleepDeal_Normal_L3                      0x0800aef5   Thumb Code   306  sleepdeal.o(i.SleepDeal_Normal_L3)
    SleepDeal_Normal_Select                  0x0800b049   Thumb Code   134  sleepdeal.o(i.SleepDeal_Normal_Select)
    SysTick_CLKSourceConfig                  0x0800b0e5   Thumb Code    32  stm32f0xx_misc.o(i.SysTick_CLKSourceConfig)
    SysTick_Handler                          0x0800b109   Thumb Code     8  bsp_timer.o(i.SysTick_Handler)
    SysTick_ISR                              0x0800b111   Thumb Code   134  bsp_timer.o(i.SysTick_ISR)
    Sys_StopMode                             0x0800b1b5   Thumb Code    12  sleepdeal.o(i.Sys_StopMode)
    SystemInit                               0x0800b1c1   Thumb Code   110  system_stm32f0xx.o(i.SystemInit)
    SystemMonitorResetData_EEPROM            0x0800b23d   Thumb Code   144  system_monitor.o(i.SystemMonitorResetData_EEPROM)
    System_ERROR_UserCallback                0x0800b2d5   Thumb Code   804  system_monitor.o(i.System_ERROR_UserCallback)
    TIM_Cmd                                  0x0800b5fd   Thumb Code    24  stm32f0xx_tim.o(i.TIM_Cmd)
    TIM_SelectOutputTrigger                  0x0800b619   Thumb Code    16  stm32f0xx_tim.o(i.TIM_SelectOutputTrigger)
    TIM_TimeBaseInit                         0x0800b62d   Thumb Code    90  stm32f0xx_tim.o(i.TIM_TimeBaseInit)
    TwiChkClkRelease                         0x0800b6a9   Thumb Code   134  i2c_afe1.o(i.TwiChkClkRelease)
    TwiGetData                               0x0800b735   Thumb Code   230  i2c_afe1.o(i.TwiGetData)
    TwiReStart                               0x0800b821   Thumb Code    72  i2c_afe1.o(i.TwiReStart)
    TwiRead                                  0x0800b86d   Thumb Code   208  i2c_afe1.o(i.TwiRead)
    TwiSendData                              0x0800b93d   Thumb Code   376  i2c_afe1.o(i.TwiSendData)
    TwiStart                                 0x0800bab9   Thumb Code   120  i2c_afe1.o(i.TwiStart)
    TwiStop                                  0x0800bb35   Thumb Code   168  i2c_afe1.o(i.TwiStop)
    TwiWrite                                 0x0800bbe1   Thumb Code   142  i2c_afe1.o(i.TwiWrite)
    U16_SwapEndian                           0x0800bc6f   Thumb Code    18  pubfunc.o(i.U16_SwapEndian)
    USART1_IRQHandler                        0x0800bc81   Thumb Code    10  stm32f0xx_it.o(i.USART1_IRQHandler)
    USART2_IRQHandler                        0x0800bc91   Thumb Code    10  stm32f0xx_it.o(i.USART2_IRQHandler)
    USART_ClearFlag                          0x0800bca1   Thumb Code     4  stm32f0xx_usart.o(i.USART_ClearFlag)
    USART_Cmd                                0x0800bca5   Thumb Code    24  stm32f0xx_usart.o(i.USART_Cmd)
    USART_GetITStatus                        0x0800bcbd   Thumb Code    78  stm32f0xx_usart.o(i.USART_GetITStatus)
    USART_ITConfig                           0x0800bd0b   Thumb Code    66  stm32f0xx_usart.o(i.USART_ITConfig)
    USART_Init                               0x0800bd4d   Thumb Code   226  stm32f0xx_usart.o(i.USART_Init)
    UpdateVoltageFromBqMaximo                0x0800be45   Thumb Code   304  i2c_afe1.o(i.UpdateVoltageFromBqMaximo)
    WriteEEPROM_Byte                         0x0800bfb9   Thumb Code   148  eeprom.o(i.WriteEEPROM_Byte)
    WriteEEPROM_ByteData_Circle              0x0800c04d   Thumb Code   542  eeprom.o(i.WriteEEPROM_ByteData_Circle)
    WriteEEPROM_Word_NoZone                  0x0800c2b1   Thumb Code   108  eeprom.o(i.WriteEEPROM_Word_NoZone)
    WriteProID                               0x0800c31d   Thumb Code   196  productionid.o(i.WriteProID)
    WriteProID_Default                       0x0800c3e5   Thumb Code    86  productionid.o(i.WriteProID_Default)
    Write_Parameters                         0x0800c465   Thumb Code    72  sh367309_datadeal.o(i.Write_Parameters)
    __ARM_common_switch8                     0x0800c4b1   Thumb Code    28  sci_upper.o(i.__ARM_common_switch8)
    __delay_ms                               0x0800c4cd   Thumb Code    12  system_init.o(i.__delay_ms)
    __delay_us                               0x0800c4d9   Thumb Code    12  system_init.o(i.__delay_us)
    __scatterload_copy                       0x0800c4e5   Thumb Code    14  handlers.o(i.__scatterload_copy)
    __scatterload_null                       0x0800c4f3   Thumb Code     2  handlers.o(i.__scatterload_null)
    __scatterload_zeroinit                   0x0800c4f5   Thumb Code    14  handlers.o(i.__scatterload_zeroinit)
    bsp_CheckRunTime                         0x0800c509   Thumb Code    38  bsp_timer.o(i.bsp_CheckRunTime)
    bsp_DelayMS                              0x0800c539   Thumb Code    60  bsp_timer.o(i.bsp_DelayMS)
    bsp_DelayUS                              0x0800c57d   Thumb Code    64  bsp_timer.o(i.bsp_DelayUS)
    bsp_GetRunTime                           0x0800c5c5   Thumb Code    22  bsp_timer.o(i.bsp_GetRunTime)
    bsp_Idle                                 0x0800c5e1   Thumb Code     8  bsp.o(i.bsp_Idle)
    bsp_Init                                 0x0800c5e9   Thumb Code     8  bsp.o(i.bsp_Init)
    bsp_InitTimer                            0x0800c5f1   Thumb Code   116  bsp_timer.o(i.bsp_InitTimer)
    bsp_RunPer10ms                           0x0800c675   Thumb Code     2  bsp.o(i.bsp_RunPer10ms)
    bsp_RunPer1ms                            0x0800c677   Thumb Code     8  bsp.o(i.bsp_RunPer1ms)
    bsp_RunPer200ms                          0x0800c67f   Thumb Code     2  bsp.o(i.bsp_RunPer200ms)
    entersleep                               0x0800c6a1   Thumb Code    68  sleepdeal.o(i.entersleep)
    initAFE1_IIC                             0x0800c6e9   Thumb Code    68  i2c_afe1.o(i.initAFE1_IIC)
    isCHG                                    0x0800c731   Thumb Code    16  socenhance.o(i.isCHG)
    main                                     0x0800c7dd   Thumb Code    36  main.o(i.main)
    soc_cali                                 0x0800c801   Thumb Code   110  socenhance.o(i.soc_cali)
    soc_factory_param_init_first             0x0800c881   Thumb Code    66  socenhance.o(i.soc_factory_param_init_first)
    soc_param_lib_init                       0x0800c8d1   Thumb Code    74  socenhance.o(i.soc_param_lib_init)
    iSheldTemp_10K                           0x0800c924   Data         112  adc.o(.constdata)
    iSheldTemp_10K_AFE                       0x0800d104   Data         112  i2c_afe1.o(.constdata)
    CRC8Table                                0x0800d174   Data         256  i2c_afe1.o(.constdata)
    SeriesSelect_AFE1                        0x0800d274   Data         256  main.o(.constdata)
    AFE_OCD1V_OCCV                           0x0800d468   Data          32  sh367309_datadeal.o(.constdata)
    AFE_SCV                                  0x0800d488   Data          32  sh367309_datadeal.o(.constdata)
    AFE_OVT_UVT                              0x0800d4a8   Data          32  sh367309_datadeal.o(.constdata)
    AFE_SCT                                  0x0800d4c8   Data          32  sh367309_datadeal.o(.constdata)
    AFE_OCD1T                                0x0800d4e8   Data          32  sh367309_datadeal.o(.constdata)
    AFE_OCCT_OCD2T                           0x0800d508   Data          32  sh367309_datadeal.o(.constdata)
    SOC_Table_LiFePO                         0x0800d528   Data          84  socenhance.o(.constdata)
    SocTable_TernaryLi                       0x0800d57c   Data          84  socenhance.o(.constdata)
    SocTable_LiFePO2                         0x0800d5d0   Data          84  socenhance.o(.constdata)
    Region$$Table$$Base                      0x0800d624   Number         0  anon$$obj.o(Region$$Table)
    Region$$Table$$Limit                     0x0800d644   Number         0  anon$$obj.o(Region$$Table)
    VectorTable                              0x20000000   Data         192  flash.o(.ARM.__AT_0x20000000)
    SystemCoreClock                          0x200000c0   Data           4  system_stm32f0xx.o(.data)
    AHBPrescTable                            0x200000c4   Data          16  system_stm32f0xx.o(.data)
    g_u16ADCValFilter                        0x200000d4   Data           6  adc.o(.data)
    g_u16IoutOffsetAD                        0x200000da   Data           2  adc.o(.data)
    g_u16Q7BusCurr_CHG                       0x200000dc   Data           2  adc.o(.data)
    g_u16Q7BusCurr_DSG                       0x200000de   Data           2  adc.o(.data)
    ChargerLoad_Func                         0x200000e2   Data           2  chargerloadfunc.o(.data)
    u8IICFaultcnt1                           0x200000e8   Data           1  datadeal.o(.data)
    u8WakeCnt1                               0x200000e9   Data           1  datadeal.o(.data)
    u8IICFaultcnt2                           0x200000ea   Data           1  datadeal.o(.data)
    u8WakeCnt2                               0x200000eb   Data           1  datadeal.o(.data)
    g_u32CS_Res_AFE                          0x200000ec   Data           4  datadeal.o(.data)
    u32_ChgCur_mA                            0x200000f0   Data           4  datadeal.o(.data)
    u32_DsgCur_mA                            0x200000f4   Data           4  datadeal.o(.data)
    sEETimeout                               0x20000108   Data           4  eeprom.o(.data)
    u32E2P_Pro_VolCur_WriteFlag              0x2000010c   Data           4  eeprom.o(.data)
    u32E2P_Pro_Temp_WriteFlag                0x20000110   Data           4  eeprom.o(.data)
    u32E2P_Pro_Other_WriteFlag               0x20000114   Data           4  eeprom.o(.data)
    u32E2P_RTC_Element_WriteFlag             0x20000118   Data           4  eeprom.o(.data)
    u32E2P_OtherElement1_WriteFlag           0x2000011c   Data           4  eeprom.o(.data)
    u32E2P_HeatCool_WriteFlag                0x20000120   Data           4  eeprom.o(.data)
    u8E2P_SocTable_WriteFlag                 0x20000124   Data           1  eeprom.o(.data)
    u8E2P_CopperLoss_WriteFlag               0x20000125   Data           1  eeprom.o(.data)
    u8E2P_KB_WriteFlag                       0x20000126   Data           1  eeprom.o(.data)
    u8E2P_KB_WritePos                        0x20000127   Data           1  eeprom.o(.data)
    curr_offset                              0x20000128   Data           2  eeprom.o(.data)
    OffsetValue_CHG                          0x2000012a   Data           2  eeprom.o(.data)
    OffsetValue_DSG                          0x2000012c   Data           2  eeprom.o(.data)
    Fault_Flag_Second                        0x2000013c   Data           2  fault.o(.data)
    Fault_Flag_Third                         0x2000013e   Data           2  fault.o(.data)
    FaultPoint_First2                        0x20000140   Data           1  fault.o(.data)
    FaultPoint_Second2                       0x20000141   Data           1  fault.o(.data)
    FaultPoint_Third2                        0x20000142   Data           1  fault.o(.data)
    BMS_LOG_POINT                            0x20000144   Data           1  logrecord.o(.data)
    LogRecord_Flag                           0x20000145   Data           1  logrecord.o(.data)
    gu8_Reset_EventRecord                    0x20000146   Data           1  logrecord.o(.data)
    su32_Interval_S_Tcnt                     0x20000148   Data           4  logrecord.o(.data)
    SeriesNum                                0x2000014d   Data           1  main.o(.data)
    RTC_TimeStructure                        0x20000152   Data           4  rtc.o(.data)
    RTC_DateStructure                        0x20000156   Data           4  rtc.o(.data)
    u8FlashUpdateFlag                        0x2000015a   Data           1  sci_upper.o(.data)
    u8FlashUpdateE2PROM                      0x2000015b   Data           1  sci_upper.o(.data)
    BlueToothFlag                            0x2000015c   Data           1  sci_upper.o(.data)
    RTC_ExtComCnt1                           0x2000015d   Data           1  sci_upper.o(.data)
    SuspendFlag1                             0x2000015e   Data           2  sci_upper.o(.data)
    SuspendFlag2                             0x20000160   Data           2  sci_upper.o(.data)
    AFE_ResetFlag                            0x20000164   Data           4  sh367309_datadeal.o(.data)
    AFE_PARAM_WRITE_Flag                     0x20000168   Data           4  sh367309_datadeal.o(.data)
    AFE_Parameters_RS485_Struction           0x2000016c   Data         192  sh367309_datadeal.o(.data)
    gu8_DriverStartUpFlag                    0x2000022c   Data           1  sh367309_func.o(.data)
    iSheldTemp_10K_NTC                       0x2000022e   Data         282  sh367309_func.o(.data)
    ucMTPBuffer                              0x20000348   Data          26  sh367309_func.o(.data)
    ucMTPBuffer_MCUDrivers                   0x20000362   Data           8  sh367309_func.o(.data)
    aaaaaa1                                  0x2000036a   Data           2  sh367309_func.o(.data)
    aaaaaa2                                  0x2000036c   Data           2  sh367309_func.o(.data)
    aaaaaa3                                  0x2000036e   Data           2  sh367309_func.o(.data)
    aaaaaa4                                  0x20000370   Data           2  sh367309_func.o(.data)
    aaa11                                    0x20000372   Data           1  sh367309_func.o(.data)
    Sleep_Mode                               0x20000380   Data           2  sleepdeal.o(.data)
    Sleep_Status                             0x20000382   Data           1  sleepdeal.o(.data)
    gu8_SleepStatus                          0x20000383   Data           1  sleepdeal.o(.data)
    RTC_ExtComCnt                            0x20000384   Data           1  sleepdeal.o(.data)
    CBC_Element                              0x200003dc   Data           4  system_init.o(.data)
    g_u81msCnt                               0x200003e4   Data           1  system_init.o(.data)
    g_u810msClockCnt                         0x200003e5   Data           1  system_init.o(.data)
    g_u81msClockCnt                          0x200003e6   Data           1  system_init.o(.data)
    gu8_200msCnt                             0x200003e7   Data           1  system_init.o(.data)
    System_OnOFF_Func                        0x200003e8   Data           4  system_monitor.o(.data)
    System_OnOFF_Func_StartUpRec             0x200003ec   Data           4  system_monitor.o(.data)
    SystemStatus                             0x200003f0   Data           4  system_monitor.o(.data)
    System_Func_StartUp                      0x200003f4   Data           4  system_monitor.o(.data)
    RelayCtrl_Command                        0x200003f8   Data           1  io_control.o(.data)
    MOSCtrl_Command                          0x200003f9   Data           1  io_control.o(.data)
    Switch_OnOFF_Func                        0x200003fc   Data           4  io_control.o(.data)
    gu8_DsgFirstOpen_Flag                    0x20000400   Data           1  io_control.o(.data)
    Relay_Command_SameDoor_HavePreChg        0x20000404   Data           1  iodrivers.o(.data)
    Relay_Command_DiffDoor_HavePreChg        0x20000405   Data           1  iodrivers.o(.data)
    MosCtrl_Command_SameDoor_HavePreChg      0x20000406   Data           1  iodrivers.o(.data)
    MosCtrl_Command_BootStrap_Cir            0x20000407   Data           1  iodrivers.o(.data)
    SOC_Cali_Flag                            0x2000050c   Data           1  socenhance.o(.data)
    g_iRunTime                               0x2000054c   Data           4  bsp_timer.o(.data)
    us_ticks                                 0x20000560   Data           4  bsp_timer.o(.data)
    Error_code_G                             0x20000568   Data           1  time_triggered.o(.data)
    g_u32ADCValFilter2                       0x2000056c   Data          12  adc.o(.bss)
    g_i32ADCResult                           0x20000578   Data          12  adc.o(.bss)
    g_u16CalibCoefK                          0x20000584   Data          94  datadeal.o(.bss)
    g_i16CalibCoefB                          0x200005e2   Data          94  datadeal.o(.bss)
    CopperLoss                               0x20000640   Data          32  datadeal.o(.bss)
    CopperLoss_Num                           0x20000660   Data          32  datadeal.o(.bss)
    OtherElement                             0x20000680   Data          64  datadeal.o(.bss)
    PRT_E2ROMParas                           0x200006c0   Data         130  fault.o(.bss)
    Fault_record_First2                      0x20000742   Data          10  fault.o(.bss)
    Fault_record_Second2                     0x2000074c   Data          10  fault.o(.bss)
    Fault_record_Third2                      0x20000756   Data          10  fault.o(.bss)
    Heat_Cool_Element                        0x20000790   Data          48  heat_cool.o(.bss)
    Registers_AFE1                           0x200007c0   Data          42  i2c_afe1.o(.bss)
    SH367309_Read_AFE1                       0x200007ec   Data          48  i2c_afe1.o(.bss)
    BMS_LOG_RECORD                           0x2000081c   Data          60  logrecord.o(.bss)
    ProductionInfor                          0x2000086e   Data         112  productionid.o(.bss)
    RTC_time                                 0x200008e0   Data          24  rtc.o(.bss)
    RTC_InitStructure                        0x200008f8   Data          12  rtc.o(.bss)
    RTC_AlarmStructure                       0x20000904   Data          16  rtc.o(.bss)
    g_u8SCITxBuff                            0x20000914   Data         128  sci_upper.o(.bss)
    g_stCellInfoReport                       0x20000994   Data         126  sci_upper.o(.bss)
    g_comm_port1                             0x20000a14   Data         556  comm.o(.bss)
    g_comm_port2                             0x20000c40   Data         556  comm.o(.bss)
    AFE_ROM_PARAMETERS_Struction             0x20000f72   Data          26  sh367309_datadeal.o(.bss)
    SH367309_Reg_Store                       0x20000f8c   Data          12  sh367309_func.o(.bss)
    SOC_Table_Set                            0x20000f98   Data          84  soc.o(.bss)
    System_ErrFlag                           0x20000fec   Data          24  system_monitor.o(.bss)
    Driver_Element                           0x20001004   Data          24  iodrivers.o(.bss)
    Driver_Element_last                      0x2000101c   Data          24  iodrivers.o(.bss)
    Driver_GPIO                              0x20001034   Data          32  iodrivers.o(.bss)
    SOC_Enhance_Element                      0x20001054   Data         162  socenhance.o(.bss)
    SOC_Calculate_Element                    0x200010f8   Data          40  socenhance.o(.bss)
    SOC_Calculate_Element_backup             0x20001120   Data          40  socenhance.o(.bss)
    sys_time                                 0x20001148   Data         112  conf.o(.bss)
    SCH_task_G                               0x20001230   Data         128  time_triggered.o(.bss)
    __initial_sp                             0x20001ab0   Data           0  startup_stm32f0xx.o(STACK)



==============================================================================

Memory Map of the image

  Image Entry point : 0x08001cc1

  Load Region LR_IROM1 (Base: 0x08001c00, Size: 0x0000bef0, Max: 0x0000d400, ABSOLUTE, COMPRESSED[0x0000bc20])

    Execution Region ER_IROM1 (Exec base: 0x08001c00, Load base: 0x08001c00, Size: 0x0000ba44, Max: 0x0000d400, ABSOLUTE)

    Exec Addr    Load Addr    Size         Type   Attr      Idx    E Section Name        Object

    0x08001c00   0x08001c00   0x000000c0   Data   RO            3    RESET               startup_stm32f0xx.o
    0x08001cc0   0x08001cc0   0x00000000   Code   RO         7296  * .ARM.Collect$$$$00000000  mc_p.l(entry.o)
    0x08001cc0   0x08001cc0   0x00000004   Code   RO         7570    .ARM.Collect$$$$00000001  mc_p.l(entry2.o)
    0x08001cc4   0x08001cc4   0x00000004   Code   RO         7573    .ARM.Collect$$$$00000004  mc_p.l(entry5.o)
    0x08001cc8   0x08001cc8   0x00000000   Code   RO         7575    .ARM.Collect$$$$00000008  mc_p.l(entry7b.o)
    0x08001cc8   0x08001cc8   0x00000000   Code   RO         7577    .ARM.Collect$$$$0000000A  mc_p.l(entry8b.o)
    0x08001cc8   0x08001cc8   0x00000008   Code   RO         7578    .ARM.Collect$$$$0000000B  mc_p.l(entry9a.o)
    0x08001cd0   0x08001cd0   0x00000004   Code   RO         7585    .ARM.Collect$$$$0000000E  mc_p.l(entry12b.o)
    0x08001cd4   0x08001cd4   0x00000000   Code   RO         7580    .ARM.Collect$$$$0000000F  mc_p.l(entry10a.o)
    0x08001cd4   0x08001cd4   0x00000000   Code   RO         7582    .ARM.Collect$$$$00000011  mc_p.l(entry11a.o)
    0x08001cd4   0x08001cd4   0x00000004   Code   RO         7571    .ARM.Collect$$$$00002712  mc_p.l(entry2.o)
    0x08001cd8   0x08001cd8   0x0000001c   Code   RO            4    .text               startup_stm32f0xx.o
    0x08001cf4   0x08001cf4   0x0000002c   Code   RO         7299    .text               mc_p.l(uidiv.o)
    0x08001d20   0x08001d20   0x00000028   Code   RO         7301    .text               mc_p.l(idiv.o)
    0x08001d48   0x08001d48   0x00000024   Code   RO         7303    .text               mc_p.l(memcpya.o)
    0x08001d6c   0x08001d6c   0x00000024   Code   RO         7305    .text               mc_p.l(memseta.o)
    0x08001d90   0x08001d90   0x00000024   Code   RO         7602    .text               mc_p.l(init.o)
    0x08001db4   0x08001db4   0x00000056   Code   RO         7624    .text               mc_p.l(__dczerorl2.o)
    0x08001e0a   0x08001e0a   0x00000018   Code   RO         3304    i.ADC_ChannelConfig  stm32f0xx_adc.o
    0x08001e22   0x08001e22   0x00000018   Code   RO         3308    i.ADC_Cmd           stm32f0xx_adc.o
    0x08001e3a   0x08001e3a   0x00000018   Code   RO         3310    i.ADC_DMACmd        stm32f0xx_adc.o
    0x08001e52   0x08001e52   0x00000010   Code   RO         3311    i.ADC_DMARequestModeConfig  stm32f0xx_adc.o
    0x08001e62   0x08001e62   0x00000002   PAD
    0x08001e64   0x08001e64   0x00000020   Code   RO         3312    i.ADC_DeInit        stm32f0xx_adc.o
    0x08001e84   0x08001e84   0x0000003c   Code   RO         3314    i.ADC_GetCalibrationFactor  stm32f0xx_adc.o
    0x08001ec0   0x08001ec0   0x00000030   Code   RO         3316    i.ADC_GetFlagStatus  stm32f0xx_adc.o
    0x08001ef0   0x08001ef0   0x0000002c   Code   RO         3319    i.ADC_Init          stm32f0xx_adc.o
    0x08001f1c   0x08001f1c   0x0000001c   Code   RO         3321    i.ADC_OverrunModeCmd  stm32f0xx_adc.o
    0x08001f38   0x08001f38   0x0000000a   Code   RO         3322    i.ADC_StartOfConversion  stm32f0xx_adc.o
    0x08001f42   0x08001f42   0x00000010   Code   RO         3324    i.ADC_StructInit    stm32f0xx_adc.o
    0x08001f52   0x08001f52   0x00000002   PAD
    0x08001f54   0x08001f54   0x00000084   Code   RO          363    i.ADC_TTC           adc.o
    0x08001fd8   0x08001fd8   0x00000020   Code   RO         2376    i.AFE_IDLE          sh367309_func.o
    0x08001ff8   0x08001ff8   0x00000048   Code   RO         2377    i.AFE_IsReady       sh367309_func.o
    0x08002040   0x08002040   0x00000030   Code   RO         2378    i.AFE_Reset         sh367309_func.o
    0x08002070   0x08002070   0x00000020   Code   RO         2380    i.AFE_Sleep         sh367309_func.o
    0x08002090   0x08002090   0x00000002   Code   RO          601    i.AllSeriesDeal_Charger_OFF  chargerloadfunc.o
    0x08002092   0x08002092   0x00000002   PAD
    0x08002094   0x08002094   0x000000bc   Code   RO          602    i.AllSeriesDeal_Charger_ON  chargerloadfunc.o
    0x08002150   0x08002150   0x00000084   Code   RO          603    i.AllSeriesDeal_Sleep_Or_None  chargerloadfunc.o
    0x080021d4   0x080021d4   0x00000094   Code   RO          675    i.App_AFEGet        datadeal.o
    0x08002268   0x08002268   0x00000008   Code   RO          365    i.App_AnlogCal      adc.o
    0x08002270   0x08002270   0x00000010   Code   RO          604    i.App_ChargerLoad_Det  chargerloadfunc.o
    0x08002280   0x08002280   0x0000005c   Code   RO         2868    i.App_DI1_Switch    io_control.o
    0x080022dc   0x080022dc   0x00000084   Code   RO          762    i.App_E2promDeal    eeprom.o
    0x08002360   0x08002360   0x00000160   Code   RO          912    i.App_FaultCheck_Run  fault.o
    0x080024c0   0x080024c0   0x0000003c   Code   RO          952    i.App_FlashUpdateDet  flash.o
    0x080024fc   0x080024fc   0x00000170   Code   RO         1217    i.App_LogRecord     logrecord.o
    0x0800266c   0x0800266c   0x00000028   Code   RO         2869    i.App_MOS_Relay_Ctrl  io_control.o
    0x08002694   0x08002694   0x00000034   Code   RO         1357    i.App_ProID_Deal    productionid.o
    0x080026c8   0x080026c8   0x000000b4   Code   RO         1402    i.App_PubOPUPChk    pubfunc.o
    0x0800277c   0x0800277c   0x0000000c   Code   RO         2382    i.App_SH367309      sh367309_func.o
    0x08002788   0x08002788   0x00000198   Code   RO         2383    i.App_SH367309_Monitor  sh367309_func.o
    0x08002920   0x08002920   0x00000050   Code   RO         2733    i.App_SOC           soc.o
    0x08002970   0x08002970   0x000000cc   Code   RO         2492    i.App_SleepDeal     sleepdeal.o
    0x08002a3c   0x08002a3c   0x00000002   Code   RO         1287    i.App_WakeUpAFE     main.o
    0x08002a3e   0x08002a3e   0x00000016   Code   RO          913    i.App_WarnCtrl      fault.o
    0x08002a54   0x08002a54   0x000000d6   Code   RO         2041    i.AsciiParser_ConsumeByte  ascii_slave.o
    0x08002b2a   0x08002b2a   0x0000000c   Code   RO         2042    i.AsciiParser_Reset  ascii_slave.o
    0x08002b36   0x08002b36   0x0000002a   Code   RO         2043    i.Ascii_BuildAlarmInfo  ascii_slave.o
    0x08002b60   0x08002b60   0x0000002c   Code   RO         2044    i.Ascii_BuildAnalogData  ascii_slave.o
    0x08002b8c   0x08002b8c   0x0000002c   Code   RO         2046    i.Ascii_BuildChargeDisInfo  ascii_slave.o
    0x08002bb8   0x08002bb8   0x00000208   Code   RO         2047    i.Ascii_HandleFrame  ascii_slave.o
    0x08002dc0   0x08002dc0   0x00000036   Code   RO         2048    i.Ascii_To_Hex      ascii_slave.o
    0x08002df6   0x08002df6   0x0000001e   Code   RO         2161    i.BmsComm_AppendU16  bms_comm_data_adapter.o
    0x08002e14   0x08002e14   0x00000034   Code   RO         2162    i.BmsComm_AppendU16List  bms_comm_data_adapter.o
    0x08002e48   0x08002e48   0x00000018   Code   RO         2163    i.BmsComm_AppendU8  bms_comm_data_adapter.o
    0x08002e60   0x08002e60   0x00000032   Code   RO         2164    i.BmsComm_AppendU8List  bms_comm_data_adapter.o
    0x08002e92   0x08002e92   0x00000002   PAD
    0x08002e94   0x08002e94   0x000001a8   Code   RO         2165    i.BmsComm_BuildAlarmPayload  bms_comm_data_adapter.o
    0x0800303c   0x0800303c   0x0000021c   Code   RO         2166    i.BmsComm_BuildAnalogPayload  bms_comm_data_adapter.o
    0x08003258   0x08003258   0x000000ac   Code   RO         2168    i.BmsComm_BuildChargeDischargePayload  bms_comm_data_adapter.o
    0x08003304   0x08003304   0x0000000c   Code   RO         2169    i.BmsComm_EncodePylonLocation  bms_comm_data_adapter.o
    0x08003310   0x08003310   0x00000018   Code   RO         2170    i.BmsComm_EncodePylonTemperature  bms_comm_data_adapter.o
    0x08003328   0x08003328   0x00000028   Code   RO         2171    i.BmsComm_GetChargeDischargeStatus  bms_comm_data_adapter.o
    0x08003350   0x08003350   0x00000014   Code   RO         2172    i.BmsComm_SaturateU16  bms_comm_data_adapter.o
    0x08003364   0x08003364   0x00000010   Code   RO          953    i.BootFlag_Clear    flash.o
    0x08003374   0x08003374   0x00000024   Code   RO          954    i.BootFlag_EnableAccess  flash.o
    0x08003398   0x08003398   0x0000002c   Code   RO          955    i.BootFlag_Read     flash.o
    0x080033c4   0x080033c4   0x0000001c   Code   RO          956    i.BootFlag_Write    flash.o
    0x080033e0   0x080033e0   0x00000016   Code   RO         2049    i.Build_LENGTH_Field  ascii_slave.o
    0x080033f6   0x080033f6   0x000001ae   Code   RO         2050    i.Build_Response_Frame  ascii_slave.o
    0x080035a4   0x080035a4   0x00000020   Code   RO         1076    i.CRC8cal           i2c_afe1.o
    0x080035c4   0x080035c4   0x0000003c   Code   RO         1559    i.CRC_verify        sci_upper.o
    0x08003600   0x08003600   0x00000022   Code   RO         2051    i.Calc_CHKSUM       ascii_slave.o
    0x08003622   0x08003622   0x0000002c   Code   RO         2052    i.Calc_LCHKSUM      ascii_slave.o
    0x0800364e   0x0800364e   0x0000001c   Code   RO         2296    i.Choose_Right_Value  sh367309_datadeal.o
    0x0800366a   0x0800366a   0x00000002   PAD
    0x0800366c   0x0800366c   0x000002b8   Code   RO         2053    i.Cmd_Handle_Analog2_Value  ascii_slave.o
    0x08003924   0x08003924   0x0000000c   Code   RO         1836    i.Comm_CheckElapsedMs  comm.o
    0x08003930   0x08003930   0x0000000c   Code   RO         1837    i.Comm_DelayUs      comm.o
    0x0800393c   0x0800393c   0x0000000a   Code   RO         1838    i.Comm_EnterCritical  comm.o
    0x08003946   0x08003946   0x0000000a   Code   RO         1839    i.Comm_ExitCritical  comm.o
    0x08003950   0x08003950   0x00000008   Code   RO         1840    i.Comm_GetRuntimeMs  comm.o
    0x08003958   0x08003958   0x00000030   Code   RO         1841    i.Comm_InitAll      comm.o
    0x08003988   0x08003988   0x00000024   Code   RO         1842    i.Comm_NotifyRxActivity  comm.o
    0x080039ac   0x080039ac   0x00000020   Code   RO         1843    i.Comm_NotifyTxComplete  comm.o
    0x080039cc   0x080039cc   0x0000003c   Code   RO         1844    i.Comm_PollAll      comm.o
    0x08003a08   0x08003a08   0x00000034   Code   RO         1845    i.Comm_PortCheckTimeout  comm.o
    0x08003a3c   0x08003a3c   0x00000020   Code   RO         1846    i.Comm_PortDisableRx  comm.o
    0x08003a5c   0x08003a5c   0x00000024   Code   RO         1847    i.Comm_PortDisableTxInterrupts  comm.o
    0x08003a80   0x08003a80   0x0000008c   Code   RO         1848    i.Comm_PortDispatch  comm.o
    0x08003b0c   0x08003b0c   0x0000002e   Code   RO         1849    i.Comm_PortDrainRxRing  comm.o
    0x08003b3a   0x08003b3a   0x00000002   PAD
    0x08003b3c   0x08003b3c   0x00000020   Code   RO         1850    i.Comm_PortEnableRx  comm.o
    0x08003b5c   0x08003b5c   0x000000ba   Code   RO         1851    i.Comm_PortFeedByte  comm.o
    0x08003c16   0x08003c16   0x00000010   Code   RO         1852    i.Comm_PortFinishTx  comm.o
    0x08003c26   0x08003c26   0x00000014   Code   RO         1853    i.Comm_PortFlushRxRing  comm.o
    0x08003c3a   0x08003c3a   0x00000082   Code   RO         1854    i.Comm_PortHandleErrors  comm.o
    0x08003cbc   0x08003cbc   0x000000f8   Code   RO         1855    i.Comm_PortInit     comm.o
    0x08003db4   0x08003db4   0x000000cc   Code   RO         1856    i.Comm_PortIrqHandler  comm.o
    0x08003e80   0x08003e80   0x00000036   Code   RO         1857    i.Comm_PortProcessTxSwitchback  comm.o
    0x08003eb6   0x08003eb6   0x00000034   Code   RO         1858    i.Comm_PortResetParser  comm.o
    0x08003eea   0x08003eea   0x00000012   Code   RO         1859    i.Comm_PortResetRx  comm.o
    0x08003efc   0x08003efc   0x00000074   Code   RO         1860    i.Comm_PortStartTx  comm.o
    0x08003f70   0x08003f70   0x00000010   Code   RO         1861    i.Comm_RingNext     comm.o
    0x08003f80   0x08003f80   0x00000028   Code   RO         1862    i.Comm_RingPopByte  comm.o
    0x08003fa8   0x08003fa8   0x00000026   Code   RO         1863    i.Comm_RingPushByte  comm.o
    0x08003fce   0x08003fce   0x00000002   PAD
    0x08003fd0   0x08003fd0   0x0000001c   Code   RO         1864    i.Comm_SetRs485RxMode  comm.o
    0x08003fec   0x08003fec   0x0000001c   Code   RO         1865    i.Comm_SetRs485TxMode  comm.o
    0x08004008   0x08004008   0x00000002   Code   RO         3157    i.CorrectionTerminal_CC  socenhance.o
    0x0800400a   0x0800400a   0x00000002   PAD
    0x0800400c   0x0800400c   0x00000324   Code   RO         3158    i.CorrectionTerminal_CV  socenhance.o
    0x08004330   0x08004330   0x00000060   Code   RO         3159    i.Correction_Terminal  socenhance.o
    0x08004390   0x08004390   0x0000001c   Code   RO         4216    i.DMA_Cmd           stm32f0xx_dma.o
    0x080043ac   0x080043ac   0x00000164   Code   RO         4217    i.DMA_DeInit        stm32f0xx_dma.o
    0x08004510   0x08004510   0x00000040   Code   RO         4222    i.DMA_Init          stm32f0xx_dma.o
    0x08004550   0x08004550   0x0000001a   Code   RO         4225    i.DMA_StructInit    stm32f0xx_dma.o
    0x0800456a   0x0800456a   0x00000002   PAD
    0x0800456c   0x0800456c   0x000000b0   Code   RO          676    i.DataLoad_CellVolt  datadeal.o
    0x0800461c   0x0800461c   0x00000098   Code   RO          677    i.DataLoad_CellVoltMaxMinFind  datadeal.o
    0x080046b4   0x080046b4   0x00000150   Code   RO          679    i.DataLoad_Current  datadeal.o
    0x08004804   0x08004804   0x000000b0   Code   RO          680    i.DataLoad_CurrentCali  datadeal.o
    0x080048b4   0x080048b4   0x000000c8   Code   RO          763    i.DataLoad_CurrentCali_startup  eeprom.o
    0x0800497c   0x0800497c   0x000000f8   Code   RO          681    i.DataLoad_Temperature  datadeal.o
    0x08004a74   0x08004a74   0x00000044   Code   RO          682    i.DataLoad_TemperatureMaxMinFind  datadeal.o
    0x08004ab8   0x08004ab8   0x0000001e   Code   RO         1404    i.Delay1ms          pubfunc.o
    0x08004ad6   0x08004ad6   0x0000000a   Code   RO         1077    i.Delay4us          i2c_afe1.o
    0x08004ae0   0x08004ae0   0x000000d4   Code   RO         2941    i.DriversOnOFF      iodrivers.o
    0x08004bb4   0x08004bb4   0x00000018   Code   RO         2942    i.Drivers_Ctrl      iodrivers.o
    0x08004bcc   0x08004bcc   0x000000a8   Code   RO         2870    i.Drivers_External_Ctrl  io_control.o
    0x08004c74   0x08004c74   0x00000002   Code   RO         2297    i.EEPROM_ResetData_AFE_ParametersToDefault  sh367309_datadeal.o
    0x08004c76   0x08004c76   0x00000002   PAD
    0x08004c78   0x08004c78   0x000000f8   Code   RO          764    i.EEPROM_ResetData_AllToDefault  eeprom.o
    0x08004d70   0x08004d70   0x00000054   Code   RO         1218    i.EEPROM_ResetData_EventRecord_ToDefault  logrecord.o
    0x08004dc4   0x08004dc4   0x00000010   Code   RO          765    i.EEPROM_ResetData_OtherToDefault  eeprom.o
    0x08004dd4   0x08004dd4   0x00000038   Code   RO           12    i.EXTI0_1_IRQHandler  stm32f0xx_it.o
    0x08004e0c   0x08004e0c   0x00000014   Code   RO           13    i.EXTI2_3_IRQHandler  stm32f0xx_it.o
    0x08004e20   0x08004e20   0x00000088   Code   RO           14    i.EXTI4_15_IRQHandler  stm32f0xx_it.o
    0x08004ea8   0x08004ea8   0x0000000c   Code   RO         4301    i.EXTI_ClearITPendingBit  stm32f0xx_exti.o
    0x08004eb4   0x08004eb4   0x0000001c   Code   RO         4305    i.EXTI_GetITStatus  stm32f0xx_exti.o
    0x08004ed0   0x08004ed0   0x00000088   Code   RO         4306    i.EXTI_Init         stm32f0xx_exti.o
    0x08004f58   0x08004f58   0x0000000c   Code   RO         4362    i.FLASH_ClearFlag   stm32f0xx_flash.o
    0x08004f64   0x08004f64   0x0000004c   Code   RO         4364    i.FLASH_ErasePage   stm32f0xx_flash.o
    0x08004fb0   0x08004fb0   0x0000003c   Code   RO         4367    i.FLASH_GetStatus   stm32f0xx_flash.o
    0x08004fec   0x08004fec   0x00000014   Code   RO         4369    i.FLASH_Lock        stm32f0xx_flash.o
    0x08005000   0x08005000   0x00000044   Code   RO         4388    i.FLASH_ProgramHalfWord  stm32f0xx_flash.o
    0x08005044   0x08005044   0x00000024   Code   RO         4391    i.FLASH_Unlock      stm32f0xx_flash.o
    0x08005068   0x08005068   0x00000028   Code   RO         4392    i.FLASH_WaitForLastOperation  stm32f0xx_flash.o
    0x08005090   0x08005090   0x00000090   Code   RO          914    i.FaultWarnRecord2  fault.o
    0x08005120   0x08005120   0x0000025c   Code   RO         2384    i.Fault_ChangeToMCU  sh367309_func.o
    0x0800537c   0x0800537c   0x0000002e   Code   RO          959    i.FlashWriteOneHalfWord  flash.o
    0x080053aa   0x080053aa   0x00000090   Code   RO         4563    i.GPIO_Init         stm32f0xx_gpio.o
    0x0800543a   0x0800543a   0x00000044   Code   RO         4564    i.GPIO_PinAFConfig  stm32f0xx_gpio.o
    0x0800547e   0x0800547e   0x00000004   Code   RO         4570    i.GPIO_ResetBits    stm32f0xx_gpio.o
    0x08005482   0x08005482   0x00000004   Code   RO         4571    i.GPIO_SetBits      stm32f0xx_gpio.o
    0x08005486   0x08005486   0x0000000c   Code   RO         4574    i.GPIO_WriteBit     stm32f0xx_gpio.o
    0x08005492   0x08005492   0x00000002   Code   RO         2871    i.GetData_Drivers   io_control.o
    0x08005494   0x08005494   0x00000078   Code   RO         2734    i.GetData_SOC       soc.o
    0x0800550c   0x0800550c   0x0000016e   Code   RO         1405    i.GetEndValue       pubfunc.o
    0x0800567a   0x0800567a   0x00000002   PAD
    0x0800567c   0x0800567c   0x0000008c   Code   RO         3160    i.Get_OpenCircuit_Value  socenhance.o
    0x08005708   0x08005708   0x00000004   Code   RO           15    i.HardFault_Handler  stm32f0xx_it.o
    0x0800570c   0x0800570c   0x0000001a   Code   RO         2054    i.Hex_To_Ascii      ascii_slave.o
    0x08005726   0x08005726   0x00000002   PAD
    0x08005728   0x08005728   0x00000064   Code   RO          766    i.IIC_Ack_SEE       eeprom.o
    0x0800578c   0x0800578c   0x00000064   Code   RO          767    i.IIC_NAck_SEE      eeprom.o
    0x080057f0   0x080057f0   0x00000078   Code   RO          768    i.IIC_Read_Byte_SEE  eeprom.o
    0x08005868   0x08005868   0x00000094   Code   RO          769    i.IIC_Send_Byte_SEE  eeprom.o
    0x080058fc   0x080058fc   0x00000064   Code   RO          770    i.IIC_Start_SEE     eeprom.o
    0x08005960   0x08005960   0x0000006c   Code   RO          771    i.IIC_Stop_SEE      eeprom.o
    0x080059cc   0x080059cc   0x00000064   Code   RO          772    i.IIC_Wait_Ack_SEE  eeprom.o
    0x08005a30   0x08005a30   0x00000004   Code   RO         2493    i.IORecover_DeepMode  sleepdeal.o
    0x08005a34   0x08005a34   0x00000004   Code   RO         2494    i.IORecover_NormalMode  sleepdeal.o
    0x08005a38   0x08005a38   0x00000004   Code   RO         2495    i.IORecover_RTCMode  sleepdeal.o
    0x08005a3c   0x08005a3c   0x00000064   Code   RO         2497    i.IOstatus_Base     sleepdeal.o
    0x08005aa0   0x08005aa0   0x00000010   Code   RO         2498    i.IOstatus_DeepMode  sleepdeal.o
    0x08005ab0   0x08005ab0   0x00000008   Code   RO         2499    i.IOstatus_NormalMode  sleepdeal.o
    0x08005ab8   0x08005ab8   0x00000012   Code   RO         2500    i.IOstatus_RTCMode  sleepdeal.o
    0x08005aca   0x08005aca   0x00000002   PAD
    0x08005acc   0x08005acc   0x00000010   Code   RO         4920    i.IWDG_Enable       stm32f0xx_iwdg.o
    0x08005adc   0x08005adc   0x00000010   Code   RO         4922    i.IWDG_ReloadCounter  stm32f0xx_iwdg.o
    0x08005aec   0x08005aec   0x0000000c   Code   RO         4923    i.IWDG_SetPrescaler  stm32f0xx_iwdg.o
    0x08005af8   0x08005af8   0x0000000c   Code   RO         4924    i.IWDG_SetReload    stm32f0xx_iwdg.o
    0x08005b04   0x08005b04   0x0000000c   Code   RO         4926    i.IWDG_WriteAccessCmd  stm32f0xx_iwdg.o
    0x08005b10   0x08005b10   0x00000010   Code   RO          961    i.IapRequest_ArmLegacyFlag  flash.o
    0x08005b20   0x08005b20   0x00000040   Code   RO          366    i.InitADC           adc.o
    0x08005b60   0x08005b60   0x0000008c   Code   RO          367    i.InitADC_ADC1      adc.o
    0x08005bec   0x08005bec   0x00000064   Code   RO          368    i.InitADC_DMA       adc.o
    0x08005c50   0x08005c50   0x00000028   Code   RO          369    i.InitADC_GPIO      adc.o
    0x08005c78   0x08005c78   0x0000004c   Code   RO          370    i.InitADC_TIMER     adc.o
    0x08005cc4   0x08005cc4   0x00000058   Code   RO         1078    i.InitAFE1          i2c_afe1.o
    0x08005d1c   0x08005d1c   0x0000003c   Code   RO         1079    i.InitAFE1_Sleep    i2c_afe1.o
    0x08005d58   0x08005d58   0x00000024   Code   RO         2872    i.InitData_Drivers  io_control.o
    0x08005d7c   0x08005d7c   0x000000d4   Code   RO          773    i.InitData_E2prom   eeprom.o
    0x08005e50   0x08005e50   0x00000060   Code   RO         2735    i.InitData_SOC      soc.o
    0x08005eb0   0x08005eb0   0x00000020   Code   RO         2778    i.InitDelay         system_init.o
    0x08005ed0   0x08005ed0   0x00000114   Code   RO         1288    i.InitDevice        main.o
    0x08005fe4   0x08005fe4   0x00000050   Code   RO          774    i.InitE2PROM        eeprom.o
    0x08006034   0x08006034   0x00000170   Code   RO         2779    i.InitIO            system_init.o
    0x080061a4   0x080061a4   0x00000008   Code   RO         2873    i.InitMosRelay_DOx  io_control.o
    0x080061ac   0x080061ac   0x00000090   Code   RO         1358    i.InitProID         productionid.o
    0x0800623c   0x0800623c   0x000000dc   Code   RO         3136    i.InitShortCur      shortfunc.o
    0x08006318   0x08006318   0x000001e8   Code   RO         2829    i.InitSystemMonitorData_EEPROM  system_monitor.o
    0x08006500   0x08006500   0x00000002   Code   RO         1289    i.InitSystemWakeUp  main.o
    0x08006502   0x08006502   0x00000002   PAD
    0x08006504   0x08006504   0x00000054   Code   RO         1290    i.InitVar           main.o
    0x08006558   0x08006558   0x000000b0   Code   RO         2502    i.InitWakeUp_Base   sleepdeal.o
    0x08006608   0x08006608   0x00000008   Code   RO         2503    i.InitWakeUp_DeepMode  sleepdeal.o
    0x08006610   0x08006610   0x000000b8   Code   RO         2504    i.InitWakeUp_NormalMode  sleepdeal.o
    0x080066c8   0x080066c8   0x00000010   Code   RO         2505    i.InitWakeUp_RTCMode  sleepdeal.o
    0x080066d8   0x080066d8   0x00000014   Code   RO          606    i.Init_ChargerLoad_Det  chargerloadfunc.o
    0x080066ec   0x080066ec   0x00000074   Code   RO          607    i.Init_Charger_AllSeries  chargerloadfunc.o
    0x08006760   0x08006760   0x00000034   Code   RO          962    i.Init_IAPAPP       flash.o
    0x08006794   0x08006794   0x0000002c   Code   RO         2780    i.Init_IWDG         system_init.o
    0x080067c0   0x080067c0   0x00000020   Code   RO         1490    i.Init_RTC          rtc.o
    0x080067e0   0x080067e0   0x00000010   Code   RO         1492    i.Init_RTC_HaltWakeUp  rtc.o
    0x080067f0   0x080067f0   0x00000030   Code   RO          683    i.Init_Registers    datadeal.o
    0x08006820   0x08006820   0x00000078   Code   RO         2507    i.IsSleepStartUp    sleepdeal.o
    0x08006898   0x08006898   0x000000a4   Code   RO          775    i.LoadE2promRuntimeData  eeprom.o
    0x0800693c   0x0800693c   0x00000098   Code   RO         1219    i.LogEvent_EEPROM   logrecord.o
    0x080069d4   0x080069d4   0x000000bc   Code   RO         1220    i.LogEvent_Record   logrecord.o
    0x08006a90   0x08006a90   0x0000004c   Code   RO         1221    i.LogTime_Map       logrecord.o
    0x08006adc   0x08006adc   0x0000003c   Code   RO         1080    i.MTPRead           i2c_afe1.o
    0x08006b18   0x08006b18   0x00000060   Code   RO         1081    i.MTPWrite          i2c_afe1.o
    0x08006b78   0x08006b78   0x00000060   Code   RO         1082    i.MTPWriteROM       i2c_afe1.o
    0x08006bd8   0x08006bd8   0x000000ca   Code   RO         2244    i.ModbusRtuParser_ConsumeByte  modbus_rtu_parser.o
    0x08006ca2   0x08006ca2   0x0000000c   Code   RO         2245    i.ModbusRtuParser_Reset  modbus_rtu_parser.o
    0x08006cae   0x08006cae   0x00000096   Code   RO         2270    i.Modbus_ServiceHandleFrame  modbus_service.o
    0x08006d44   0x08006d44   0x000001ec   Code   RO          684    i.MonitorAFE        datadeal.o
    0x08006f30   0x08006f30   0x0000008c   Code   RO         1408    i.Monitor_TempBreak  pubfunc.o
    0x08006fbc   0x08006fbc   0x00000470   Code   RO         2951    i.MosCtrl_SameDoor_NoPreChg  iodrivers.o
    0x0800742c   0x0800742c   0x00000002   Code   RO           16    i.NMI_Handler       stm32f0xx_it.o
    0x0800742e   0x0800742e   0x00000002   PAD
    0x08007430   0x08007430   0x00000070   Code   RO         4976    i.NVIC_Init         stm32f0xx_misc.o
    0x080074a0   0x080074a0   0x00000078   Code   RO         1866    i.NVIC_SetPriority  comm.o
    0x08007518   0x08007518   0x00000078   Code   RO         7146    i.NVIC_SetPriority  bsp_timer.o
    0x08007590   0x08007590   0x0000001c   Code   RO         2508    i.NVIC_SystemReset  sleepdeal.o
    0x080075ac   0x080075ac   0x00000028   Code   RO         5008    i.PWR_BackupAccessCmd  stm32f0xx_pwr.o
    0x080075d4   0x080075d4   0x00000064   Code   RO         5012    i.PWR_EnterSTOPMode  stm32f0xx_pwr.o
    0x08007638   0x08007638   0x0000002e   Code   RO         2055    i.Parse_Hex_Byte    ascii_slave.o
    0x08007666   0x08007666   0x00000056   Code   RO         2056    i.Parse_Hex_U16     ascii_slave.o
    0x080076bc   0x080076bc   0x00000022   Code   RO         2057    i.Parse_LENGTH_Field  ascii_slave.o
    0x080076de   0x080076de   0x00000002   Code   RO           17    i.PendSV_Handler    stm32f0xx_it.o
    0x080076e0   0x080076e0   0x00000020   Code   RO         5083    i.RCC_AHBPeriphClockCmd  stm32f0xx_rcc.o
    0x08007700   0x08007700   0x00000020   Code   RO         5085    i.RCC_APB1PeriphClockCmd  stm32f0xx_rcc.o
    0x08007720   0x08007720   0x00000020   Code   RO         5087    i.RCC_APB2PeriphClockCmd  stm32f0xx_rcc.o
    0x08007740   0x08007740   0x00000020   Code   RO         5088    i.RCC_APB2PeriphResetCmd  stm32f0xx_rcc.o
    0x08007760   0x08007760   0x00000248   Code   RO         5097    i.RCC_GetClocksFreq  stm32f0xx_rcc.o
    0x080079a8   0x080079a8   0x00000048   Code   RO         5098    i.RCC_GetFlagStatus  stm32f0xx_rcc.o
    0x080079f0   0x080079f0   0x00000028   Code   RO         5109    i.RCC_LSEConfig     stm32f0xx_rcc.o
    0x08007a18   0x08007a18   0x00000024   Code   RO         5111    i.RCC_LSICmd        stm32f0xx_rcc.o
    0x08007a3c   0x08007a3c   0x00000028   Code   RO         5117    i.RCC_RTCCLKCmd     stm32f0xx_rcc.o
    0x08007a64   0x08007a64   0x00000010   Code   RO         5118    i.RCC_RTCCLKConfig  stm32f0xx_rcc.o
    0x08007a74   0x08007a74   0x00000070   Code   RO         5344    i.RTC_AlarmCmd      stm32f0xx_rtc.o
    0x08007ae4   0x08007ae4   0x000000d4   Code   RO         1493    i.RTC_AlarmConfig   rtc.o
    0x08007bb8   0x08007bb8   0x0000001a   Code   RO         5347    i.RTC_Bcd2ToByte    stm32f0xx_rtc.o
    0x08007bd2   0x08007bd2   0x0000001c   Code   RO         5349    i.RTC_ByteToBcd2    stm32f0xx_rtc.o
    0x08007bee   0x08007bee   0x00000002   PAD
    0x08007bf0   0x08007bf0   0x00000024   Code   RO         5353    i.RTC_ClearITPendingBit  stm32f0xx_rtc.o
    0x08007c14   0x08007c14   0x000000d8   Code   RO         1494    i.RTC_ClockConfig   rtc.o
    0x08007cec   0x08007cec   0x00000058   Code   RO         5357    i.RTC_EnterInitMode  stm32f0xx_rtc.o
    0x08007d44   0x08007d44   0x00000014   Code   RO         5358    i.RTC_ExitInitMode  stm32f0xx_rtc.o
    0x08007d58   0x08007d58   0x0000004c   Code   RO         5363    i.RTC_GetITStatus   stm32f0xx_rtc.o
    0x08007da4   0x08007da4   0x00000020   Code   RO         1495    i.RTC_IRQHandler    rtc.o
    0x08007dc4   0x08007dc4   0x00000064   Code   RO         5370    i.RTC_ITConfig      stm32f0xx_rtc.o
    0x08007e28   0x08007e28   0x00000058   Code   RO         5371    i.RTC_Init          stm32f0xx_rtc.o
    0x08007e80   0x08007e80   0x000000d8   Code   RO         5376    i.RTC_SetAlarm      stm32f0xx_rtc.o
    0x08007f58   0x08007f58   0x000000d0   Code   RO         5377    i.RTC_SetDate       stm32f0xx_rtc.o
    0x08008028   0x08008028   0x000000d8   Code   RO         5378    i.RTC_SetTime       stm32f0xx_rtc.o
    0x08008100   0x08008100   0x00000058   Code   RO         1496    i.RTC_TimeConfig    rtc.o
    0x08008158   0x08008158   0x0000006c   Code   RO         5392    i.RTC_WaitForSynchro  stm32f0xx_rtc.o
    0x080081c4   0x080081c4   0x00000038   Code   RO          776    i.ReadCurrentOffset_E2prom  eeprom.o
    0x080081fc   0x080081fc   0x00000002   Code   RO         2298    i.ReadEEPROM_AFE_Parameters  sh367309_datadeal.o
    0x080081fe   0x080081fe   0x00000094   Code   RO          777    i.ReadEEPROM_Byte   eeprom.o
    0x08008292   0x08008292   0x00000002   PAD
    0x08008294   0x08008294   0x000001d4   Code   RO          778    i.ReadEEPROM_ByteData_StartUp  eeprom.o
    0x08008468   0x08008468   0x00000090   Code   RO         1222    i.ReadEEPROM_EventRecord_Parameters  logrecord.o
    0x080084f8   0x080084f8   0x00000022   Code   RO          779    i.ReadEEPROM_Word_NoZone  eeprom.o
    0x0800851a   0x0800851a   0x00000002   PAD
    0x0800851c   0x0800851c   0x00000218   Code   RO         2874    i.RefreshData_Drivers  io_control.o
    0x08008734   0x08008734   0x0000002c   Code   RO         2736    i.RefreshData_SOC   soc.o
    0x08008760   0x08008760   0x0000026c   Code   RO         2299    i.Refresh_Parameters  sh367309_datadeal.o
    0x080089cc   0x080089cc   0x00000054   Code   RO         7253    i.SCH_Add_Task      time_triggered.o
    0x08008a20   0x08008a20   0x00000054   Code   RO         7254    i.SCH_Dispatch_Tasks  time_triggered.o
    0x08008a74   0x08008a74   0x00000050   Code   RO         7255    i.SCH_Task_Delete   time_triggered.o
    0x08008ac4   0x08008ac4   0x00000064   Code   RO         7256    i.SCH_Update        time_triggered.o
    0x08008b28   0x08008b28   0x0000006c   Code   RO         2385    i.SH367309_DriverMos_Ctrl  sh367309_func.o
    0x08008b94   0x08008b94   0x0000003c   Code   RO         2386    i.SH367309_Enable_AFE_Wdt_Cadc_Drivers  sh367309_func.o
    0x08008bd0   0x08008bd0   0x00000080   Code   RO         2300    i.SH367309_UpdataAfeConfig  sh367309_datadeal.o
    0x08008c50   0x08008c50   0x00000114   Code   RO         3162    i.SOC_Cont_AH_Int_CHG  socenhance.o
    0x08008d64   0x08008d64   0x00000128   Code   RO         3163    i.SOC_Cont_AH_Int_DSG  socenhance.o
    0x08008e8c   0x08008e8c   0x0000009c   Code   RO         3165    i.SOC_DealEEPROM_Data  socenhance.o
    0x08008f28   0x08008f28   0x000000a8   Code   RO         3166    i.SOC_EEPROM_Deal_Monitor  socenhance.o
    0x08008fd0   0x08008fd0   0x00000048   Code   RO         3167    i.SOC_IntEnhance_Ctrl  socenhance.o
    0x08009018   0x08009018   0x0000005c   Code   RO         3168    i.SOC_RefreshData_Monitor  socenhance.o
    0x08009074   0x08009074   0x000000ac   Code   RO         3169    i.SOC_Result_Pass   socenhance.o
    0x08009120   0x08009120   0x000000c8   Code   RO         3170    i.SOC_State_Transfer  socenhance.o
    0x080091e8   0x080091e8   0x00000098   Code   RO         3171    i.SOC_Update_StartUp  socenhance.o
    0x08009280   0x08009280   0x00000002   Code   RO           18    i.SVC_Handler       stm32f0xx_it.o
    0x08009282   0x08009282   0x00000002   PAD
    0x08009284   0x08009284   0x00000040   Code   RO         5878    i.SYSCFG_EXTILineConfig  stm32f0xx_syscfg.o
    0x080092c4   0x080092c4   0x0000001c   Code   RO         5883    i.SYSCFG_MemoryRemapConfig  stm32f0xx_syscfg.o
    0x080092e0   0x080092e0   0x0000012c   Code   RO         1561    i.Sci_ACK_0x03      sci_upper.o
    0x0800940c   0x0800940c   0x00000002   Code   RO         2301    i.Sci_ACK_0x03_RW_AFE_Parameters  sh367309_datadeal.o
    0x0800940e   0x0800940e   0x00000002   PAD
    0x08009410   0x08009410   0x00000050   Code   RO         1562    i.Sci_ACK_0x03_RW_Data_Cali  sci_upper.o
    0x08009460   0x08009460   0x000000e4   Code   RO         1563    i.Sci_ACK_0x03_RW_Data_Other  sci_upper.o
    0x08009544   0x08009544   0x00000058   Code   RO         1564    i.Sci_ACK_0x03_RW_Data_OtherCanAdd  sci_upper.o
    0x0800959c   0x0800959c   0x00000030   Code   RO         1565    i.Sci_ACK_0x03_RW_Data_Pro  sci_upper.o
    0x080095cc   0x080095cc   0x00000378   Code   RO         1566    i.Sci_ACK_0x03_ReadRegs_Data  sci_upper.o
    0x08009944   0x08009944   0x00000050   Code   RO         1223    i.Sci_ACK_0x03_ReadRegs_EventRecord  logrecord.o
    0x08009994   0x08009994   0x00000060   Code   RO         1567    i.Sci_ACK_0x03_ReadRegs_LCD  sci_upper.o
    0x080099f4   0x080099f4   0x0000005e   Code   RO         1568    i.Sci_ACK_0x06_0x10  sci_upper.o
    0x08009a52   0x08009a52   0x00000020   Code   RO         1569    i.Sci_AppendBytes   sci_upper.o
    0x08009a72   0x08009a72   0x00000002   PAD
    0x08009a74   0x08009a74   0x0000003c   Code   RO         1410    i.Sci_CRC16RTU      pubfunc.o
    0x08009ab0   0x08009ab0   0x0000002c   Code   RO         1571    i.Sci_DataInit      sci_upper.o
    0x08009adc   0x08009adc   0x000000a8   Code   RO         1572    i.Sci_Deal_ReadRegs_0x03  sci_upper.o
    0x08009b84   0x08009b84   0x000000bc   Code   RO         1573    i.Sci_Deal_WrReg_0x06  sci_upper.o
    0x08009c40   0x08009c40   0x0000024c   Code   RO         1574    i.Sci_Deal_WrRegs_0x10  sci_upper.o
    0x08009e8c   0x08009e8c   0x00000078   Code   RO         1577    i.Sci_ModbusService_Execute  sci_upper.o
    0x08009f04   0x08009f04   0x00000058   Code   RO         1578    i.Sci_WrReg_0x06_BMS_FunctionOFF  sci_upper.o
    0x08009f5c   0x08009f5c   0x00000174   Code   RO         1579    i.Sci_WrReg_0x06_BMS_FunctionON  sci_upper.o
    0x0800a0d0   0x0800a0d0   0x00000002   Code   RO         2302    i.Sci_WrReg_0x06_Reset_AFE_Parameters  sh367309_datadeal.o
    0x0800a0d2   0x0800a0d2   0x00000002   PAD
    0x0800a0d4   0x0800a0d4   0x000001c0   Code   RO         1580    i.Sci_WrReg_0x06_Reset_CalibCoef  sci_upper.o
    0x0800a294   0x0800a294   0x00000050   Code   RO         1224    i.Sci_WrReg_0x06_Reset_EventRecord  logrecord.o
    0x0800a2e4   0x0800a2e4   0x0000005c   Code   RO         1581    i.Sci_WrReg_0x06_Reset_HeatCool  sci_upper.o
    0x0800a340   0x0800a340   0x00000098   Code   RO         1582    i.Sci_WrReg_0x06_Reset_OtherCanAdd  sci_upper.o
    0x0800a3d8   0x0800a3d8   0x00000078   Code   RO         1583    i.Sci_WrReg_0x06_Reset_ProtectElement  sci_upper.o
    0x0800a450   0x0800a450   0x00000074   Code   RO         1584    i.Sci_WrReg_0x06_Reset_ProtectRecord  sci_upper.o
    0x0800a4c4   0x0800a4c4   0x00000028   Code   RO         1585    i.Sci_WrReg_0x06_SetSocOnce  sci_upper.o
    0x0800a4ec   0x0800a4ec   0x0000000a   Code   RO         1586    i.Sci_WrReg_0x06_SwitchOFF  sci_upper.o
    0x0800a4f6   0x0800a4f6   0x0000000a   Code   RO         1587    i.Sci_WrReg_0x06_SwitchON  sci_upper.o
    0x0800a500   0x0800a500   0x000000d8   Code   RO         1588    i.Sci_WrRegs_0x10_Balance  sci_upper.o
    0x0800a5d8   0x0800a5d8   0x000000b8   Code   RO         1589    i.Sci_WrRegs_0x10_CalibCoef  sci_upper.o
    0x0800a690   0x0800a690   0x0000000a   Code   RO         1590    i.Sci_WrRegs_0x10_CopperLoss  sci_upper.o
    0x0800a69a   0x0800a69a   0x00000002   PAD
    0x0800a69c   0x0800a69c   0x0000003c   Code   RO         1591    i.Sci_WrRegs_0x10_FlashConnect  sci_upper.o
    0x0800a6d8   0x0800a6d8   0x0000005c   Code   RO         1592    i.Sci_WrRegs_0x10_HeatCoolElement  sci_upper.o
    0x0800a734   0x0800a734   0x000000ac   Code   RO         1593    i.Sci_WrRegs_0x10_Protect  sci_upper.o
    0x0800a7e0   0x0800a7e0   0x0000000a   Code   RO         1594    i.Sci_WrRegs_0x10_RTC  sci_upper.o
    0x0800a7ea   0x0800a7ea   0x00000002   PAD
    0x0800a7ec   0x0800a7ec   0x000000d4   Code   RO         1595    i.Sci_WrRegs_0x10_SN_Version  sci_upper.o
    0x0800a8c0   0x0800a8c0   0x000000bc   Code   RO         1596    i.Sci_WrRegs_0x10_SleepElement  sci_upper.o
    0x0800a97c   0x0800a97c   0x00000094   Code   RO         1597    i.Sci_WrRegs_0x10_SocElement  sci_upper.o
    0x0800aa10   0x0800aa10   0x0000000a   Code   RO         1598    i.Sci_WrRegs_0x10_SocTable  sci_upper.o
    0x0800aa1a   0x0800aa1a   0x00000002   PAD
    0x0800aa1c   0x0800aa1c   0x00000090   Code   RO         1599    i.Sci_WrRegs_0x10_SysOther  sci_upper.o
    0x0800aaac   0x0800aaac   0x000000d0   Code   RO         1600    i.Sci_WrRegs_0x10_SystemElement  sci_upper.o
    0x0800ab7c   0x0800ab7c   0x0000008c   Code   RO          322    i.SetSysClock       system_stm32f0xx.o
    0x0800ac08   0x0800ac08   0x00000154   Code   RO         2510    i.SleepDeal_Continue  sleepdeal.o
    0x0800ad5c   0x0800ad5c   0x00000198   Code   RO         2513    i.SleepDeal_Normal_L2  sleepdeal.o
    0x0800aef4   0x0800aef4   0x00000154   Code   RO         2514    i.SleepDeal_Normal_L3  sleepdeal.o
    0x0800b048   0x0800b048   0x0000009c   Code   RO         2515    i.SleepDeal_Normal_Select  sleepdeal.o
    0x0800b0e4   0x0800b0e4   0x00000024   Code   RO         4978    i.SysTick_CLKSourceConfig  stm32f0xx_misc.o
    0x0800b108   0x0800b108   0x00000008   Code   RO         7147    i.SysTick_Handler   bsp_timer.o
    0x0800b110   0x0800b110   0x000000a4   Code   RO         7148    i.SysTick_ISR       bsp_timer.o
    0x0800b1b4   0x0800b1b4   0x0000000c   Code   RO         2524    i.Sys_StopMode      sleepdeal.o
    0x0800b1c0   0x0800b1c0   0x0000007c   Code   RO          324    i.SystemInit        system_stm32f0xx.o
    0x0800b23c   0x0800b23c   0x00000098   Code   RO         2830    i.SystemMonitorResetData_EEPROM  system_monitor.o
    0x0800b2d4   0x0800b2d4   0x00000328   Code   RO         2831    i.System_ERROR_UserCallback  system_monitor.o
    0x0800b5fc   0x0800b5fc   0x0000001c   Code   RO         5964    i.TIM_Cmd           stm32f0xx_tim.o
    0x0800b618   0x0800b618   0x00000014   Code   RO         6023    i.TIM_SelectOutputTrigger  stm32f0xx_tim.o
    0x0800b62c   0x0800b62c   0x0000007c   Code   RO         6037    i.TIM_TimeBaseInit  stm32f0xx_tim.o
    0x0800b6a8   0x0800b6a8   0x0000008c   Code   RO         1083    i.TwiChkClkRelease  i2c_afe1.o
    0x0800b734   0x0800b734   0x000000ec   Code   RO         1084    i.TwiGetData        i2c_afe1.o
    0x0800b820   0x0800b820   0x0000004c   Code   RO         1085    i.TwiReStart        i2c_afe1.o
    0x0800b86c   0x0800b86c   0x000000d0   Code   RO         1086    i.TwiRead           i2c_afe1.o
    0x0800b93c   0x0800b93c   0x0000017c   Code   RO         1088    i.TwiSendData       i2c_afe1.o
    0x0800bab8   0x0800bab8   0x0000007c   Code   RO         1089    i.TwiStart          i2c_afe1.o
    0x0800bb34   0x0800bb34   0x000000ac   Code   RO         1090    i.TwiStop           i2c_afe1.o
    0x0800bbe0   0x0800bbe0   0x0000008e   Code   RO         1091    i.TwiWrite          i2c_afe1.o
    0x0800bc6e   0x0800bc6e   0x00000012   Code   RO         1411    i.U16_SwapEndian    pubfunc.o
    0x0800bc80   0x0800bc80   0x00000010   Code   RO           19    i.USART1_IRQHandler  stm32f0xx_it.o
    0x0800bc90   0x0800bc90   0x00000010   Code   RO           20    i.USART2_IRQHandler  stm32f0xx_it.o
    0x0800bca0   0x0800bca0   0x00000004   Code   RO         6519    i.USART_ClearFlag   stm32f0xx_usart.o
    0x0800bca4   0x0800bca4   0x00000018   Code   RO         6523    i.USART_Cmd         stm32f0xx_usart.o
    0x0800bcbc   0x0800bcbc   0x0000004e   Code   RO         6532    i.USART_GetITStatus  stm32f0xx_usart.o
    0x0800bd0a   0x0800bd0a   0x00000042   Code   RO         6534    i.USART_ITConfig    stm32f0xx_usart.o
    0x0800bd4c   0x0800bd4c   0x000000f8   Code   RO         6535    i.USART_Init        stm32f0xx_usart.o
    0x0800be44   0x0800be44   0x0000014c   Code   RO         1093    i.UpdateVoltageFromBqMaximo  i2c_afe1.o
    0x0800bf90   0x0800bf90   0x00000028   Code   RO          780    i.WriteCurrentOffset_E2prom  eeprom.o
    0x0800bfb8   0x0800bfb8   0x00000094   Code   RO          781    i.WriteEEPROM_Byte  eeprom.o
    0x0800c04c   0x0800c04c   0x00000264   Code   RO          782    i.WriteEEPROM_ByteData_Circle  eeprom.o
    0x0800c2b0   0x0800c2b0   0x0000006c   Code   RO          783    i.WriteEEPROM_Word_NoZone  eeprom.o
    0x0800c31c   0x0800c31c   0x000000c8   Code   RO         1359    i.WriteProID        productionid.o
    0x0800c3e4   0x0800c3e4   0x00000080   Code   RO         1360    i.WriteProID_Default  productionid.o
    0x0800c464   0x0800c464   0x0000004c   Code   RO         2304    i.Write_Parameters  sh367309_datadeal.o
    0x0800c4b0   0x0800c4b0   0x0000001c   Code   RO         1826    i.__ARM_common_switch8  sci_upper.o
    0x0800c4cc   0x0800c4cc   0x0000000c   Code   RO         2781    i.__delay_ms        system_init.o
    0x0800c4d8   0x0800c4d8   0x0000000c   Code   RO         2782    i.__delay_us        system_init.o
    0x0800c4e4   0x0800c4e4   0x0000000e   Code   RO         7618    i.__scatterload_copy  mc_p.l(handlers.o)
    0x0800c4f2   0x0800c4f2   0x00000002   Code   RO         7619    i.__scatterload_null  mc_p.l(handlers.o)
    0x0800c4f4   0x0800c4f4   0x0000000e   Code   RO         7620    i.__scatterload_zeroinit  mc_p.l(handlers.o)
    0x0800c502   0x0800c502   0x00000006   Code   RO         7149    i.__set_PRIMASK     bsp_timer.o
    0x0800c508   0x0800c508   0x00000030   Code   RO         7150    i.bsp_CheckRunTime  bsp_timer.o
    0x0800c538   0x0800c538   0x00000044   Code   RO         7152    i.bsp_DelayMS       bsp_timer.o
    0x0800c57c   0x0800c57c   0x00000048   Code   RO         7153    i.bsp_DelayUS       bsp_timer.o
    0x0800c5c4   0x0800c5c4   0x0000001c   Code   RO         7154    i.bsp_GetRunTime    bsp_timer.o
    0x0800c5e0   0x0800c5e0   0x00000008   Code   RO         7064    i.bsp_Idle          bsp.o
    0x0800c5e8   0x0800c5e8   0x00000008   Code   RO         7065    i.bsp_Init          bsp.o
    0x0800c5f0   0x0800c5f0   0x00000084   Code   RO         7155    i.bsp_InitTimer     bsp_timer.o
    0x0800c674   0x0800c674   0x00000002   Code   RO         7066    i.bsp_RunPer10ms    bsp.o
    0x0800c676   0x0800c676   0x00000008   Code   RO         7067    i.bsp_RunPer1ms     bsp.o
    0x0800c67e   0x0800c67e   0x00000002   Code   RO         7068    i.bsp_RunPer200ms   bsp.o
    0x0800c680   0x0800c680   0x00000020   Code   RO         7156    i.bsp_SoftTimerDec  bsp_timer.o
    0x0800c6a0   0x0800c6a0   0x00000048   Code   RO         2526    i.entersleep        sleepdeal.o
    0x0800c6e8   0x0800c6e8   0x00000048   Code   RO         1095    i.initAFE1_IIC      i2c_afe1.o
    0x0800c730   0x0800c730   0x00000014   Code   RO         3172    i.isCHG             socenhance.o
    0x0800c744   0x0800c744   0x00000098   Code   RO         2875    i.isforceClose      io_control.o
    0x0800c7dc   0x0800c7dc   0x00000024   Code   RO         1291    i.main              main.o
    0x0800c800   0x0800c800   0x00000080   Code   RO         3174    i.soc_cali          socenhance.o
    0x0800c880   0x0800c880   0x00000050   Code   RO         3175    i.soc_factory_param_init_first  socenhance.o
    0x0800c8d0   0x0800c8d0   0x00000054   Code   RO         3176    i.soc_param_lib_init  socenhance.o
    0x0800c924   0x0800c924   0x00000070   Data   RO          372    .constdata          adc.o
    0x0800c994   0x0800c994   0x00000494   Data   RO          784    .constdata          eeprom.o
    0x0800ce28   0x0800ce28   0x000002dc   Data   RO          916    .constdata          fault.o
    0x0800d104   0x0800d104   0x00000170   Data   RO         1097    .constdata          i2c_afe1.o
    0x0800d274   0x0800d274   0x00000100   Data   RO         1292    .constdata          main.o
    0x0800d374   0x0800d374   0x000000f4   Data   RO         1602    .constdata          sci_upper.o
    0x0800d468   0x0800d468   0x000000c0   Data   RO         2306    .constdata          sh367309_datadeal.o
    0x0800d528   0x0800d528   0x000000fc   Data   RO         3178    .constdata          socenhance.o
    0x0800d624   0x0800d624   0x00000020   Data   RO         7616    Region$$Table       anon$$obj.o


    Execution Region RW_IRAM1 (Exec base: 0x200000c0, Load base: 0x0800d644, Size: 0x000019f0, Max: 0x00001f40, ABSOLUTE, COMPRESSED[0x000001dc])

    Exec Addr    Load Addr    Size         Type   Attr      Idx    E Section Name        Object

    0x200000c0   COMPRESSED   0x00000014   Data   RW          325    .data               system_stm32f0xx.o
    0x200000d4   COMPRESSED   0x0000000d   Data   RW          373    .data               adc.o
    0x200000e1   COMPRESSED   0x00000001   PAD
    0x200000e2   COMPRESSED   0x00000006   Data   RW          610    .data               chargerloadfunc.o
    0x200000e8   COMPRESSED   0x0000001e   Data   RW          687    .data               datadeal.o
    0x20000106   COMPRESSED   0x00000002   PAD
    0x20000108   COMPRESSED   0x00000034   Data   RW          785    .data               eeprom.o
    0x2000013c   COMPRESSED   0x00000007   Data   RW          917    .data               fault.o
    0x20000143   COMPRESSED   0x00000001   PAD
    0x20000144   COMPRESSED   0x00000009   Data   RW         1226    .data               logrecord.o
    0x2000014d   COMPRESSED   0x00000001   Data   RW         1293    .data               main.o
    0x2000014e   COMPRESSED   0x00000001   Data   RW         1362    .data               productionid.o
    0x2000014f   COMPRESSED   0x00000003   Data   RW         1414    .data               pubfunc.o
    0x20000152   COMPRESSED   0x00000008   Data   RW         1498    .data               rtc.o
    0x2000015a   COMPRESSED   0x00000008   Data   RW         1603    .data               sci_upper.o
    0x20000162   COMPRESSED   0x00000002   PAD
    0x20000164   COMPRESSED   0x000000c8   Data   RW         2307    .data               sh367309_datadeal.o
    0x2000022c   COMPRESSED   0x00000153   Data   RW         2390    .data               sh367309_func.o
    0x2000037f   COMPRESSED   0x00000001   PAD
    0x20000380   COMPRESSED   0x0000005b   Data   RW         2527    .data               sleepdeal.o
    0x200003db   COMPRESSED   0x00000001   PAD
    0x200003dc   COMPRESSED   0x0000000c   Data   RW         2783    .data               system_init.o
    0x200003e8   COMPRESSED   0x00000010   Data   RW         2833    .data               system_monitor.o
    0x200003f8   COMPRESSED   0x0000000c   Data   RW         2876    .data               io_control.o
    0x20000404   COMPRESSED   0x00000108   Data   RW         2966    .data               iodrivers.o
    0x2000050c   COMPRESSED   0x00000025   Data   RW         3179    .data               socenhance.o
    0x20000531   COMPRESSED   0x00000010   Data   RW         5123    .data               stm32f0xx_rcc.o
    0x20000541   COMPRESSED   0x00000003   PAD
    0x20000544   COMPRESSED   0x00000024   Data   RW         7162    .data               bsp_timer.o
    0x20000568   COMPRESSED   0x00000001   Data   RW         7258    .data               time_triggered.o
    0x20000569   COMPRESSED   0x00000003   PAD
    0x2000056c        -       0x00000018   Zero   RW          371    .bss                adc.o
    0x20000584        -       0x0000013c   Zero   RW          686    .bss                datadeal.o
    0x200006c0        -       0x000000d0   Zero   RW          915    .bss                fault.o
    0x20000790        -       0x00000030   Zero   RW         1040    .bss                heat_cool.o
    0x200007c0        -       0x0000005c   Zero   RW         1096    .bss                i2c_afe1.o
    0x2000081c        -       0x00000051   Zero   RW         1225    .bss                logrecord.o
    0x2000086d   COMPRESSED   0x00000001   PAD
    0x2000086e        -       0x00000070   Zero   RW         1361    .bss                productionid.o
    0x200008de   COMPRESSED   0x00000002   PAD
    0x200008e0        -       0x00000034   Zero   RW         1497    .bss                rtc.o
    0x20000914        -       0x000000fe   Zero   RW         1601    .bss                sci_upper.o
    0x20000a12   COMPRESSED   0x00000002   PAD
    0x20000a14        -       0x0000055e   Zero   RW         1867    .bss                comm.o
    0x20000f72        -       0x0000001a   Zero   RW         2305    .bss                sh367309_datadeal.o
    0x20000f8c        -       0x0000000c   Zero   RW         2389    .bss                sh367309_func.o
    0x20000f98        -       0x00000054   Zero   RW         2737    .bss                soc.o
    0x20000fec        -       0x00000018   Zero   RW         2832    .bss                system_monitor.o
    0x20001004        -       0x00000050   Zero   RW         2965    .bss                iodrivers.o
    0x20001054        -       0x000000f4   Zero   RW         3177    .bss                socenhance.o
    0x20001148        -       0x00000070   Zero   RW         7036    .bss                conf.o
    0x200011b8        -       0x00000078   Zero   RW         7160    .bss                bsp_timer.o
    0x20001230        -       0x00000080   Zero   RW         7257    .bss                time_triggered.o
    0x200012b0        -       0x00000800   Zero   RW            1    STACK               startup_stm32f0xx.o



  Load Region LR$$.ARM.__AT_0x20000000 (Base: 0x20000000, Size: 0x00000000, Max: 0x000000c0, ABSOLUTE)

    Execution Region ER$$.ARM.__AT_0x20000000 (Exec base: 0x20000000, Load base: 0x20000000, Size: 0x000000c0, Max: 0x000000c0, ABSOLUTE, UNINIT)

    Exec Addr    Load Addr    Size         Type   Attr      Idx    E Section Name        Object

    0x20000000        -       0x000000c0   Zero   RW          963    .ARM.__AT_0x20000000  flash.o


==============================================================================

Image component sizes


      Code (inc. data)   RO Data    RW Data    ZI Data      Debug   Object Name

       560         70        112         13         24     199694   adc.o
      2348         14          0          0          0      12257   ascii_slave.o
      1388         50          0          0          0       8668   bms_comm_data_adapter.o
        28          0          0          0          0       2413   bsp.o
       678         88          0         36        120      11582   bsp_timer.o
       474         38          0          6          0       3974   chargerloadfunc.o
      1880        108          0          0       1374      23507   comm.o
         0          0          0          0        112       1927   conf.o
      1844        220          0         30        316      10113   datadeal.o
      3442        368       1172         52          0      14661   eeprom.o
       518         46        732          7        208       9107   fault.o
       298         54          0          0        192       9922   flash.o
         0          0          0          0         48       2110   heat_cool.o
      2324         74        368          0         92      12809   i2c_afe1.o
      1034         80          0         12          0       6068   io_control.o
      1372         96          0        264         80      24676   iodrivers.o
      1172        100          0          9         81       6287   logrecord.o
       400         58        256          1          0       5207   main.o
       214          0          0          0          0       1506   modbus_rtu_parser.o
       150          0          0          0          0       1276   modbus_service.o
       524         60          0          1        112       3065   productionid.o
       794         20          0          3          0       4738   pubfunc.o
       596         38          0          8         52       4455   rtc.o
      6152        574        244          8        254      37669   sci_upper.o
       860         58        192        200         26       8816   sh367309_datadeal.o
      1376         84          0        339         12       9955   sh367309_func.o
       220         20          0          0          0        475   shortfunc.o
      2218        196          0         91          0      15274   sleepdeal.o
       340         54          0          0         84       2243   soc.o
      2938        252        252         37        244      13359   socenhance.o
        28          8        192          0       2048        628   startup_stm32f0xx.o
       326          8          0          0          0       6735   stm32f0xx_adc.o
       474         24          0          0          0       3899   stm32f0xx_dma.o
       176         16          0          0          0       2060   stm32f0xx_exti.o
       312         40          0          0          0       3871   stm32f0xx_flash.o
       232          0          0          0          0       3391   stm32f0xx_gpio.o
       254         18          0          0          0     102212   stm32f0xx_it.o
        68         34          0          0          0       2430   stm32f0xx_iwdg.o
       148         10          0          0          0       1446   stm32f0xx_misc.o
       140         14          0          0          0       1178   stm32f0xx_pwr.o
       916         68          0         16          0       6827   stm32f0xx_rcc.o
      1322         66          0          0          0       9122   stm32f0xx_rtc.o
        92          8          0          0          0       1199   stm32f0xx_syscfg.o
       172         42          0          0          0       2267   stm32f0xx_tim.o
       420         22          0          0          0       4192   stm32f0xx_usart.o
       468         32          0         12          0       5118   system_init.o
      1448        104          0         16         24       7344   system_monitor.o
       264         30          0         20          0       1601   system_stm32f0xx.o
       348         30          0          1        128       3457   time_triggered.o

    ----------------------------------------------------------------------
     43800       3394       3552       1196       5636     636790   Object Totals
         0          0         32          0          0          0   (incl. Generated)
        50          0          0         14          5          0   (incl. Padding)

    ----------------------------------------------------------------------

      Code (inc. data)   RO Data    RW Data    ZI Data      Debug   Library Member Name

        86          0          0          0          0          0   __dczerorl2.o
         0          0          0          0          0          0   entry.o
         0          0          0          0          0          0   entry10a.o
         0          0          0          0          0          0   entry11a.o
         4          0          0          0          0          0   entry12b.o
         8          4          0          0          0          0   entry2.o
         4          0          0          0          0          0   entry5.o
         0          0          0          0          0          0   entry7b.o
         0          0          0          0          0          0   entry8b.o
         8          4          0          0          0          0   entry9a.o
        30          0          0          0          0          0   handlers.o
        40          0          0          0          0         72   idiv.o
        36          8          0          0          0         68   init.o
        36          0          0          0          0         60   memcpya.o
        36          0          0          0          0        100   memseta.o
        44          0          0          0          0         72   uidiv.o

    ----------------------------------------------------------------------
       332         16          0          0          0        372   Library Totals
         0          0          0          0          0          0   (incl. Padding)

    ----------------------------------------------------------------------

      Code (inc. data)   RO Data    RW Data    ZI Data      Debug   Library Name

       332         16          0          0          0        372   mc_p.l

    ----------------------------------------------------------------------
       332         16          0          0          0        372   Library Totals

    ----------------------------------------------------------------------

==============================================================================


      Code (inc. data)   RO Data    RW Data    ZI Data      Debug   

     44132       3410       3552       1196       5636     620710   Grand Totals
     44132       3410       3552        476       5636     620710   ELF Image Totals (compressed)
     44132       3410       3552        476          0          0   ROM Totals

==============================================================================

    Total RO  Size (Code + RO Data)                47684 (  46.57kB)
    Total RW  Size (RW Data + ZI Data)              6832 (   6.67kB)
    Total ROM Size (Code + RO Data + RW Data)      48160 (  47.03kB)

==============================================================================

